Archive member included to satisfy reference by file (symbol)

protocol/libprotocol.a(protocol-task.c.obj)
                              CMakeFiles/04-bme.dir/main.c.obj (protocol_task_init)
bme280-driver/libbme280-driver.a(bme280-driver.c.obj)
                              CMakeFiles/04-bme.dir/main.c.obj (bme280_init)
c:/program files (x86)/gnu arm embedded toolchain/10 2021.10/bin/../lib/gcc/arm-none-eabi/10.3.1/thumb/v6-m/nofp\libgcc.a(_dvmd_tls.o)
                              CMakeFiles/04-bme.dir/C_/Repositories/pico/pico-sdk/src/rp2_common/pico_divider/divider_hardware.S.obj (__aeabi_idiv0)
c:/program files (x86)/gnu arm embedded toolchain/10 2021.10/bin/../lib/gcc/arm-none-eabi/10.3.1/../../../../arm-none-eabi/lib/thumb/v6-m/nofp\libg.a(lib_a-calloc.o)
                              CMakeFiles/04-bme.dir/C_/Repositories/pico/pico-sdk/src/rp2_common/pico_malloc/malloc.c.obj (calloc)
c:/program files (x86)/gnu arm embedded toolchain/10 2021.10/bin/../lib/gcc/arm-none-eabi/10.3.1/../../../../arm-none-eabi/lib/thumb/v6-m/nofp\libg.a(lib_a-callocr.o)
                              c:/program files (x86)/gnu arm embedded toolchain/10 2021.10/bin/../lib/gcc/arm-none-eabi/10.3.1/../../../../arm-none-eabi/lib/thumb/v6-m/nofp\libg.a(lib_a-calloc.o) (_calloc_r)
c:/program files (x86)/gnu arm embedded toolchain/10 2021.10/bin/../lib/gcc/arm-none-eabi/10.3.1/../../../../arm-none-eabi/lib/thumb/v6-m/nofp\libg.a(lib_a-errno.o)
                              c:/program files (x86)/gnu arm embedded toolchain/10 2021.10/bin/../lib/gcc/arm-none-eabi/10.3.1/../../../../arm-none-eabi/lib/thumb/v6-m/nofp\libg.a(lib_a-callocr.o) (__errno)
c:/program files (x86)/gnu arm embedded toolchain/10 2021.10/bin/../lib/gcc/arm-none-eabi/10.3.1/../../../../arm-none-eabi/lib/thumb/v6-m/nofp\libg.a(lib_a-impure.o)
                              c:/program files (x86)/gnu arm embedded toolchain/10 2021.10/bin/../lib/gcc/arm-none-eabi/10.3.1/../../../../arm-none-eabi/lib/thumb/v6-m/nofp\libg.a(lib_a-calloc.o) (_impure_ptr)
c:/program files (x86)/gnu arm embedded toolchain/10 2021.10/bin/../lib/gcc/arm-none-eabi/10.3.1/../../../../arm-none-eabi/lib/thumb/v6-m/nofp\libg.a(lib_a-init.o)
                              c:/program files (x86)/gnu arm embedded toolchain/10 2021.10/bin/../lib/gcc/arm-none-eabi/10.3.1/../../../../arm-none-eabi/lib/thumb/v6-m/nofp/crt0.o (__libc_init_array)
c:/program files (x86)/gnu arm embedded toolchain/10 2021.10/bin/../lib/gcc/arm-none-eabi/10.3.1/../../../../arm-none-eabi/lib/thumb/v6-m/nofp\libg.a(lib_a-lcltime_r.o)
                              CMakeFiles/04-bme.dir/C_/Repositories/pico/pico-sdk/src/common/pico_util/datetime.c.obj (localtime_r)
c:/program files (x86)/gnu arm embedded toolchain/10 2021.10/bin/../lib/gcc/arm-none-eabi/10.3.1/../../../../arm-none-eabi/lib/thumb/v6-m/nofp\libg.a(lib_a-malloc.o)
                              CMakeFiles/04-bme.dir/C_/Repositories/pico/pico-sdk/src/rp2_common/pico_malloc/malloc.c.obj (malloc)
c:/program files (x86)/gnu arm embedded toolchain/10 2021.10/bin/../lib/gcc/arm-none-eabi/10.3.1/../../../../arm-none-eabi/lib/thumb/v6-m/nofp\libg.a(lib_a-mallocr.o)
                              c:/program files (x86)/gnu arm embedded toolchain/10 2021.10/bin/../lib/gcc/arm-none-eabi/10.3.1/../../../../arm-none-eabi/lib/thumb/v6-m/nofp\libg.a(lib_a-callocr.o) (_malloc_r)
c:/program files (x86)/gnu arm embedded toolchain/10 2021.10/bin/../lib/gcc/arm-none-eabi/10.3.1/../../../../arm-none-eabi/lib/thumb/v6-m/nofp\libg.a(lib_a-memcmp.o)
                              CMakeFiles/04-bme.dir/C_/Repositories/pico/pico-sdk/src/rp2_common/pico_atomic/atomic.c.obj (memcmp)
c:/program files (x86)/gnu arm embedded toolchain/10 2021.10/bin/../lib/gcc/arm-none-eabi/10.3.1/../../../../arm-none-eabi/lib/thumb/v6-m/nofp\libg.a(lib_a-mktime.o)
                              CMakeFiles/04-bme.dir/C_/Repositories/pico/pico-sdk/src/common/pico_util/datetime.c.obj (mktime)
c:/program files (x86)/gnu arm embedded toolchain/10 2021.10/bin/../lib/gcc/arm-none-eabi/10.3.1/../../../../arm-none-eabi/lib/thumb/v6-m/nofp\libg.a(lib_a-mlock.o)
                              c:/program files (x86)/gnu arm embedded toolchain/10 2021.10/bin/../lib/gcc/arm-none-eabi/10.3.1/../../../../arm-none-eabi/lib/thumb/v6-m/nofp\libg.a(lib_a-mallocr.o) (__malloc_lock)
c:/program files (x86)/gnu arm embedded toolchain/10 2021.10/bin/../lib/gcc/arm-none-eabi/10.3.1/../../../../arm-none-eabi/lib/thumb/v6-m/nofp\libg.a(lib_a-month_lengths.o)
                              c:/program files (x86)/gnu arm embedded toolchain/10 2021.10/bin/../lib/gcc/arm-none-eabi/10.3.1/../../../../arm-none-eabi/lib/thumb/v6-m/nofp\libg.a(lib_a-lcltime_r.o) (__month_lengths)
c:/program files (x86)/gnu arm embedded toolchain/10 2021.10/bin/../lib/gcc/arm-none-eabi/10.3.1/../../../../arm-none-eabi/lib/thumb/v6-m/nofp\libg.a(lib_a-realloc.o)
[...]
Memory Configuration

Name             Origin             Length             Attributes
FLASH            0x10000000         0x00200000         xr
RAM              0x20000000         0x00040000         xrw
SCRATCH_X        0x20040000         0x00001000         xrw
SCRATCH_Y        0x20041000         0x00001000         xrw
*default*        0x00000000         0xffffffff

Linker script and memory map

LOAD c:/program files (x86)/gnu arm embedded toolchain/10 2021.10/bin/../lib/gcc/arm-none-eabi/10.3.1/thumb/v6-m/nofp/crti.o
LOAD c:/program files (x86)/gnu arm embedded toolchain/10 2021.10/bin/../lib/gcc/arm-none-eabi/10.3.1/thumb/v6-m/nofp/crtbegin.o
LOAD c:/program files (x86)/gnu arm embedded toolchain/10 2021.10/bin/../lib/gcc/arm-none-eabi/10.3.1/../../../../arm-none-eabi/lib/thumb/v6-m/nofp/crt0.o

.flash_begin    0x10000000        0x0
                0x10000000                __flash_binary_start = .

.boot2          0x10000000      0x100
                0x10000000                __boot2_start__ = .
 *(.boot2)
 .boot2         0x10000000      0x100 pico-sdk/src/rp2040/boot_stage2/CMakeFiles/bs2_default_library.dir/bs2_default_padded_checksummed.S.obj
                0x10000100                __boot2_end__ = .
                0x00000001                ASSERT (((__boot2_end__ - __boot2_start__) == 0x100), ERROR: Pico second stage bootloader must be 256 bytes in size)

.text           0x10000100     0xd0fc
                0x10000100                __logical_binary_start = .
 *(.vectors)
 .vectors       0x10000100       0xd4 CMakeFiles/04-bme.dir/C_/Repositories/pico/pico-sdk/src/rp2_common/pico_crt0/crt0.S.obj
                0x10000100                __VECTOR_TABLE
                0x10000100                __vectors
                0x100001c0                isr_irq13
                0x100001c0                isr_irq27
                0x100001c0                isr_irq31
                0x100001c0                isr_irq12
                0x100001c0                isr_irq5
                0x100001c0                isr_irq11
                0x100001c0                isr_irq3
                0x100001c0                isr_irq23
                0x100001c0                __unhandled_user_irq
                0x100001c0                isr_irq26
                0x100001c0                isr_irq28
                0x100001c0                isr_irq19
                0x100001c0                isr_irq0
                0x100001c0                isr_irq6
                0x100001c0                isr_irq29
                0x100001c0                isr_irq16
                0x100001c0                isr_irq22
                0x100001c0                isr_irq18
                0x100001c0                isr_irq17
                0x100001c0                isr_irq14
                0x100001c0                __vectors_end
                0x100001c0                __default_isrs_start
                0x100001c0                isr_irq2
                0x100001c0                isr_irq10
                0x100001c0                isr_irq8
                0x100001c0                isr_irq24
                0x100001c0                isr_irq1
                0x100001c0                isr_irq7
                0x100001c0                isr_irq21
                0x100001c0                isr_irq20
                0x100001c0                isr_irq15
                0x100001c0                isr_irq25
                0x100001c0                isr_irq4
                0x100001c0                isr_irq30
                0x100001c0                isr_irq9
                0x100001c6                unhandled_user_irq_num_in_r0
                0x100001c8                isr_invalid
                0x100001ca                isr_nmi
                0x100001cc                isr_hardfault
                0x100001ce                isr_svcall
                0x100001d0                isr_pendsv
                0x100001d2                isr_systick
                0x100001d4                __default_isrs_end
 *(.binary_info_header)
 .binary_info_header
                0x100001d4       0x14 CMakeFiles/04-bme.dir/C_/Repositories/pico/pico-sdk/src/rp2_common/pico_crt0/crt0.S.obj
                0x100001e8                __binary_info_header_end = .
 *(.embedded_block)
                0x100001e8                __embedded_block_end = .
 *(.reset)
 .reset         0x100001e8       0x9c CMakeFiles/04-bme.dir/C_/Repositories/pico/pico-sdk/src/rp2_common/pico_crt0/crt0.S.obj
                0x100001e8                _entry_point
 *(.init)
 .init          0x10000284        0x4 c:/program files (x86)/gnu arm embedded toolchain/10 2021.10/bin/../lib/gcc/arm-none-eabi/10.3.1/thumb/v6-m/nofp/crti.o
                0x10000284                _init
 *(EXCLUDE_FILE(*libm.a: *libc.a:*lib_a-mem*.o *libgcc.a:) .text*)
 .text          0x10000288       0x48 c:/program files (x86)/gnu arm embedded toolchain/10 2021.10/bin/../lib/gcc/arm-none-eabi/10.3.1/thumb/v6-m/nofp/crtbegin.o
 .text.version_callback
                0x100002d0       0x1c CMakeFiles/04-bme.dir/main.c.obj
                0x100002d0                version_callback
 .text.help_callback
                0x100002ec       0x28 CMakeFiles/04-bme.dir/main.c.obj
                0x100002ec                help_callback
 .text.led_on_callback
                0x10000314        0xc CMakeFiles/04-bme.dir/main.c.obj
                0x10000314                led_on_callback
 .text.led_off_callback
                0x10000320        0xc CMakeFiles/04-bme.dir/main.c.obj
                0x10000320                led_off_callback
 .text.led_blink_callback
                0x1000032c        0xc CMakeFiles/04-bme.dir/main.c.obj
                0x1000032c                led_blink_callback
 .text.led_blink_set_period_ms_callback
                0x10000338       0x30 CMakeFiles/04-bme.dir/main.c.obj
                0x10000338                led_blink_set_period_ms_callback
 .text.mem_callback
                0x10000368       0x1c CMakeFiles/04-bme.dir/main.c.obj
                0x10000368                mem_callback
 .text.wmem_callback
                0x10000384       0x2c CMakeFiles/04-bme.dir/main.c.obj
                0x10000384                wmem_callback
 .text.read_regs_callback
                0x100003b0       0x90 CMakeFiles/04-bme.dir/main.c.obj
                0x100003b0                read_regs_callback
 .text.write_reg_callback
                0x10000440       0x34 CMakeFiles/04-bme.dir/main.c.obj
                0x10000440                write_reg_callback
 .text.temp_raw_callback
                0x10000474       0x18 CMakeFiles/04-bme.dir/main.c.obj
                0x10000474                temp_raw_callback
 .text.hum_raw_callback
                0x1000048c       0x18 CMakeFiles/04-bme.dir/main.c.obj
                0x1000048c                hum_raw_callback
 .text.pres_raw_callback
                0x100004a4       0x18 CMakeFiles/04-bme.dir/main.c.obj
                0x100004a4                pres_raw_callback
 .text.temp_callback
                0x100004bc       0x1c CMakeFiles/04-bme.dir/main.c.obj
                0x100004bc                temp_callback
 .text.pres_callback
                0x100004d8       0x34 CMakeFiles/04-bme.dir/main.c.obj
                0x100004d8                pres_callback
 .text.hum_callback
                0x1000050c       0x24 CMakeFiles/04-bme.dir/main.c.obj
                0x1000050c                hum_callback
 .text.diagnose_bme280
                0x10000530      0x134 CMakeFiles/04-bme.dir/main.c.obj
                0x10000530                diagnose_bme280
 .text.rp2040_i2c_write
                0x10000664       0x44 CMakeFiles/04-bme.dir/main.c.obj
                0x10000664                rp2040_i2c_write
 .text.rp2040_i2c_read
                0x100006a8       0x44 CMakeFiles/04-bme.dir/main.c.obj
                0x100006a8                rp2040_i2c_read
 .text.startup.main
                0x100006ec       0x5c CMakeFiles/04-bme.dir/main.c.obj
                0x100006ec                main
 .text.stdio_task_init
                0x10000748        0xc CMakeFiles/04-bme.dir/stdio-task/stdio-task.c.obj
                0x10000748                stdio_task_init
 .text.stdio_task_handle
                0x10000754       0x60 CMakeFiles/04-bme.dir/stdio-task/stdio-task.c.obj
                0x10000754                stdio_task_handle
 .text.led_state_init
                0x100007b4       0x2c CMakeFiles/04-bme.dir/led-task/led-task.c.obj
                0x100007b4                led_state_init
 .text.led_task_state_set
                0x100007e0       0x64 CMakeFiles/04-bme.dir/led-task/led-task.c.obj
                0x100007e0                led_task_state_set
 .text.led_task_handler
                0x10000844       0x7c CMakeFiles/04-bme.dir/led-task/led-task.c.obj
                0x10000844                led_task_handler
 .text.led_task_set_blink_period_ms
                0x100008c0       0x18 CMakeFiles/04-bme.dir/led-task/led-task.c.obj
                0x100008c0                led_task_set_blink_period_ms
 .text.gpio_set_function
                0x100008d8       0x34 CMakeFiles/04-bme.dir/C_/Repositories/pico/pico-sdk/src/rp2_common/hardware_gpio/gpio.c.obj
                0x100008d8                gpio_set_function
 .text.gpio_init
                0x1000090c       0x40 CMakeFiles/04-bme.dir/C_/Repositories/pico/pico-sdk/src/rp2_common/hardware_gpio/gpio.c.obj
                0x1000090c                gpio_init
 .text.rp2040_chip_version
                0x1000094c        0xc CMakeFiles/04-bme.dir/C_/Repositories/pico/pico-sdk/src/rp2040/pico_platform/platform.c.obj
                0x1000094c                rp2040_chip_version
 .text.panic    0x10000958       0x30 CMakeFiles/04-bme.dir/C_/Repositories/pico/pico-sdk/src/rp2_common/pico_platform_panic/panic.c.obj
                0x10000958                panic
 .text.hw_claim_or_assert
                0x10000988       0x44 CMakeFiles/04-bme.dir/C_/Repositories/pico/pico-sdk/src/common/hardware_claim/claim.c.obj
                0x10000988                hw_claim_or_assert
 .text.hw_claim_unused_from_range
                0x100009cc       0x9c CMakeFiles/04-bme.dir/C_/Repositories/pico/pico-sdk/src/common/hardware_claim/claim.c.obj
                0x100009cc                hw_claim_unused_from_range
 .text.next_striped_spin_lock_num
                0x10000a68       0x18 CMakeFiles/04-bme.dir/C_/Repositories/pico/pico-sdk/src/rp2_common/hardware_sync/sync.c.obj
                0x10000a68                next_striped_spin_lock_num
 .text.spin_lock_claim_unused
                0x10000a80       0x20 CMakeFiles/04-bme.dir/C_/Repositories/pico/pico-sdk/src/rp2_common/hardware_sync/sync.c.obj
                0x10000a80                spin_lock_claim_unused
 .text.spin_locks_reset
                0x10000aa0       0x1c CMakeFiles/04-bme.dir/C_/Repositories/pico/pico-sdk/src/rp2_common/hardware_sync_spin_lock/sync_spin_lock.c.obj
                0x10000aa0                spin_locks_reset
 .text.runtime_init_per_core_irq_priorities
                0x10000abc       0x24 CMakeFiles/04-bme.dir/C_/Repositories/pico/pico-sdk/src/rp2_common/hardware_irq/irq.c.obj
                0x10000abc                runtime_init_per_core_irq_priorities
 .text.irq_set_enabled
                0x10000ae0       0x24 CMakeFiles/04-bme.dir/C_/Repositories/pico/pico-sdk/src/rp2_common/hardware_irq/irq.c.obj
                0x10000ae0                irq_set_enabled
 .text.irq_is_enabled
                0x10000b04       0x18 CMakeFiles/04-bme.dir/C_/Repositories/pico/pico-sdk/src/rp2_common/hardware_irq/irq.c.obj
                0x10000b04                irq_is_enabled
 .text.irq_set_pending
                0x10000b1c       0x10 CMakeFiles/04-bme.dir/C_/Repositories/pico/pico-sdk/src/rp2_common/hardware_irq/irq.c.obj
                0x10000b1c                irq_set_pending
 .text.irq_has_shared_handler
                0x10000b2c       0x24 CMakeFiles/04-bme.dir/C_/Repositories/pico/pico-sdk/src/rp2_common/hardware_irq/irq.c.obj
                0x10000b2c                irq_has_shared_handler
 .text.irq_set_exclusive_handler
                0x10000b50       0x54 CMakeFiles/04-bme.dir/C_/Repositories/pico/pico-sdk/src/rp2_common/hardware_irq/irq.c.obj
                0x10000b50                irq_set_exclusive_handler
 .text.irq_add_shared_handler
                0x10000ba4      0x1e8 CMakeFiles/04-bme.dir/C_/Repositories/pico/pico-sdk/src/rp2_common/hardware_irq/irq.c.obj
                0x10000ba4                irq_add_shared_handler
 .text.irq_add_tail_to_free_list
                0x10000d8c       0xb4 CMakeFiles/04-bme.dir/C_/Repositories/pico/pico-sdk/src/rp2_common/hardware_irq/irq.c.obj
                0x10000d8c                irq_add_tail_to_free_list
 .text.user_irq_claim_unused
                0x10000e40       0x28 CMakeFiles/04-bme.dir/C_/Repositories/pico/pico-sdk/src/rp2_common/hardware_irq/irq.c.obj
                0x10000e40                user_irq_claim_unused
 .text.lock_init
                0x10000e68       0x10 CMakeFiles/04-bme.dir/C_/Repositories/pico/pico-sdk/src/common/pico_sync/lock_core.c.obj
                0x10000e68                lock_init
 .text.runtime_init_mutex
                0x10000e78       0x58 CMakeFiles/04-bme.dir/C_/Repositories/pico/pico-sdk/src/common/pico_sync/mutex.c.obj
                0x10000e78                runtime_init_mutex
 .text.mutex_init
                0x10000ed0       0x1c CMakeFiles/04-bme.dir/C_/Repositories/pico/pico-sdk/src/common/pico_sync/mutex.c.obj
                0x10000ed0                mutex_init
 .text.critical_section_init
                0x10000eec       0x20 CMakeFiles/04-bme.dir/C_/Repositories/pico/pico-sdk/src/common/pico_sync/critical_section.c.obj
                0x10000eec                critical_section_init
 .text.critical_section_init_with_lock_num
                0x10000f0c       0x14 CMakeFiles/04-bme.dir/C_/Repositories/pico/pico-sdk/src/common/pico_sync/critical_section.c.obj
                0x10000f0c                critical_section_init_with_lock_num
 .text.sleep_until_callback
                0x10000f20       0x30 CMakeFiles/04-bme.dir/C_/Repositories/pico/pico-sdk/src/common/pico_time/time.c.obj
 .text.alarm_pool_irq_handler
                0x10000f50      0x308 CMakeFiles/04-bme.dir/C_/Repositories/pico/pico-sdk/src/common/pico_time/time.c.obj
 .text.runtime_init_default_alarm_pool
                0x10001258       0xdc CMakeFiles/04-bme.dir/C_/Repositories/pico/pico-sdk/src/common/pico_time/time.c.obj
                0x10001258                runtime_init_default_alarm_pool
 .text.alarm_pool_get_default
                0x10001334        0x8 CMakeFiles/04-bme.dir/C_/Repositories/pico/pico-sdk/src/common/pico_time/time.c.obj
                0x10001334                alarm_pool_get_default
 .text.alarm_pool_add_alarm_at
                0x1000133c       0xc8 CMakeFiles/04-bme.dir/C_/Repositories/pico/pico-sdk/src/common/pico_time/time.c.obj
                0x1000133c                alarm_pool_add_alarm_at
 .text.alarm_pool_add_alarm_at_force_in_context
                0x10001404       0xb0 CMakeFiles/04-bme.dir/C_/Repositories/pico/pico-sdk/src/common/pico_time/time.c.obj
                0x10001404                alarm_pool_add_alarm_at_force_in_context
 .text.alarm_pool_cancel_alarm
                0x100014b4       0x7c CMakeFiles/04-bme.dir/C_/Repositories/pico/pico-sdk/src/common/pico_time/time.c.obj
                0x100014b4                alarm_pool_cancel_alarm
 .text.alarm_pool_core_num
                0x10001530        0x4 CMakeFiles/04-bme.dir/C_/Repositories/pico/pico-sdk/src/common/pico_time/time.c.obj
                0x10001530                alarm_pool_core_num
 .text.best_effort_wfe_or_timeout
                0x10001534       0xfc CMakeFiles/04-bme.dir/C_/Repositories/pico/pico-sdk/src/common/pico_time/time.c.obj
                0x10001534                best_effort_wfe_or_timeout
 .text.check_single_timeout_us
                0x10001630       0x28 CMakeFiles/04-bme.dir/C_/Repositories/pico/pico-sdk/src/common/pico_time/timeout_helper.c.obj
 .text.init_single_timeout_until
                0x10001658        0xc CMakeFiles/04-bme.dir/C_/Repositories/pico/pico-sdk/src/common/pico_time/timeout_helper.c.obj
                0x10001658                init_single_timeout_until
 .text.timer_hardware_alarm_claim
                0x10001664       0x14 CMakeFiles/04-bme.dir/C_/Repositories/pico/pico-sdk/src/rp2_common/hardware_timer/timer.c.obj
                0x10001664                timer_hardware_alarm_claim
 .text.timer_time_us_64
                0x10001678       0x10 CMakeFiles/04-bme.dir/C_/Repositories/pico/pico-sdk/src/rp2_common/hardware_timer/timer.c.obj
                0x10001678                timer_time_us_64
 .text.time_us_64
                0x10001688       0x14 CMakeFiles/04-bme.dir/C_/Repositories/pico/pico-sdk/src/rp2_common/hardware_timer/timer.c.obj
                0x10001688                time_us_64
 .text.busy_wait_us
                0x1000169c       0x54 CMakeFiles/04-bme.dir/C_/Repositories/pico/pico-sdk/src/rp2_common/hardware_timer/timer.c.obj
                0x1000169c                busy_wait_us
 .text.clock_configure_int_divider
                0x100016f0       0xf4 CMakeFiles/04-bme.dir/C_/Repositories/pico/pico-sdk/src/rp2_common/hardware_clocks/clocks.c.obj
                0x100016f0                clock_configure_int_divider
 .text.clock_configure_undivided
                0x100017e4       0xe8 CMakeFiles/04-bme.dir/C_/Repositories/pico/pico-sdk/src/rp2_common/hardware_clocks/clocks.c.obj
                0x100017e4                clock_configure_undivided
 .text.clock_get_hz
                0x100018cc        0xc CMakeFiles/04-bme.dir/C_/Repositories/pico/pico-sdk/src/rp2_common/hardware_clocks/clocks.c.obj
                0x100018cc                clock_get_hz
 .text.pll_init
                0x100018d8       0xa0 CMakeFiles/04-bme.dir/C_/Repositories/pico/pico-sdk/src/rp2_common/hardware_pll/pll.c.obj
                0x100018d8                pll_init
 .text.watchdog_reboot
                0x10001978       0x98 CMakeFiles/04-bme.dir/C_/Repositories/pico/pico-sdk/src/rp2_common/hardware_watchdog/watchdog.c.obj
                0x10001978                watchdog_reboot
 .text.tick_start
                0x10001a10       0x10 CMakeFiles/04-bme.dir/C_/Repositories/pico/pico-sdk/src/rp2_common/hardware_ticks/ticks.c.obj
                0x10001a10                tick_start
 .text.rom_func_lookup
                0x10001a20       0x10 CMakeFiles/04-bme.dir/C_/Repositories/pico/pico-sdk/src/rp2_common/pico_bootrom/bootrom.c.obj
                0x10001a20                rom_func_lookup
 .text.rom_data_lookup
                0x10001a30       0x10 CMakeFiles/04-bme.dir/C_/Repositories/pico/pico-sdk/src/rp2_common/pico_bootrom/bootrom.c.obj
                0x10001a30                rom_data_lookup
 .text.rom_funcs_lookup
                0x10001a40       0x44 CMakeFiles/04-bme.dir/C_/Repositories/pico/pico-sdk/src/rp2_common/pico_bootrom/bootrom.c.obj
                0x10001a40                rom_funcs_lookup
 .text.rom_reset_usb_boot_extra
                0x10001a84       0x28 CMakeFiles/04-bme.dir/C_/Repositories/pico/pico-sdk/src/rp2_common/pico_bootrom/bootrom.c.obj
                0x10001a84                rom_reset_usb_boot_extra
 .text.xosc_init
                0x10001aac       0x28 CMakeFiles/04-bme.dir/C_/Repositories/pico/pico-sdk/src/rp2_common/hardware_xosc/xosc.c.obj
                0x10001aac                xosc_init
 .text.first_per_core_initializer
                0x10001ad4        0x4 CMakeFiles/04-bme.dir/C_/Repositories/pico/pico-sdk/src/rp2_common/pico_runtime/runtime.c.obj
 .text.hard_assertion_failure
                0x10001ad8        0xc CMakeFiles/04-bme.dir/C_/Repositories/pico/pico-sdk/src/rp2_common/pico_runtime/runtime.c.obj
                0x10001ad8                hard_assertion_failure
 .text.runtime_run_initializers
                0x10001ae4       0x28 CMakeFiles/04-bme.dir/C_/Repositories/pico/pico-sdk/src/rp2_common/pico_runtime/runtime.c.obj
                0x10001ae4                runtime_run_initializers
 .text.runtime_init_early_resets
                0x10001b0c       0x2c CMakeFiles/04-bme.dir/C_/Repositories/pico/pico-sdk/src/rp2_common/pico_runtime_init/runtime_init.c.obj
                0x10001b0c                runtime_init_early_resets
 .text.runtime_init_usb_power_down
                0x10001b38       0x1c CMakeFiles/04-bme.dir/C_/Repositories/pico/pico-sdk/src/rp2_common/pico_runtime_init/runtime_init.c.obj
                0x10001b38                runtime_init_usb_power_down
 .text.runtime_init_post_clock_resets
                0x10001b54       0x20 CMakeFiles/04-bme.dir/C_/Repositories/pico/pico-sdk/src/rp2_common/pico_runtime_init/runtime_init.c.obj
                0x10001b54                runtime_init_post_clock_resets
 .text.runtime_init_rp2040_gpio_ie_disable
                0x10001b74       0x14 CMakeFiles/04-bme.dir/C_/Repositories/pico/pico-sdk/src/rp2_common/pico_runtime_init/runtime_init.c.obj
                0x10001b74                runtime_init_rp2040_gpio_ie_disable
 .text.runtime_init_spin_locks_reset
                0x10001b88        0x8 CMakeFiles/04-bme.dir/C_/Repositories/pico/pico-sdk/src/rp2_common/pico_runtime_init/runtime_init.c.obj
                0x10001b88                runtime_init_spin_locks_reset
 .text.runtime_init_install_ram_vector_table
                0x10001b90       0xcc CMakeFiles/04-bme.dir/C_/Repositories/pico/pico-sdk/src/rp2_common/pico_runtime_init/runtime_init.c.obj
                0x10001b90                runtime_init_install_ram_vector_table
 .text.runtime_init_clocks
                0x10001c5c       0xd8 CMakeFiles/04-bme.dir/C_/Repositories/pico/pico-sdk/src/rp2_common/pico_runtime_init/runtime_init_clocks.c.obj
                0x10001c5c                runtime_init_clocks
 .text          0x10001d34       0x10 CMakeFiles/04-bme.dir/C_/Repositories/pico/pico-sdk/src/rp2_common/pico_bit_ops/bit_ops_aeabi.S.obj
 .text.__wrap___aeabi_idiv
                0x10001d44       0x50 CMakeFiles/04-bme.dir/C_/Repositories/pico/pico-sdk/src/rp2_common/pico_divider/divider_hardware.S.obj
                0x10001d44                __wrap___aeabi_idivmod
                0x10001d44                divmod_s32s32
                0x10001d44                div_s32s32
                0x10001d44                __wrap___aeabi_idiv
                0x10001d4c                divmod_s32s32_unsafe
                0x10001d78                divmod_s32s32_savestate
 .text.__wrap___aeabi_uidiv
                0x10001d94       0x4c CMakeFiles/04-bme.dir/C_/Repositories/pico/pico-sdk/src/rp2_common/pico_divider/divider_hardware.S.obj
                0x10001d94                __wrap___aeabi_uidiv
                0x10001d94                __wrap___aeabi_uidivmod
                0x10001d94                div_u32u32
                0x10001d94                divmod_u32u32
                0x10001d9c                divmod_u32u32_unsafe
                0x10001dc4                divmod_u32u32_savestate
 .text.__wrap___aeabi_ldiv
                0x10001de0      0x424 CMakeFiles/04-bme.dir/C_/Repositories/pico/pico-sdk/src/rp2_common/pico_divider/divider_hardware.S.obj
                0x10001de0                div_s64s64
                0x10001de0                divmod_s64s64
                0x10001de0                __wrap___aeabi_ldivmod
                0x10001e10                divmod_u64u64
                0x10001e10                div_u64u64
                0x10001e10                __wrap___aeabi_uldivmod
                0x10001e20                divmod_u64u64_savestate
                0x10001e40                divmod_s64s64_unsafe
                0x10001ec8                divmod_u64u64_unsafe
 .text.__wrap___aeabi_darithmetic
                0x10002204       0x80 CMakeFiles/04-bme.dir/C_/Repositories/pico/pico-sdk/src/rp2_common/pico_double/double_aeabi_rp2040.S.obj
                0x10002204                __wrap___aeabi_drsub
                0x1000220a                __wrap___aeabi_dsub
                0x1000221c                __wrap___aeabi_dadd
                0x1000222e                __wrap___aeabi_ddiv
                0x1000226a                __wrap___aeabi_dmul
 .text.__wrap___aeabi_cdcmple
                0x10002284       0x6c CMakeFiles/04-bme.dir/C_/Repositories/pico/pico-sdk/src/rp2_common/pico_double/double_aeabi_rp2040.S.obj
                0x10002284                __wrap___aeabi_cdrcmple
                0x10002294                __wrap___aeabi_cdcmpeq
                0x10002294                __wrap___aeabi_cdcmple
 .text.__wrap___aeabi_dcmpeq
                0x100022f0       0x10 CMakeFiles/04-bme.dir/C_/Repositories/pico/pico-sdk/src/rp2_common/pico_double/double_aeabi_rp2040.S.obj
                0x100022f0                __wrap___aeabi_dcmpeq
 .text.__wrap___aeabi_dcmplt
                0x10002300        0xc CMakeFiles/04-bme.dir/C_/Repositories/pico/pico-sdk/src/rp2_common/pico_double/double_aeabi_rp2040.S.obj
                0x10002300                __wrap___aeabi_dcmplt
 .text.__wrap___aeabi_dcmple
                0x1000230c       0x10 CMakeFiles/04-bme.dir/C_/Repositories/pico/pico-sdk/src/rp2_common/pico_double/double_aeabi_rp2040.S.obj
                0x1000230c                __wrap___aeabi_dcmple
 .text.__wrap___aeabi_dcmpge
                0x1000231c       0x10 CMakeFiles/04-bme.dir/C_/Repositories/pico/pico-sdk/src/rp2_common/pico_double/double_aeabi_rp2040.S.obj
                0x1000231c                __wrap___aeabi_dcmpge
 .text.__wrap___aeabi_dcmpgt
                0x1000232c        0xa CMakeFiles/04-bme.dir/C_/Repositories/pico/pico-sdk/src/rp2_common/pico_double/double_aeabi_rp2040.S.obj
                0x1000232c                __wrap___aeabi_dcmpgt
 .text.__wrap___aeabi_dcmpun
                0x10002336       0x18 CMakeFiles/04-bme.dir/C_/Repositories/pico/pico-sdk/src/rp2_common/pico_double/double_aeabi_rp2040.S.obj
                0x10002336                __wrap___aeabi_dcmpun
 *fill*         0x1000234e        0x2 
 .text.__wrap___aeabi_i2d
                0x10002350       0x38 CMakeFiles/04-bme.dir/C_/Repositories/pico/pico-sdk/src/rp2_common/pico_double/double_aeabi_rp2040.S.obj
                0x10002350                uint2double
                0x10002350                __wrap___aeabi_ui2d
                0x10002358                int2double
                0x10002358                __wrap___aeabi_i2d
 .text.__wrap___aeabi_d2iz
                0x10002388       0x48 CMakeFiles/04-bme.dir/C_/Repositories/pico/pico-sdk/src/rp2_common/pico_double/double_aeabi_rp2040.S.obj
                0x10002388                double2int_z
                0x10002388                __wrap___aeabi_d2iz
 .text.__wrap___aeabi_d2uiz
                0x100023d0       0x18 CMakeFiles/04-bme.dir/C_/Repositories/pico/pico-sdk/src/rp2_common/pico_double/double_aeabi_rp2040.S.obj
                0x100023d0                double2uint
                0x100023d0                __wrap___aeabi_d2uiz
                0x100023d0                double2uint_z
 .text.__wrap___aeabi_l2d
                0x100023e8       0x18 CMakeFiles/04-bme.dir/C_/Repositories/pico/pico-sdk/src/rp2_common/pico_double/double_aeabi_rp2040.S.obj
                0x100023e8                int642double
                0x100023e8                __wrap___aeabi_l2d
 .text.__wrap___aeabi_d2lz
                0x10002400       0x26 CMakeFiles/04-bme.dir/C_/Repositories/pico/pico-sdk/src/rp2_common/pico_double/double_aeabi_rp2040.S.obj
                0x10002400                double2int64_z
                0x10002400                __wrap___aeabi_d2lz
 *fill*         0x10002426        0x2 
 .text.double2int64
                0x10002428       0x18 CMakeFiles/04-bme.dir/C_/Repositories/pico/pico-sdk/src/rp2_common/pico_double/double_aeabi_rp2040.S.obj
                0x10002428                double2int64
 .text.double2ufix64
                0x10002440       0x18 CMakeFiles/04-bme.dir/C_/Repositories/pico/pico-sdk/src/rp2_common/pico_double/double_aeabi_rp2040.S.obj
                0x10002440                double2ufix64_z
                0x10002440                double2ufix64
 .text.__wrap___aeabi_d2f
                0x10002458       0x18 CMakeFiles/04-bme.dir/C_/Repositories/pico/pico-sdk/src/rp2_common/pico_double/double_aeabi_rp2040.S.obj
                0x10002458                __wrap___aeabi_d2f
 .text.__aeabi_double_init
                0x10002470       0xa0 CMakeFiles/04-bme.dir/C_/Repositories/pico/pico-sdk/src/rp2_common/pico_double/double_init_rom_rp2040.c.obj
                0x10002470                __aeabi_double_init
 .text.double_table_shim_on_use_helper
                0x10002510       0x2c CMakeFiles/04-bme.dir/C_/Repositories/pico/pico-sdk/src/rp2_common/pico_double/double_v1_rom_shim_rp2040.S.obj
                0x10002510                double_table_shim_on_use_helper
 .text.__wrap___aeabi_dsub
                0x1000253c       0x10 CMakeFiles/04-bme.dir/C_/Repositories/pico/pico-sdk/src/rp2_common/pico_double/double_v1_rom_shim_rp2040.S.obj
                0x1000253c                drsub_shim
                0x10002542                dsub_shim
 .text.dadd_shim
                0x1000254c      0x15c CMakeFiles/04-bme.dir/C_/Repositories/pico/pico-sdk/src/rp2_common/pico_double/double_v1_rom_shim_rp2040.S.obj
                0x1000254c                dadd_shim
 .text.dmul_shim
                0x100026a8      0x15c CMakeFiles/04-bme.dir/C_/Repositories/pico/pico-sdk/src/rp2_common/pico_double/double_v1_rom_shim_rp2040.S.obj
                0x100026a8                dmul_shim
 .text.ddiv_shim
                0x10002804      0x1b0 CMakeFiles/04-bme.dir/C_/Repositories/pico/pico-sdk/src/rp2_common/pico_double/double_v1_rom_shim_rp2040.S.obj
                0x10002804                ddiv_shim
 .text.double2uint_shim
                0x100029b4        0xe CMakeFiles/04-bme.dir/C_/Repositories/pico/pico-sdk/src/rp2_common/pico_double/double_v1_rom_shim_rp2040.S.obj
                0x100029b4                double2uint_shim
                0x100029b6                double2ufix_shim
 .text.double2int64_shim
                0x100029c2       0x1a CMakeFiles/04-bme.dir/C_/Repositories/pico/pico-sdk/src/rp2_common/pico_double/double_v1_rom_shim_rp2040.S.obj
                0x100029c2                double2int64_shim
                0x100029c4                double2fix64_shim
 .text.double2uint64_shim
                0x100029dc       0x70 CMakeFiles/04-bme.dir/C_/Repositories/pico/pico-sdk/src/rp2_common/pico_double/double_v1_rom_shim_rp2040.S.obj
                0x100029dc                double2uint64_shim
                0x100029de                double2ufix64_shim
                0x100029fe                d2fix_a
 .text.double2float_shim
                0x10002a4c       0x5c CMakeFiles/04-bme.dir/C_/Repositories/pico/pico-sdk/src/rp2_common/pico_double/double_v1_rom_shim_rp2040.S.obj
                0x10002a4c                double2float_shim
 .text.x2double_shims
                0x10002aa8       0x90 CMakeFiles/04-bme.dir/C_/Repositories/pico/pico-sdk/src/rp2_common/pico_double/double_v1_rom_shim_rp2040.S.obj
                0x10002aa8                uint2double_shim
                0x10002aaa                ufix2double_shim
                0x10002ab0                int2double_shim
                0x10002ab2                fix2double_shim
                0x10002ab8                uint642double_shim
                0x10002aba                ufix642double_shim
                0x10002ac0                int642double_shim
                0x10002ac2                fix642double_shim
 .text.dunpacks
                0x10002b38       0x3c CMakeFiles/04-bme.dir/C_/Repositories/pico/pico-sdk/src/rp2_common/pico_double/double_v1_rom_shim_rp2040.S.obj
                0x10002b38                dunpacks
 .text.__aeabi_lmul
                0x10002b74       0x32 CMakeFiles/04-bme.dir/C_/Repositories/pico/pico-sdk/src/rp2_common/pico_int64_ops/pico_int64_ops_aeabi.S.obj
                0x10002b74                __wrap___aeabi_lmul
 *fill*         0x10002ba6        0x2 
 .text.__wrap___aeabi_farithmetic
                0x10002ba8       0x48 CMakeFiles/04-bme.dir/C_/Repositories/pico/pico-sdk/src/rp2_common/pico_float/float_aeabi_rp2040.S.obj
                0x10002ba8                __wrap___aeabi_frsub
                0x10002bae                __wrap___aeabi_fsub
                0x10002bb4                __wrap___aeabi_fadd
                0x10002bba                __wrap___aeabi_fdiv
                0x10002be2                __wrap___aeabi_fmul
 .text.__wrap___aeabi_i2f
                0x10002bf0       0x44 CMakeFiles/04-bme.dir/C_/Repositories/pico/pico-sdk/src/rp2_common/pico_float/float_aeabi_rp2040.S.obj
                0x10002bf0                __wrap___aeabi_i2f
                0x10002bf0                int2float
 .text.__wrap___aeabi_f2d
                0x10002c34       0x14 CMakeFiles/04-bme.dir/C_/Repositories/pico/pico-sdk/src/rp2_common/pico_float/float_aeabi_rp2040.S.obj
                0x10002c34                __wrap___aeabi_f2d
 .text.__aeabi_float_init
                0x10002c48       0x64 CMakeFiles/04-bme.dir/C_/Repositories/pico/pico-sdk/src/rp2_common/pico_float/float_init_rom_rp2040.c.obj
                0x10002c48                __aeabi_float_init
 .text.float_table_shim_on_use_helper
                0x10002cac       0x2c CMakeFiles/04-bme.dir/C_/Repositories/pico/pico-sdk/src/rp2_common/pico_float/float_v1_rom_shim_rp2040.S.obj
                0x10002cac                float_table_shim_on_use_helper
 .text.float2double_shim
                0x10002cd8       0x30 CMakeFiles/04-bme.dir/C_/Repositories/pico/pico-sdk/src/rp2_common/pico_float/float_v1_rom_shim_rp2040.S.obj
                0x10002cd8                float2double_shim
 .text.__wrap_malloc
                0x10002d08       0x24 CMakeFiles/04-bme.dir/C_/Repositories/pico/pico-sdk/src/rp2_common/pico_malloc/malloc.c.obj
                0x10002d08                __wrap_malloc
 .text.__wrap_realloc
                0x10002d2c       0x24 CMakeFiles/04-bme.dir/C_/Repositories/pico/pico-sdk/src/rp2_common/pico_malloc/malloc.c.obj
                0x10002d2c                __wrap_realloc
 .text.__wrap_free
                0x10002d50        0x8 CMakeFiles/04-bme.dir/C_/Repositories/pico/pico-sdk/src/rp2_common/pico_malloc/malloc.c.obj
                0x10002d50                __wrap_free
 .text          0x10002d58       0x10 CMakeFiles/04-bme.dir/C_/Repositories/pico/pico-sdk/src/rp2_common/pico_mem_ops/mem_ops_aeabi.S.obj
                0x10002d58                __aeabi_mem_init
 .text.memset   0x10002d68        0xc CMakeFiles/04-bme.dir/C_/Repositories/pico/pico-sdk/src/rp2_common/pico_mem_ops/mem_ops_aeabi.S.obj
                0x10002d68                __wrap_memset
 .text.memcpy   0x10002d74        0xc CMakeFiles/04-bme.dir/C_/Repositories/pico/pico-sdk/src/rp2_common/pico_mem_ops/mem_ops_aeabi.S.obj
                0x10002d74                __wrap_memcpy
                0x10002d74                __wrap___aeabi_memcpy
 .text._out_buffer
                0x10002d80        0x8 CMakeFiles/04-bme.dir/C_/Repositories/pico/pico-sdk/src/rp2_common/pico_printf/printf.c.obj
 .text._out_null
                0x10002d88        0x4 CMakeFiles/04-bme.dir/C_/Repositories/pico/pico-sdk/src/rp2_common/pico_printf/printf.c.obj
 .text._out_rev
                0x10002d8c       0x9c CMakeFiles/04-bme.dir/C_/Repositories/pico/pico-sdk/src/rp2_common/pico_printf/printf.c.obj
 .text._ntoa_format
                0x10002e28      0x1cc CMakeFiles/04-bme.dir/C_/Repositories/pico/pico-sdk/src/rp2_common/pico_printf/printf.c.obj
 .text._out_char
                0x10002ff4       0x10 CMakeFiles/04-bme.dir/C_/Repositories/pico/pico-sdk/src/rp2_common/pico_printf/printf.c.obj
 .text._out_fct
                0x10003004       0x10 CMakeFiles/04-bme.dir/C_/Repositories/pico/pico-sdk/src/rp2_common/pico_printf/printf.c.obj
 .text._etoa    0x10003014      0x44c CMakeFiles/04-bme.dir/C_/Repositories/pico/pico-sdk/src/rp2_common/pico_printf/printf.c.obj
 .text._ftoa    0x10003460      0x398 CMakeFiles/04-bme.dir/C_/Repositories/pico/pico-sdk/src/rp2_common/pico_printf/printf.c.obj
 .text._vsnprintf
                0x100037f8      0xb04 CMakeFiles/04-bme.dir/C_/Repositories/pico/pico-sdk/src/rp2_common/pico_printf/printf.c.obj
 .text.__wrap_sprintf
                0x100042fc       0x28 CMakeFiles/04-bme.dir/C_/Repositories/pico/pico-sdk/src/rp2_common/pico_printf/printf.c.obj
                0x100042fc                __wrap_sprintf
 .text.vfctprintf
                0x10004324       0x20 CMakeFiles/04-bme.dir/C_/Repositories/pico/pico-sdk/src/rp2_common/pico_printf/printf.c.obj
                0x10004324                vfctprintf
 .text.weak_raw_printf
                0x10004344       0x40 CMakeFiles/04-bme.dir/C_/Repositories/pico/pico-sdk/src/rp2_common/pico_printf/printf.c.obj
                0x10004344                weak_raw_printf
 .text.weak_raw_vprintf
                0x10004384       0x30 CMakeFiles/04-bme.dir/C_/Repositories/pico/pico-sdk/src/rp2_common/pico_printf/printf.c.obj
                0x10004384                weak_raw_vprintf
 .text._exit    0x100043b4        0x4 CMakeFiles/04-bme.dir/C_/Repositories/pico/pico-sdk/src/rp2_common/pico_clib_interface/newlib_interface.c.obj
                0x100043b4                _exit
 .text._sbrk    0x100043b8       0x34 CMakeFiles/04-bme.dir/C_/Repositories/pico/pico-sdk/src/rp2_common/pico_clib_interface/newlib_interface.c.obj
                0x100043b8                _sbrk
 .text.exit     0x100043ec        0x8 CMakeFiles/04-bme.dir/C_/Repositories/pico/pico-sdk/src/rp2_common/pico_clib_interface/newlib_interface.c.obj
                0x100043ec                exit
 .text.__assert_func
                0x100043f4       0x34 CMakeFiles/04-bme.dir/C_/Repositories/pico/pico-sdk/src/rp2_common/pico_clib_interface/newlib_interface.c.obj
                0x100043f4                __assert_func
 .text.runtime_init
                0x10004428       0x2c CMakeFiles/04-bme.dir/C_/Repositories/pico/pico-sdk/src/rp2_common/pico_clib_interface/newlib_interface.c.obj
                0x10004428                runtime_init
 .text.stdio_out_chars_no_crlf
                0x10004454       0x10 CMakeFiles/04-bme.dir/C_/Repositories/pico/pico-sdk/src/rp2_common/pico_stdio/stdio.c.obj
 .text.stdio_out_chars_crlf
                0x10004464       0xb4 CMakeFiles/04-bme.dir/C_/Repositories/pico/pico-sdk/src/rp2_common/pico_stdio/stdio.c.obj
 .text.stdio_buffered_printer
                0x10004518       0x64 CMakeFiles/04-bme.dir/C_/Repositories/pico/pico-sdk/src/rp2_common/pico_stdio/stdio.c.obj
 .text.stdio_put_string
                0x1000457c      0x100 CMakeFiles/04-bme.dir/C_/Repositories/pico/pico-sdk/src/rp2_common/pico_stdio/stdio.c.obj
                0x1000457c                stdio_put_string
 .text.stdio_set_driver_enabled
                0x1000467c       0x30 CMakeFiles/04-bme.dir/C_/Repositories/pico/pico-sdk/src/rp2_common/pico_stdio/stdio.c.obj
                0x1000467c                stdio_set_driver_enabled
 .text.stdio_init_all
                0x100046ac        0x8 CMakeFiles/04-bme.dir/C_/Repositories/pico/pico-sdk/src/rp2_common/pico_stdio/stdio.c.obj
                0x100046ac                stdio_init_all
 .text.stdio_getchar_timeout_us
                0x100046b4       0x98 CMakeFiles/04-bme.dir/C_/Repositories/pico/pico-sdk/src/rp2_common/pico_stdio/stdio.c.obj
                0x100046b4                stdio_getchar_timeout_us
 .text.__wrap_putchar
                0x1000474c       0x98 CMakeFiles/04-bme.dir/C_/Repositories/pico/pico-sdk/src/rp2_common/pico_stdio/stdio.c.obj
                0x1000474c                __wrap_putchar
                0x1000474c                stdio_putchar
 .text.__wrap_puts
                0x100047e4       0x3c CMakeFiles/04-bme.dir/C_/Repositories/pico/pico-sdk/src/rp2_common/pico_stdio/stdio.c.obj
                0x100047e4                stdio_puts
                0x100047e4                __wrap_puts
 .text.__wrap_vprintf
                0x10004820       0xd8 CMakeFiles/04-bme.dir/C_/Repositories/pico/pico-sdk/src/rp2_common/pico_stdio/stdio.c.obj
                0x10004820                stdio_vprintf
                0x10004820                __wrap_vprintf
 .text.__wrap_printf
                0x100048f8       0x18 CMakeFiles/04-bme.dir/C_/Repositories/pico/pico-sdk/src/rp2_common/pico_stdio/stdio.c.obj
                0x100048f8                __wrap_printf
                0x100048f8                stdio_printf
 .text.resetd_init
                0x10004910        0x4 CMakeFiles/04-bme.dir/C_/Repositories/pico/pico-sdk/src/rp2_common/pico_stdio_usb/reset_interface.c.obj
 .text.resetd_reset
                0x10004914        0xc CMakeFiles/04-bme.dir/C_/Repositories/pico/pico-sdk/src/rp2_common/pico_stdio_usb/reset_interface.c.obj
 .text.resetd_open
                0x10004920       0x28 CMakeFiles/04-bme.dir/C_/Repositories/pico/pico-sdk/src/rp2_common/pico_stdio_usb/reset_interface.c.obj
 .text.resetd_xfer_cb
                0x10004948        0x4 CMakeFiles/04-bme.dir/C_/Repositories/pico/pico-sdk/src/rp2_common/pico_stdio_usb/reset_interface.c.obj
 .text.resetd_control_xfer_cb
                0x1000494c       0x60 CMakeFiles/04-bme.dir/C_/Repositories/pico/pico-sdk/src/rp2_common/pico_stdio_usb/reset_interface.c.obj
 .text.tud_descriptor_bos_cb
                0x100049ac        0x8 CMakeFiles/04-bme.dir/C_/Repositories/pico/pico-sdk/src/rp2_common/pico_stdio_usb/reset_interface.c.obj
                0x100049ac                tud_descriptor_bos_cb
 .text.tud_vendor_control_xfer_cb
                0x100049b4       0x34 CMakeFiles/04-bme.dir/C_/Repositories/pico/pico-sdk/src/rp2_common/pico_stdio_usb/reset_interface.c.obj
                0x100049b4                tud_vendor_control_xfer_cb
 .text.usbd_app_driver_get_cb
                0x100049e8        0xc CMakeFiles/04-bme.dir/C_/Repositories/pico/pico-sdk/src/rp2_common/pico_stdio_usb/reset_interface.c.obj
                0x100049e8                usbd_app_driver_get_cb
 .text.tud_cdc_line_coding_cb
                0x100049f4       0x2c CMakeFiles/04-bme.dir/C_/Repositories/pico/pico-sdk/src/rp2_common/pico_stdio_usb/reset_interface.c.obj
                0x100049f4                tud_cdc_line_coding_cb
 .text.stdio_usb_set_chars_available_callback
                0x10004a20       0x14 CMakeFiles/04-bme.dir/C_/Repositories/pico/pico-sdk/src/rp2_common/pico_stdio_usb/stdio_usb.c.obj
                0x10004a20                stdio_usb_set_chars_available_callback
 .text.usb_irq  0x10004a34       0x10 CMakeFiles/04-bme.dir/C_/Repositories/pico/pico-sdk/src/rp2_common/pico_stdio_usb/stdio_usb.c.obj
 .text.timer_task
                0x10004a44       0x64 CMakeFiles/04-bme.dir/C_/Repositories/pico/pico-sdk/src/rp2_common/pico_stdio_usb/stdio_usb.c.obj
 .text.stdio_usb_in_chars
                0x10004aa8       0x90 CMakeFiles/04-bme.dir/C_/Repositories/pico/pico-sdk/src/rp2_common/pico_stdio_usb/stdio_usb.c.obj
                0x10004aa8                stdio_usb_in_chars
 .text.stdio_usb_out_flush
                0x10004b38       0x50 CMakeFiles/04-bme.dir/C_/Repositories/pico/pico-sdk/src/rp2_common/pico_stdio_usb/stdio_usb.c.obj
 .text.stdio_usb_out_chars
                0x10004b88      0x100 CMakeFiles/04-bme.dir/C_/Repositories/pico/pico-sdk/src/rp2_common/pico_stdio_usb/stdio_usb.c.obj
 .text.low_priority_worker_irq
                0x10004c88       0xc8 CMakeFiles/04-bme.dir/C_/Repositories/pico/pico-sdk/src/rp2_common/pico_stdio_usb/stdio_usb.c.obj
 .text.stdio_usb_init
                0x10004d50       0xe8 CMakeFiles/04-bme.dir/C_/Repositories/pico/pico-sdk/src/rp2_common/pico_stdio_usb/stdio_usb.c.obj
                0x10004d50                stdio_usb_init
 .text.tud_descriptor_device_cb
                0x10004e38        0x8 CMakeFiles/04-bme.dir/C_/Repositories/pico/pico-sdk/src/rp2_common/pico_stdio_usb/stdio_usb_descriptors.c.obj
                0x10004e38                tud_descriptor_device_cb
 .text.tud_descriptor_configuration_cb
                0x10004e40        0x8 CMakeFiles/04-bme.dir/C_/Repositories/pico/pico-sdk/src/rp2_common/pico_stdio_usb/stdio_usb_descriptors.c.obj
                0x10004e40                tud_descriptor_configuration_cb
 .text.tud_descriptor_string_cb
                0x10004e48       0x74 CMakeFiles/04-bme.dir/C_/Repositories/pico/pico-sdk/src/rp2_common/pico_stdio_usb/stdio_usb_descriptors.c.obj
                0x10004e48                tud_descriptor_string_cb
 .text.startup._retrieve_unique_id_on_boot
                0x10004ebc       0x10 CMakeFiles/04-bme.dir/C_/Repositories/pico/pico-sdk/src/rp2_common/pico_unique_id/unique_id.c.obj
 .text.pico_get_unique_board_id_string
                0x10004ecc      0x1a8 CMakeFiles/04-bme.dir/C_/Repositories/pico/pico-sdk/src/rp2_common/pico_unique_id/unique_id.c.obj
                0x10004ecc                pico_get_unique_board_id_string
 .text.flash_get_unique_id
                0x10005074       0x40 CMakeFiles/04-bme.dir/C_/Repositories/pico/pico-sdk/src/rp2_common/hardware_flash/flash.c.obj
                0x10005074                flash_get_unique_id
 .text.dcd_init
                0x100050b4       0x90 CMakeFiles/04-bme.dir/C_/Repositories/pico/pico-sdk/lib/tinyusb/src/portable/raspberrypi/rp2040/dcd_rp2040.c.obj
                0x100050b4                dcd_init
 .text.dcd_int_enable
                0x10005144        0xc CMakeFiles/04-bme.dir/C_/Repositories/pico/pico-sdk/lib/tinyusb/src/portable/raspberrypi/rp2040/dcd_rp2040.c.obj
                0x10005144                dcd_int_enable
 .text.dcd_set_address
                0x10005150       0x14 CMakeFiles/04-bme.dir/C_/Repositories/pico/pico-sdk/lib/tinyusb/src/portable/raspberrypi/rp2040/dcd_rp2040.c.obj
                0x10005150                dcd_set_address
 .text.dcd_sof_enable
                0x10005164       0x1c CMakeFiles/04-bme.dir/C_/Repositories/pico/pico-sdk/lib/tinyusb/src/portable/raspberrypi/rp2040/dcd_rp2040.c.obj
                0x10005164                dcd_sof_enable
 .text.dcd_edpt0_status_complete
                0x10005180       0x1c CMakeFiles/04-bme.dir/C_/Repositories/pico/pico-sdk/lib/tinyusb/src/portable/raspberrypi/rp2040/dcd_rp2040.c.obj
                0x10005180                dcd_edpt0_status_complete
 .text.dcd_edpt_open
                0x1000519c      0x114 CMakeFiles/04-bme.dir/C_/Repositories/pico/pico-sdk/lib/tinyusb/src/portable/raspberrypi/rp2040/dcd_rp2040.c.obj
                0x1000519c                dcd_edpt_open
 .text.dcd_edpt_close_all
                0x100052b0        0x8 CMakeFiles/04-bme.dir/C_/Repositories/pico/pico-sdk/lib/tinyusb/src/portable/raspberrypi/rp2040/dcd_rp2040.c.obj
                0x100052b0                dcd_edpt_close_all
 .text.dcd_edpt_xfer
                0x100052b8       0x24 CMakeFiles/04-bme.dir/C_/Repositories/pico/pico-sdk/lib/tinyusb/src/portable/raspberrypi/rp2040/dcd_rp2040.c.obj
                0x100052b8                dcd_edpt_xfer
 .text.dcd_edpt_stall
                0x100052dc       0x38 CMakeFiles/04-bme.dir/C_/Repositories/pico/pico-sdk/lib/tinyusb/src/portable/raspberrypi/rp2040/dcd_rp2040.c.obj
                0x100052dc                dcd_edpt_stall
 .text.dcd_edpt_clear_stall
                0x10005314       0x30 CMakeFiles/04-bme.dir/C_/Repositories/pico/pico-sdk/lib/tinyusb/src/portable/raspberrypi/rp2040/dcd_rp2040.c.obj
                0x10005314                dcd_edpt_clear_stall
 .text.rp2040_usb_init
                0x10005344       0x40 CMakeFiles/04-bme.dir/C_/Repositories/pico/pico-sdk/lib/tinyusb/src/portable/raspberrypi/rp2040/rp2040_usb.c.obj
                0x10005344                rp2040_usb_init
 .text.hw_endpoint_xfer_start
                0x10005384       0x50 CMakeFiles/04-bme.dir/C_/Repositories/pico/pico-sdk/lib/tinyusb/src/portable/raspberrypi/rp2040/rp2040_usb.c.obj
                0x10005384                hw_endpoint_xfer_start
 .text.tud_event_hook_cb
                0x100053d4        0x4 CMakeFiles/04-bme.dir/C_/Repositories/pico/pico-sdk/lib/tinyusb/src/device/usbd.c.obj
                0x100053d4                tud_event_hook_cb
 .text.tud_sof_cb
                0x100053d8        0x4 CMakeFiles/04-bme.dir/C_/Repositories/pico/pico-sdk/lib/tinyusb/src/device/usbd.c.obj
                0x100053d8                tud_sof_cb
 .text.tud_descriptor_device_qualifier_cb
                0x100053dc        0x4 CMakeFiles/04-bme.dir/C_/Repositories/pico/pico-sdk/lib/tinyusb/src/device/usbd.c.obj
                0x100053dc                tud_descriptor_device_qualifier_cb
 .text.tud_descriptor_other_speed_configuration_cb
                0x100053e0        0x4 CMakeFiles/04-bme.dir/C_/Repositories/pico/pico-sdk/lib/tinyusb/src/device/usbd.c.obj
                0x100053e0                tud_descriptor_other_speed_configuration_cb
 .text.tud_mount_cb
                0x100053e4        0x4 CMakeFiles/04-bme.dir/C_/Repositories/pico/pico-sdk/lib/tinyusb/src/device/usbd.c.obj
                0x100053e4                tud_mount_cb
 .text.tud_umount_cb
                0x100053e8        0x4 CMakeFiles/04-bme.dir/C_/Repositories/pico/pico-sdk/lib/tinyusb/src/device/usbd.c.obj
                0x100053e8                tud_umount_cb
 .text.tud_suspend_cb
                0x100053ec        0x4 CMakeFiles/04-bme.dir/C_/Repositories/pico/pico-sdk/lib/tinyusb/src/device/usbd.c.obj
                0x100053ec                tud_suspend_cb
 .text.tud_resume_cb
                0x100053f0        0x4 CMakeFiles/04-bme.dir/C_/Repositories/pico/pico-sdk/lib/tinyusb/src/device/usbd.c.obj
                0x100053f0                tud_resume_cb
 .text.tud_mounted
                0x100053f4       0x10 CMakeFiles/04-bme.dir/C_/Repositories/pico/pico-sdk/lib/tinyusb/src/device/usbd.c.obj
                0x100053f4                tud_mounted
 .text.tud_suspended
                0x10005404       0x10 CMakeFiles/04-bme.dir/C_/Repositories/pico/pico-sdk/lib/tinyusb/src/device/usbd.c.obj
                0x10005404                tud_suspended
 .text.tud_rhport_init
                0x10005414       0xf4 CMakeFiles/04-bme.dir/C_/Repositories/pico/pico-sdk/lib/tinyusb/src/device/usbd.c.obj
                0x10005414                tud_rhport_init
 .text.tud_task_ext
                0x10005508      0x800 CMakeFiles/04-bme.dir/C_/Repositories/pico/pico-sdk/lib/tinyusb/src/device/usbd.c.obj
                0x10005508                tud_task_ext
 .text.usbd_open_edpt_pair
                0x10005d08       0x9c CMakeFiles/04-bme.dir/C_/Repositories/pico/pico-sdk/lib/tinyusb/src/device/usbd.c.obj
                0x10005d08                usbd_open_edpt_pair
 .text.usbd_edpt_open
                0x10005da4       0x34 CMakeFiles/04-bme.dir/C_/Repositories/pico/pico-sdk/lib/tinyusb/src/device/usbd.c.obj
                0x10005da4                usbd_edpt_open
 .text.usbd_edpt_claim
                0x10005dd8       0x28 CMakeFiles/04-bme.dir/C_/Repositories/pico/pico-sdk/lib/tinyusb/src/device/usbd.c.obj
                0x10005dd8                usbd_edpt_claim
 .text.usbd_edpt_release
                0x10005e00       0x28 CMakeFiles/04-bme.dir/C_/Repositories/pico/pico-sdk/lib/tinyusb/src/device/usbd.c.obj
                0x10005e00                usbd_edpt_release
 .text.usbd_edpt_xfer
                0x10005e28       0x4c CMakeFiles/04-bme.dir/C_/Repositories/pico/pico-sdk/lib/tinyusb/src/device/usbd.c.obj
                0x10005e28                usbd_edpt_xfer
 .text.tud_control_status
                0x10005e74       0x30 CMakeFiles/04-bme.dir/C_/Repositories/pico/pico-sdk/lib/tinyusb/src/device/usbd_control.c.obj
                0x10005e74                tud_control_status
 .text.tud_control_xfer
                0x10005ea4       0xbc CMakeFiles/04-bme.dir/C_/Repositories/pico/pico-sdk/lib/tinyusb/src/device/usbd_control.c.obj
                0x10005ea4                tud_control_xfer
 .text.usbd_control_reset
                0x10005f60       0x14 CMakeFiles/04-bme.dir/C_/Repositories/pico/pico-sdk/lib/tinyusb/src/device/usbd_control.c.obj
                0x10005f60                usbd_control_reset
 .text.usbd_control_set_complete_callback
                0x10005f74        0xc CMakeFiles/04-bme.dir/C_/Repositories/pico/pico-sdk/lib/tinyusb/src/device/usbd_control.c.obj
                0x10005f74                usbd_control_set_complete_callback
 .text.usbd_control_set_request
                0x10005f80       0x1c CMakeFiles/04-bme.dir/C_/Repositories/pico/pico-sdk/lib/tinyusb/src/device/usbd_control.c.obj
                0x10005f80                usbd_control_set_request
 .text.usbd_control_xfer_cb
                0x10005f9c       0xf0 CMakeFiles/04-bme.dir/C_/Repositories/pico/pico-sdk/lib/tinyusb/src/device/usbd_control.c.obj
                0x10005f9c                usbd_control_xfer_cb
 .text._prep_out_transaction.isra.0
                0x1000608c       0x6c CMakeFiles/04-bme.dir/C_/Repositories/pico/pico-sdk/lib/tinyusb/src/class/cdc/cdc_device.c.obj
 .text.tud_cdc_n_connected
                0x100060f8       0x2c CMakeFiles/04-bme.dir/C_/Repositories/pico/pico-sdk/lib/tinyusb/src/class/cdc/cdc_device.c.obj
                0x100060f8                tud_cdc_n_connected
 .text.tud_cdc_n_available
                0x10006124       0x18 CMakeFiles/04-bme.dir/C_/Repositories/pico/pico-sdk/lib/tinyusb/src/class/cdc/cdc_device.c.obj
                0x10006124                tud_cdc_n_available
 .text.tud_cdc_n_read
                0x1000613c       0x94 CMakeFiles/04-bme.dir/C_/Repositories/pico/pico-sdk/lib/tinyusb/src/class/cdc/cdc_device.c.obj
                0x1000613c                tud_cdc_n_read
 .text.tud_cdc_n_write_flush
                0x100061d0       0x78 CMakeFiles/04-bme.dir/C_/Repositories/pico/pico-sdk/lib/tinyusb/src/class/cdc/cdc_device.c.obj
                0x100061d0                tud_cdc_n_write_flush
 .text.tud_cdc_n_write
                0x10006248       0x44 CMakeFiles/04-bme.dir/C_/Repositories/pico/pico-sdk/lib/tinyusb/src/class/cdc/cdc_device.c.obj
                0x10006248                tud_cdc_n_write
 .text.tud_cdc_n_write_available
                0x1000628c       0x18 CMakeFiles/04-bme.dir/C_/Repositories/pico/pico-sdk/lib/tinyusb/src/class/cdc/cdc_device.c.obj
                0x1000628c                tud_cdc_n_write_available
 .text.cdcd_init
                0x100062a4       0x70 CMakeFiles/04-bme.dir/C_/Repositories/pico/pico-sdk/lib/tinyusb/src/class/cdc/cdc_device.c.obj
                0x100062a4                cdcd_init
 .text.cdcd_deinit
                0x10006314       0x24 CMakeFiles/04-bme.dir/C_/Repositories/pico/pico-sdk/lib/tinyusb/src/class/cdc/cdc_device.c.obj
                0x10006314                cdcd_deinit
 .text.cdcd_reset
                0x10006338       0x4c CMakeFiles/04-bme.dir/C_/Repositories/pico/pico-sdk/lib/tinyusb/src/class/cdc/cdc_device.c.obj
                0x10006338                cdcd_reset
 .text.cdcd_open
                0x10006384       0xa8 CMakeFiles/04-bme.dir/C_/Repositories/pico/pico-sdk/lib/tinyusb/src/class/cdc/cdc_device.c.obj
                0x10006384                cdcd_open
 .text.cdcd_control_xfer_cb
                0x1000642c       0xe8 CMakeFiles/04-bme.dir/C_/Repositories/pico/pico-sdk/lib/tinyusb/src/class/cdc/cdc_device.c.obj
                0x1000642c                cdcd_control_xfer_cb
 .text.cdcd_xfer_cb
                0x10006514       0xfc CMakeFiles/04-bme.dir/C_/Repositories/pico/pico-sdk/lib/tinyusb/src/class/cdc/cdc_device.c.obj
                0x10006514                cdcd_xfer_cb
 .text.vendord_init
                0x10006610       0x5c CMakeFiles/04-bme.dir/C_/Repositories/pico/pico-sdk/lib/tinyusb/src/class/vendor/vendor_device.c.obj
                0x10006610                vendord_init
 .text.vendord_deinit
                0x1000666c       0x1c CMakeFiles/04-bme.dir/C_/Repositories/pico/pico-sdk/lib/tinyusb/src/class/vendor/vendor_device.c.obj
                0x1000666c                vendord_deinit
 .text.vendord_reset
                0x10006688       0x28 CMakeFiles/04-bme.dir/C_/Repositories/pico/pico-sdk/lib/tinyusb/src/class/vendor/vendor_device.c.obj
                0x10006688                vendord_reset
 .text.vendord_open
                0x100066b0      0x128 CMakeFiles/04-bme.dir/C_/Repositories/pico/pico-sdk/lib/tinyusb/src/class/vendor/vendor_device.c.obj
                0x100066b0                vendord_open
 .text.vendord_xfer_cb
                0x100067d8       0x9c CMakeFiles/04-bme.dir/C_/Repositories/pico/pico-sdk/lib/tinyusb/src/class/vendor/vendor_device.c.obj
                0x100067d8                vendord_xfer_cb
 .text.tusb_rhport_init
                0x10006874       0x48 CMakeFiles/04-bme.dir/C_/Repositories/pico/pico-sdk/lib/tinyusb/src/tusb.c.obj
                0x10006874                tusb_rhport_init
 .text.tu_edpt_claim
                0x100068bc       0x50 CMakeFiles/04-bme.dir/C_/Repositories/pico/pico-sdk/lib/tinyusb/src/tusb.c.obj
                0x100068bc                tu_edpt_claim
 .text.tu_edpt_release
                0x1000690c       0x38 CMakeFiles/04-bme.dir/C_/Repositories/pico/pico-sdk/lib/tinyusb/src/tusb.c.obj
                0x1000690c                tu_edpt_release
 .text.tu_edpt_validate
                0x10006944       0x78 CMakeFiles/04-bme.dir/C_/Repositories/pico/pico-sdk/lib/tinyusb/src/tusb.c.obj
                0x10006944                tu_edpt_validate
 .text.tu_edpt_bind_driver
                0x100069bc       0x34 CMakeFiles/04-bme.dir/C_/Repositories/pico/pico-sdk/lib/tinyusb/src/tusb.c.obj
                0x100069bc                tu_edpt_bind_driver
 .text.tu_edpt_stream_init
                0x100069f0       0x6c CMakeFiles/04-bme.dir/C_/Repositories/pico/pico-sdk/lib/tinyusb/src/tusb.c.obj
                0x100069f0                tu_edpt_stream_init
 .text.tu_edpt_stream_deinit
                0x10006a5c        0x4 CMakeFiles/04-bme.dir/C_/Repositories/pico/pico-sdk/lib/tinyusb/src/tusb.c.obj
                0x10006a5c                tu_edpt_stream_deinit
 .text.tu_edpt_stream_write_zlp_if_needed
                0x10006a60       0x58 CMakeFiles/04-bme.dir/C_/Repositories/pico/pico-sdk/lib/tinyusb/src/tusb.c.obj
                0x10006a60                tu_edpt_stream_write_zlp_if_needed
 .text.tu_edpt_stream_write_xfer
                0x10006ab8       0x64 CMakeFiles/04-bme.dir/C_/Repositories/pico/pico-sdk/lib/tinyusb/src/tusb.c.obj
                0x10006ab8                tu_edpt_stream_write_xfer
 .text.tu_edpt_stream_read_xfer
                0x10006b1c       0xdc CMakeFiles/04-bme.dir/C_/Repositories/pico/pico-sdk/lib/tinyusb/src/tusb.c.obj
                0x10006b1c                tu_edpt_stream_read_xfer
 .text.tu_fifo_config
                0x10006bf8       0x70 CMakeFiles/04-bme.dir/C_/Repositories/pico/pico-sdk/lib/tinyusb/src/common/tusb_fifo.c.obj
                0x10006bf8                tu_fifo_config
 .text.tu_fifo_count
                0x10006c68       0x2c CMakeFiles/04-bme.dir/C_/Repositories/pico/pico-sdk/lib/tinyusb/src/common/tusb_fifo.c.obj
                0x10006c68                tu_fifo_count
 .text.tu_fifo_empty
                0x10006c94       0x10 CMakeFiles/04-bme.dir/C_/Repositories/pico/pico-sdk/lib/tinyusb/src/common/tusb_fifo.c.obj
                0x10006c94                tu_fifo_empty
 .text.tu_fifo_remaining
                0x10006ca4       0x2c CMakeFiles/04-bme.dir/C_/Repositories/pico/pico-sdk/lib/tinyusb/src/common/tusb_fifo.c.obj
                0x10006ca4                tu_fifo_remaining
 .text.tu_fifo_read
                0x10006cd0       0xa0 CMakeFiles/04-bme.dir/C_/Repositories/pico/pico-sdk/lib/tinyusb/src/common/tusb_fifo.c.obj
                0x10006cd0                tu_fifo_read
 .text.tu_fifo_read_n
                0x10006d70       0xec CMakeFiles/04-bme.dir/C_/Repositories/pico/pico-sdk/lib/tinyusb/src/common/tusb_fifo.c.obj
                0x10006d70                tu_fifo_read_n
 .text.tu_fifo_write
                0x10006e5c       0x88 CMakeFiles/04-bme.dir/C_/Repositories/pico/pico-sdk/lib/tinyusb/src/common/tusb_fifo.c.obj
                0x10006e5c                tu_fifo_write
 .text.tu_fifo_write_n
                0x10006ee4      0x168 CMakeFiles/04-bme.dir/C_/Repositories/pico/pico-sdk/lib/tinyusb/src/common/tusb_fifo.c.obj
                0x10006ee4                tu_fifo_write_n
 .text.tu_fifo_clear
                0x1000704c       0x40 CMakeFiles/04-bme.dir/C_/Repositories/pico/pico-sdk/lib/tinyusb/src/common/tusb_fifo.c.obj
                0x1000704c                tu_fifo_clear
 .text.tu_fifo_set_overwritable
                0x1000708c       0x48 CMakeFiles/04-bme.dir/C_/Repositories/pico/pico-sdk/lib/tinyusb/src/common/tusb_fifo.c.obj
                0x1000708c                tu_fifo_set_overwritable
 .text.i2c_write_blocking_internal
                0x100070d4      0x174 CMakeFiles/04-bme.dir/C_/Repositories/pico/pico-sdk/src/rp2_common/hardware_i2c/i2c.c.obj
 .text.i2c_read_blocking_internal
                0x10007248      0x108 CMakeFiles/04-bme.dir/C_/Repositories/pico/pico-sdk/src/rp2_common/hardware_i2c/i2c.c.obj
 .text.i2c_set_baudrate
                0x10007350       0xc0 CMakeFiles/04-bme.dir/C_/Repositories/pico/pico-sdk/src/rp2_common/hardware_i2c/i2c.c.obj
                0x10007350                i2c_set_baudrate
 .text.i2c_init
                0x10007410       0x54 CMakeFiles/04-bme.dir/C_/Repositories/pico/pico-sdk/src/rp2_common/hardware_i2c/i2c.c.obj
                0x10007410                i2c_init
 .text.i2c_write_blocking_until
                0x10007464       0x48 CMakeFiles/04-bme.dir/C_/Repositories/pico/pico-sdk/src/rp2_common/hardware_i2c/i2c.c.obj
                0x10007464                i2c_write_blocking_until
 .text.i2c_read_blocking_until
                0x100074ac       0x48 CMakeFiles/04-bme.dir/C_/Repositories/pico/pico-sdk/src/rp2_common/hardware_i2c/i2c.c.obj
                0x100074ac                i2c_read_blocking_until
 .text          0x100074f4       0x90 protocol/libprotocol.a(protocol-task.c.obj)
                0x100074f4                protocol_task_init
                0x10007520                protocol_task_handle
 .text          0x10007584      0x7e0 bme280-driver/libbme280-driver.a(bme280-driver.c.obj)
                0x10007584                bme280_init
                0x100075c8                bme280_read_regs
                0x100075f0                bme280_write_reg
                0x1000760c                bme280_read_temp_raw
                0x10007650                bme280_read_pres_raw
                0x10007694                bme280_read_hum_raw
                0x100076c4                bme280_get_t_fine
                0x100076d0                bme280_read_calibration
                0x10007758                BME280_compensate_T_double
                0x10007854                BME280_compensate_P_double
                0x10007a74                bme280_read_humidity_int
                0x10007b30                bme280_compensate_H_double
 .text._calloc_r
                0x10007d64       0x9c c:/program files (x86)/gnu arm embedded toolchain/10 2021.10/bin/../lib/gcc/arm-none-eabi/10.3.1/../../../../arm-none-eabi/lib/thumb/v6-m/nofp\libg.a(lib_a-callocr.o)
                0x10007d64                _calloc_r
 .text.__errno  0x10007e00        0xc c:/program files (x86)/gnu arm embedded toolchain/10 2021.10/bin/../lib/gcc/arm-none-eabi/10.3.1/../../../../arm-none-eabi/lib/thumb/v6-m/nofp\libg.a(lib_a-errno.o)
                0x10007e00                __errno
 .text.malloc   0x10007e0c       0x14 c:/program files (x86)/gnu arm embedded toolchain/10 2021.10/bin/../lib/gcc/arm-none-eabi/10.3.1/../../../../arm-none-eabi/lib/thumb/v6-m/nofp\libg.a(lib_a-malloc.o)
                0x10007e0c                malloc
 .text.free     0x10007e20       0x14 c:/program files (x86)/gnu arm embedded toolchain/10 2021.10/bin/../lib/gcc/arm-none-eabi/10.3.1/../../../../arm-none-eabi/lib/thumb/v6-m/nofp\libg.a(lib_a-malloc.o)
                0x10007e20                free
 .text._malloc_r
                0x10007e34      0x584 c:/program files (x86)/gnu arm embedded toolchain/10 2021.10/bin/../lib/gcc/arm-none-eabi/10.3.1/../../../../arm-none-eabi/lib/thumb/v6-m/nofp\libg.a(lib_a-mallocr.o)
                0x10007e34                _malloc_r
 .text.__malloc_lock
                0x100083b8       0x10 c:/program files (x86)/gnu arm embedded toolchain/10 2021.10/bin/../lib/gcc/arm-none-eabi/10.3.1/../../../../arm-none-eabi/lib/thumb/v6-m/nofp\libg.a(lib_a-mlock.o)
                0x100083b8                __malloc_lock
 .text.__malloc_unlock
                0x100083c8       0x10 c:/program files (x86)/gnu arm embedded toolchain/10 2021.10/bin/../lib/gcc/arm-none-eabi/10.3.1/../../../../arm-none-eabi/lib/thumb/v6-m/nofp\libg.a(lib_a-mlock.o)
                0x100083c8                __malloc_unlock
 .text.realloc  0x100083d8       0x18 c:/program files (x86)/gnu arm embedded toolchain/10 2021.10/bin/../lib/gcc/arm-none-eabi/10.3.1/../../../../arm-none-eabi/lib/thumb/v6-m/nofp\libg.a(lib_a-realloc.o)
                0x100083d8                realloc
 .text._realloc_r
                0x100083f0      0x354 c:/program files (x86)/gnu arm embedded toolchain/10 2021.10/bin/../lib/gcc/arm-none-eabi/10.3.1/../../../../arm-none-eabi/lib/thumb/v6-m/nofp\libg.a(lib_a-reallocr.o)
                0x100083f0                _realloc_r
 .text._sbrk_r  0x10008744       0x24 c:/program files (x86)/gnu arm embedded toolchain/10 2021.10/bin/../lib/gcc/arm-none-eabi/10.3.1/../../../../arm-none-eabi/lib/thumb/v6-m/nofp\libg.a(lib_a-sbrkr.o)
                0x10008744                _sbrk_r
 .text.sscanf   0x10008768       0x50 c:/program files (x86)/gnu arm embedded toolchain/10 2021.10/bin/../lib/gcc/arm-none-eabi/10.3.1/../../../../arm-none-eabi/lib/thumb/v6-m/nofp\libg.a(lib_a-sscanf.o)
                0x10008768                sscanf
 .text.__seofread
                0x100087b8        0x4 c:/program files (x86)/gnu arm embedded toolchain/10 2021.10/bin/../lib/gcc/arm-none-eabi/10.3.1/../../../../arm-none-eabi/lib/thumb/v6-m/nofp\libg.a(lib_a-stdio.o)
                0x100087b8                __seofread
 .text.strchr   0x100087bc       0xc0 c:/program files (x86)/gnu arm embedded toolchain/10 2021.10/bin/../lib/gcc/arm-none-eabi/10.3.1/../../../../arm-none-eabi/lib/thumb/v6-m/nofp\libg.a(lib_a-strchr.o)
                0x100087bc                strchr
 .text          0x1000887c       0x88 c:/program files (x86)/gnu arm embedded toolchain/10 2021.10/bin/../lib/gcc/arm-none-eabi/10.3.1/../../../../arm-none-eabi/lib/thumb/v6-m/nofp\libg.a(lib_a-strcmp.o)
                0x1000887c                strcmp
 .text.strlen   0x10008904       0x5c c:/program files (x86)/gnu arm embedded toolchain/10 2021.10/bin/../lib/gcc/arm-none-eabi/10.3.1/../../../../arm-none-eabi/lib/thumb/v6-m/nofp\libg.a(lib_a-strlen-stub.o)
                0x10008904                strlen
 .text._strtoul_l.constprop.0
                0x10008960      0x148 c:/program files (x86)/gnu arm embedded toolchain/10 2021.10/bin/../lib/gcc/arm-none-eabi/10.3.1/../../../../arm-none-eabi/lib/thumb/v6-m/nofp\libg.a(lib_a-strtoul.o)
 .text._strtoul_r
                0x10008aa8        0x8 c:/program files (x86)/gnu arm embedded toolchain/10 2021.10/bin/../lib/gcc/arm-none-eabi/10.3.1/../../../../arm-none-eabi/lib/thumb/v6-m/nofp\libg.a(lib_a-strtoul.o)
                0x10008aa8                _strtoul_r
 .text.strtoul  0x10008ab0       0x18 c:/program files (x86)/gnu arm embedded toolchain/10 2021.10/bin/../lib/gcc/arm-none-eabi/10.3.1/../../../../arm-none-eabi/lib/thumb/v6-m/nofp\libg.a(lib_a-strtoul.o)
                0x10008ab0                strtoul
 .text.__ssvfscanf_r
                0x10008ac8     0x17a0 c:/program files (x86)/gnu arm embedded toolchain/10 2021.10/bin/../lib/gcc/arm-none-eabi/10.3.1/../../../../arm-none-eabi/lib/thumb/v6-m/nofp\libg.a(lib_a-svfscanf.o)
                0x10008ac8                __ssvfscanf_r
 .text._malloc_trim_r
                0x1000a268       0x9c c:/program files (x86)/gnu arm embedded toolchain/10 2021.10/bin/../lib/gcc/arm-none-eabi/10.3.1/../../../../arm-none-eabi/lib/thumb/v6-m/nofp\libg.a(lib_a-freer.o)
                0x1000a268                _malloc_trim_r
 .text._free_r  0x1000a304      0x1c4 c:/program files (x86)/gnu arm embedded toolchain/10 2021.10/bin/../lib/gcc/arm-none-eabi/10.3.1/../../../../arm-none-eabi/lib/thumb/v6-m/nofp\libg.a(lib_a-freer.o)
                0x1000a304                _free_r
 .text.iswspace
                0x1000a4c8        0xc c:/program files (x86)/gnu arm embedded toolchain/10 2021.10/bin/../lib/gcc/arm-none-eabi/10.3.1/../../../../arm-none-eabi/lib/thumb/v6-m/nofp\libg.a(lib_a-iswspace.o)
                0x1000a4c8                iswspace
 .text.iswspace_l
                0x1000a4d4       0x18 c:/program files (x86)/gnu arm embedded toolchain/10 2021.10/bin/../lib/gcc/arm-none-eabi/10.3.1/../../../../arm-none-eabi/lib/thumb/v6-m/nofp\libg.a(lib_a-iswspace_l.o)
                0x1000a4d4                iswspace_l
 .text.__locale_mb_cur_max
                0x1000a4ec       0x10 c:/program files (x86)/gnu arm embedded toolchain/10 2021.10/bin/../lib/gcc/arm-none-eabi/10.3.1/../../../../arm-none-eabi/lib/thumb/v6-m/nofp\libg.a(lib_a-locale.o)
                0x1000a4ec                __locale_mb_cur_max
 .text._localeconv_r
                0x1000a4fc        0x8 c:/program files (x86)/gnu arm embedded toolchain/10 2021.10/bin/../lib/gcc/arm-none-eabi/10.3.1/../../../../arm-none-eabi/lib/thumb/v6-m/nofp\libg.a(lib_a-localeconv.o)
                0x1000a4fc                _localeconv_r
 .text.__retarget_lock_acquire_recursive
                0x1000a504        0x4 c:/program files (x86)/gnu arm embedded toolchain/10 2021.10/bin/../lib/gcc/arm-none-eabi/10.3.1/../../../../arm-none-eabi/lib/thumb/v6-m/nofp\libg.a(lib_a-lock.o)
                0x1000a504                __retarget_lock_acquire_recursive
 .text.__retarget_lock_release_recursive
                0x1000a508        0x4 c:/program files (x86)/gnu arm embedded toolchain/10 2021.10/bin/../lib/gcc/arm-none-eabi/10.3.1/../../../../arm-none-eabi/lib/thumb/v6-m/nofp\libg.a(lib_a-lock.o)
                0x1000a508                __retarget_lock_release_recursive
 .text._mbrtowc_r
                0x1000a50c       0x4c c:/program files (x86)/gnu arm embedded toolchain/10 2021.10/bin/../lib/gcc/arm-none-eabi/10.3.1/../../../../arm-none-eabi/lib/thumb/v6-m/nofp\libg.a(lib_a-mbrtowc.o)
                0x1000a50c                _mbrtowc_r
 .text.__ascii_mbtowc
                0x1000a558       0x2c c:/program files (x86)/gnu arm embedded toolchain/10 2021.10/bin/../lib/gcc/arm-none-eabi/10.3.1/../../../../arm-none-eabi/lib/thumb/v6-m/nofp\libg.a(lib_a-mbtowc_r.o)
                0x1000a558                __ascii_mbtowc
 .text.memmove  0x1000a584       0xac c:/program files (x86)/gnu arm embedded toolchain/10 2021.10/bin/../lib/gcc/arm-none-eabi/10.3.1/../../../../arm-none-eabi/lib/thumb/v6-m/nofp\libg.a(lib_a-memmove.o)
                0x1000a584                memmove
 .text.__sccl   0x1000a630       0x80 c:/program files (x86)/gnu arm embedded toolchain/10 2021.10/bin/../lib/gcc/arm-none-eabi/10.3.1/../../../../arm-none-eabi/lib/thumb/v6-m/nofp\libg.a(lib_a-sccl.o)
                0x1000a630                __sccl
 .text.nanf     0x1000a6b0        0x8 c:/program files (x86)/gnu arm embedded toolchain/10 2021.10/bin/../lib/gcc/arm-none-eabi/10.3.1/../../../../arm-none-eabi/lib/thumb/v6-m/nofp\libg.a(lib_a-sf_nan.o)
                0x1000a6b0                nanf
 .text.strncmp  0x1000a6b8       0x74 c:/program files (x86)/gnu arm embedded toolchain/10 2021.10/bin/../lib/gcc/arm-none-eabi/10.3.1/../../../../arm-none-eabi/lib/thumb/v6-m/nofp\libg.a(lib_a-strncmp.o)
                0x1000a6b8                strncmp
 .text._strtod_l
                0x1000a72c      0xf78 c:/program files (x86)/gnu arm embedded toolchain/10 2021.10/bin/../lib/gcc/arm-none-eabi/10.3.1/../../../../arm-none-eabi/lib/thumb/v6-m/nofp\libg.a(lib_a-strtod.o)
                0x1000a72c                _strtod_l
 .text._strtod_r
                0x1000b6a4       0x10 c:/program files (x86)/gnu arm embedded toolchain/10 2021.10/bin/../lib/gcc/arm-none-eabi/10.3.1/../../../../arm-none-eabi/lib/thumb/v6-m/nofp\libg.a(lib_a-strtod.o)
                0x1000b6a4                _strtod_r
 .text._strtol_l.part.0
                0x1000b6b4      0x144 c:/program files (x86)/gnu arm embedded toolchain/10 2021.10/bin/../lib/gcc/arm-none-eabi/10.3.1/../../../../arm-none-eabi/lib/thumb/v6-m/nofp\libg.a(lib_a-strtol.o)
 .text._strtol_r
                0x1000b7f8       0x1c c:/program files (x86)/gnu arm embedded toolchain/10 2021.10/bin/../lib/gcc/arm-none-eabi/10.3.1/../../../../arm-none-eabi/lib/thumb/v6-m/nofp\libg.a(lib_a-strtol.o)
                0x1000b7f8                _strtol_r
 .text._strtoll_l.constprop.0
                0x1000b814      0x198 c:/program files (x86)/gnu arm embedded toolchain/10 2021.10/bin/../lib/gcc/arm-none-eabi/10.3.1/../../../../arm-none-eabi/lib/thumb/v6-m/nofp\libg.a(lib_a-strtoll.o)
 .text._strtoll_r
                0x1000b9ac        0x8 c:/program files (x86)/gnu arm embedded toolchain/10 2021.10/bin/../lib/gcc/arm-none-eabi/10.3.1/../../../../arm-none-eabi/lib/thumb/v6-m/nofp\libg.a(lib_a-strtoll.o)
                0x1000b9ac                _strtoll_r
 .text._strtoull_l.constprop.0
                0x1000b9b4      0x1bc c:/program files (x86)/gnu arm embedded toolchain/10 2021.10/bin/../lib/gcc/arm-none-eabi/10.3.1/../../../../arm-none-eabi/lib/thumb/v6-m/nofp\libg.a(lib_a-strtoull.o)
 .text._strtoull_r
                0x1000bb70        0x8 c:/program files (x86)/gnu arm embedded toolchain/10 2021.10/bin/../lib/gcc/arm-none-eabi/10.3.1/../../../../arm-none-eabi/lib/thumb/v6-m/nofp\libg.a(lib_a-strtoull.o)
                0x1000bb70                _strtoull_r
 .text._sungetc_r
                0x1000bb78       0x84 c:/program files (x86)/gnu arm embedded toolchain/10 2021.10/bin/../lib/gcc/arm-none-eabi/10.3.1/../../../../arm-none-eabi/lib/thumb/v6-m/nofp\libg.a(lib_a-svfiscanf.o)
                0x1000bb78                _sungetc_r
 .text.__ssrefill_r
                0x1000bbfc       0x40 c:/program files (x86)/gnu arm embedded toolchain/10 2021.10/bin/../lib/gcc/arm-none-eabi/10.3.1/../../../../arm-none-eabi/lib/thumb/v6-m/nofp\libg.a(lib_a-svfiscanf.o)
                0x1000bbfc                __ssrefill_r
 .text._sfread_r
                0x1000bc3c       0xc4 c:/program files (x86)/gnu arm embedded toolchain/10 2021.10/bin/../lib/gcc/arm-none-eabi/10.3.1/../../../../arm-none-eabi/lib/thumb/v6-m/nofp\libg.a(lib_a-svfiscanf.o)
                0x1000bc3c                _sfread_r
 .text.__submore
                0x1000bd00       0x84 c:/program files (x86)/gnu arm embedded toolchain/10 2021.10/bin/../lib/gcc/arm-none-eabi/10.3.1/../../../../arm-none-eabi/lib/thumb/v6-m/nofp\libg.a(lib_a-ungetc.o)
                0x1000bd00                __submore
 .text.__ascii_wctomb
                0x1000bd84       0x1c c:/program files (x86)/gnu arm embedded toolchain/10 2021.10/bin/../lib/gcc/arm-none-eabi/10.3.1/../../../../arm-none-eabi/lib/thumb/v6-m/nofp\libg.a(lib_a-wctomb_r.o)
                0x1000bd84                __ascii_wctomb
 .text.rshift   0x1000bda0       0xa4 c:/program files (x86)/gnu arm embedded toolchain/10 2021.10/bin/../lib/gcc/arm-none-eabi/10.3.1/../../../../arm-none-eabi/lib/thumb/v6-m/nofp\libg.a(lib_a-gdtoa-gethex.o)
 .text.__gethex
                0x1000be44      0x5cc c:/program files (x86)/gnu arm embedded toolchain/10 2021.10/bin/../lib/gcc/arm-none-eabi/10.3.1/../../../../arm-none-eabi/lib/thumb/v6-m/nofp\libg.a(lib_a-gdtoa-gethex.o)
                0x1000be44                __gethex
 .text.__match  0x1000c410       0x2c c:/program files (x86)/gnu arm embedded toolchain/10 2021.10/bin/../lib/gcc/arm-none-eabi/10.3.1/../../../../arm-none-eabi/lib/thumb/v6-m/nofp\libg.a(lib_a-gdtoa-hexnan.o)
                0x1000c410                __match
 .text.__hexnan
                0x1000c43c      0x1d0 c:/program files (x86)/gnu arm embedded toolchain/10 2021.10/bin/../lib/gcc/arm-none-eabi/10.3.1/../../../../arm-none-eabi/lib/thumb/v6-m/nofp\libg.a(lib_a-gdtoa-hexnan.o)
                0x1000c43c                __hexnan
 .text._Balloc  0x1000c60c       0x50 c:/program files (x86)/gnu arm embedded toolchain/10 2021.10/bin/../lib/gcc/arm-none-eabi/10.3.1/../../../../arm-none-eabi/lib/thumb/v6-m/nofp\libg.a(lib_a-mprec.o)
                0x1000c60c                _Balloc
 .text._Bfree   0x1000c65c       0x14 c:/program files (x86)/gnu arm embedded toolchain/10 2021.10/bin/../lib/gcc/arm-none-eabi/10.3.1/../../../../arm-none-eabi/lib/thumb/v6-m/nofp\libg.a(lib_a-mprec.o)
                0x1000c65c                _Bfree
 .text.__multadd
                0x1000c670       0xa8 c:/program files (x86)/gnu arm embedded toolchain/10 2021.10/bin/../lib/gcc/arm-none-eabi/10.3.1/../../../../arm-none-eabi/lib/thumb/v6-m/nofp\libg.a(lib_a-mprec.o)
                0x1000c670                __multadd
 .text.__s2b    0x1000c718       0xb0 c:/program files (x86)/gnu arm embedded toolchain/10 2021.10/bin/../lib/gcc/arm-none-eabi/10.3.1/../../../../arm-none-eabi/lib/thumb/v6-m/nofp\libg.a(lib_a-mprec.o)
                0x1000c718                __s2b
 .text.__hi0bits
                0x1000c7c8       0x38 c:/program files (x86)/gnu arm embedded toolchain/10 2021.10/bin/../lib/gcc/arm-none-eabi/10.3.1/../../../../arm-none-eabi/lib/thumb/v6-m/nofp\libg.a(lib_a-mprec.o)
                0x1000c7c8                __hi0bits
 .text.__lo0bits
                0x1000c800       0x5c c:/program files (x86)/gnu arm embedded toolchain/10 2021.10/bin/../lib/gcc/arm-none-eabi/10.3.1/../../../../arm-none-eabi/lib/thumb/v6-m/nofp\libg.a(lib_a-mprec.o)
                0x1000c800                __lo0bits
 .text.__i2b    0x1000c85c       0x60 c:/program files (x86)/gnu arm embedded toolchain/10 2021.10/bin/../lib/gcc/arm-none-eabi/10.3.1/../../../../arm-none-eabi/lib/thumb/v6-m/nofp\libg.a(lib_a-mprec.o)
                0x1000c85c                __i2b
 .text.__multiply
                0x1000c8bc      0x1a4 c:/program files (x86)/gnu arm embedded toolchain/10 2021.10/bin/../lib/gcc/arm-none-eabi/10.3.1/../../../../arm-none-eabi/lib/thumb/v6-m/nofp\libg.a(lib_a-mprec.o)
                0x1000c8bc                __multiply
 .text.__pow5mult
                0x1000ca60       0xd8 c:/program files (x86)/gnu arm embedded toolchain/10 2021.10/bin/../lib/gcc/arm-none-eabi/10.3.1/../../../../arm-none-eabi/lib/thumb/v6-m/nofp\libg.a(lib_a-mprec.o)
                0x1000ca60                __pow5mult
 .text.__lshift
                0x1000cb38       0xfc c:/program files (x86)/gnu arm embedded toolchain/10 2021.10/bin/../lib/gcc/arm-none-eabi/10.3.1/../../../../arm-none-eabi/lib/thumb/v6-m/nofp\libg.a(lib_a-mprec.o)
                0x1000cb38                __lshift
 .text.__mcmp   0x1000cc34       0x34 c:/program files (x86)/gnu arm embedded toolchain/10 2021.10/bin/../lib/gcc/arm-none-eabi/10.3.1/../../../../arm-none-eabi/lib/thumb/v6-m/nofp\libg.a(lib_a-mprec.o)
                0x1000cc34                __mcmp
 .text.__mdiff  0x1000cc68      0x18c c:/program files (x86)/gnu arm embedded toolchain/10 2021.10/bin/../lib/gcc/arm-none-eabi/10.3.1/../../../../arm-none-eabi/lib/thumb/v6-m/nofp\libg.a(lib_a-mprec.o)
                0x1000cc68                __mdiff
 .text.__ulp    0x1000cdf4       0x48 c:/program files (x86)/gnu arm embedded toolchain/10 2021.10/bin/../lib/gcc/arm-none-eabi/10.3.1/../../../../arm-none-eabi/lib/thumb/v6-m/nofp\libg.a(lib_a-mprec.o)
                0x1000cdf4                __ulp
 .text.__b2d    0x1000ce3c       0xc8 c:/program files (x86)/gnu arm embedded toolchain/10 2021.10/bin/../lib/gcc/arm-none-eabi/10.3.1/../../../../arm-none-eabi/lib/thumb/v6-m/nofp\libg.a(lib_a-mprec.o)
                0x1000ce3c                __b2d
 .text.__d2b    0x1000cf04       0xd8 c:/program files (x86)/gnu arm embedded toolchain/10 2021.10/bin/../lib/gcc/arm-none-eabi/10.3.1/../../../../arm-none-eabi/lib/thumb/v6-m/nofp\libg.a(lib_a-mprec.o)
                0x1000cf04                __d2b
 .text.__ratio  0x1000cfdc       0x68 c:/program files (x86)/gnu arm embedded toolchain/10 2021.10/bin/../lib/gcc/arm-none-eabi/10.3.1/../../../../arm-none-eabi/lib/thumb/v6-m/nofp\libg.a(lib_a-mprec.o)
                0x1000cfdc                __ratio
 .text.__copybits
                0x1000d044       0x40 c:/program files (x86)/gnu arm embedded toolchain/10 2021.10/bin/../lib/gcc/arm-none-eabi/10.3.1/../../../../arm-none-eabi/lib/thumb/v6-m/nofp\libg.a(lib_a-mprec.o)
                0x1000d044                __copybits
 .text.__any_on
                0x1000d084       0x50 c:/program files (x86)/gnu arm embedded toolchain/10 2021.10/bin/../lib/gcc/arm-none-eabi/10.3.1/../../../../arm-none-eabi/lib/thumb/v6-m/nofp\libg.a(lib_a-mprec.o)
                0x1000d084                __any_on
 .text.nan      0x1000d0d4        0xc c:/program files (x86)/gnu arm embedded toolchain/10 2021.10/bin/../lib/gcc/arm-none-eabi/10.3.1/../../../../arm-none-eabi/lib/thumb/v6-m/nofp\libg.a(lib_a-s_nan.o)
                0x1000d0d4                nan
 *(.fini)
 .fini          0x1000d0e0        0x4 c:/program files (x86)/gnu arm embedded toolchain/10 2021.10/bin/../lib/gcc/arm-none-eabi/10.3.1/thumb/v6-m/nofp/crti.o
                0x1000d0e0                _fini
 *fill*         0x1000d0e4        0x4 
 .fini.__stub   0x1000d0e8       0xd0 linker stubs
 *crtbegin.o(.ctors)
 *crtbegin?.o(.ctors)
 *(EXCLUDE_FILE(*crtend.o *crtend?.o) .ctors)
 *(SORT_BY_NAME(.ctors.*))
 *(.ctors)
 *crtbegin.o(.dtors)
 *crtbegin?.o(.dtors)
 *(EXCLUDE_FILE(*crtend.o *crtend?.o) .dtors)
 *(SORT_BY_NAME(.dtors.*))
 *(.dtors)
                0x1000d1b8                . = ALIGN (0x4)
                0x1000d1b8                PROVIDE (__preinit_array_start = .)
 *(SORT_BY_NAME(.preinit_array.*))
 .preinit_array.00100
                0x1000d1b8        0x4 CMakeFiles/04-bme.dir/C_/Repositories/pico/pico-sdk/src/rp2_common/pico_runtime_init/runtime_init.c.obj
                0x1000d1b8                __pre_init_runtime_init_early_resets
 .preinit_array.00101
                0x1000d1bc        0x4 CMakeFiles/04-bme.dir/C_/Repositories/pico/pico-sdk/src/rp2_common/pico_runtime_init/runtime_init.c.obj
                0x1000d1bc                __pre_init_runtime_init_usb_power_down
 .preinit_array.00275
                0x1000d1c0        0x4 CMakeFiles/04-bme.dir/C_/Repositories/pico/pico-sdk/src/rp2_common/pico_bit_ops/bit_ops_aeabi.S.obj
 .preinit_array.00300
                0x1000d1c4        0x4 CMakeFiles/04-bme.dir/C_/Repositories/pico/pico-sdk/src/rp2_common/pico_mem_ops/mem_ops_aeabi.S.obj
 .preinit_array.00350
                0x1000d1c8        0x4 CMakeFiles/04-bme.dir/C_/Repositories/pico/pico-sdk/src/rp2_common/pico_double/double_aeabi_rp2040.S.obj
 .preinit_array.00350
                0x1000d1cc        0x4 CMakeFiles/04-bme.dir/C_/Repositories/pico/pico-sdk/src/rp2_common/pico_float/float_aeabi_rp2040.S.obj
 .preinit_array.00500
                0x1000d1d0        0x4 CMakeFiles/04-bme.dir/C_/Repositories/pico/pico-sdk/src/rp2_common/pico_runtime_init/runtime_init.c.obj
                0x1000d1d0                __pre_init_runtime_init_clocks
 .preinit_array.00600
                0x1000d1d4        0x4 CMakeFiles/04-bme.dir/C_/Repositories/pico/pico-sdk/src/rp2_common/pico_runtime_init/runtime_init.c.obj
                0x1000d1d4                __pre_init_runtime_init_post_clock_resets
 .preinit_array.00700
                0x1000d1d8        0x4 CMakeFiles/04-bme.dir/C_/Repositories/pico/pico-sdk/src/rp2_common/pico_runtime_init/runtime_init.c.obj
                0x1000d1d8                __pre_init_runtime_init_rp2040_gpio_ie_disable
 .preinit_array.01000
                0x1000d1dc        0x4 CMakeFiles/04-bme.dir/C_/Repositories/pico/pico-sdk/src/rp2_common/pico_runtime_init/runtime_init.c.obj
                0x1000d1dc                __pre_init_runtime_init_spin_locks_reset
 .preinit_array.01100
                0x1000d1e0        0x4 CMakeFiles/04-bme.dir/C_/Repositories/pico/pico-sdk/src/common/pico_sync/mutex.c.obj
                0x1000d1e0                __pre_init_runtime_init_mutex
 .preinit_array.10080
                0x1000d1e4        0x4 CMakeFiles/04-bme.dir/C_/Repositories/pico/pico-sdk/src/rp2_common/pico_runtime_init/runtime_init.c.obj
                0x1000d1e4                __pre_init_runtime_init_install_ram_vector_table
 .preinit_array.11000
                0x1000d1e8        0x4 CMakeFiles/04-bme.dir/C_/Repositories/pico/pico-sdk/src/common/pico_time/time.c.obj
                0x1000d1e8                __pre_init_runtime_init_default_alarm_pool
 .preinit_array.YYYYY
                0x1000d1ec        0x4 CMakeFiles/04-bme.dir/C_/Repositories/pico/pico-sdk/src/rp2_common/pico_runtime/runtime.c.obj
                0x1000d1ec                __pre_init_first_per_core_initializer
 .preinit_array.ZZZZZ.01200
                0x1000d1f0        0x4 CMakeFiles/04-bme.dir/C_/Repositories/pico/pico-sdk/src/rp2_common/hardware_irq/irq.c.obj
                0x1000d1f0                __pre_init_runtime_init_per_core_irq_priorities
 *(.preinit_array)
                0x1000d1f4                PROVIDE (__preinit_array_end = .)
                0x1000d1f4                . = ALIGN (0x4)
                0x1000d1f4                PROVIDE (__init_array_start = .)
 *(SORT_BY_NAME(.init_array.*))
 .init_array.01000
                0x1000d1f4        0x4 CMakeFiles/04-bme.dir/C_/Repositories/pico/pico-sdk/src/rp2_common/pico_unique_id/unique_id.c.obj
 *(.init_array)
 .init_array    0x1000d1f8        0x4 c:/program files (x86)/gnu arm embedded toolchain/10 2021.10/bin/../lib/gcc/arm-none-eabi/10.3.1/thumb/v6-m/nofp/crtbegin.o
                0x1000d1fc                PROVIDE (__init_array_end = .)
                0x1000d1fc                . = ALIGN (0x4)
                [!provide]                PROVIDE (__fini_array_start = .)
 *(SORT_BY_NAME(.fini_array.*))
 *(.fini_array)
                [!provide]                PROVIDE (__fini_array_end = .)
 *(.eh_frame*)
 .eh_frame      0x1000d1fc        0x0 c:/program files (x86)/gnu arm embedded toolchain/10 2021.10/bin/../lib/gcc/arm-none-eabi/10.3.1/thumb/v6-m/nofp/crtbegin.o
                0x1000d1fc                . = ALIGN (0x4)

.glue_7         0x1000d1fc        0x0
 .glue_7        0x1000d1fc        0x0 linker stubs

.glue_7t        0x1000d1fc        0x0
 .glue_7t       0x1000d1fc        0x0 linker stubs

.vfp11_veneer   0x1000d1fc        0x0
 .vfp11_veneer  0x1000d1fc        0x0 linker stubs

.v4_bx          0x1000d1fc        0x0
 .v4_bx         0x1000d1fc        0x0 linker stubs

.iplt           0x1000d1fc        0x0
 .iplt          0x1000d1fc        0x0 c:/program files (x86)/gnu arm embedded toolchain/10 2021.10/bin/../lib/gcc/arm-none-eabi/10.3.1/thumb/v6-m/nofp/crtbegin.o

.rodata         0x1000d200     0x18cc
 *(EXCLUDE_FILE(*libm.a: *libc.a:*lib_a-mem*.o *libgcc.a:) .rodata*)
 .rodata.version_callback.str1.4
                0x1000d200       0x41 CMakeFiles/04-bme.dir/main.c.obj
 *fill*         0x1000d241        0x3 
 .rodata.help_callback.str1.4
                0x1000d244        0x8 CMakeFiles/04-bme.dir/main.c.obj
 .rodata.led_blink_set_period_ms_callback.str1.4
                0x1000d24c       0x4b CMakeFiles/04-bme.dir/main.c.obj
 *fill*         0x1000d297        0x1 
 .rodata.mem_callback.str1.4
                0x1000d298       0x14 CMakeFiles/04-bme.dir/main.c.obj
 .rodata.wmem_callback.str1.4
                0x1000d2ac       0x2b CMakeFiles/04-bme.dir/main.c.obj
 *fill*         0x1000d2d7        0x1 
 .rodata.read_regs_callback.str1.4
                0x1000d2d8       0x9f CMakeFiles/04-bme.dir/main.c.obj
 *fill*         0x1000d377        0x1 
 .rodata.temp_raw_callback.str1.4
                0x1000d378       0x20 CMakeFiles/04-bme.dir/main.c.obj
 .rodata.hum_raw_callback.str1.4
                0x1000d398       0x1b CMakeFiles/04-bme.dir/main.c.obj
 *fill*         0x1000d3b3        0x1 
 .rodata.pres_raw_callback.str1.4
                0x1000d3b4       0x1d CMakeFiles/04-bme.dir/main.c.obj
 *fill*         0x1000d3d1        0x3 
 .rodata.temp_callback.str1.4
                0x1000d3d4       0x16 CMakeFiles/04-bme.dir/main.c.obj
 *fill*         0x1000d3ea        0x2 
 .rodata.pres_callback.str1.4
                0x1000d3ec       0x1e CMakeFiles/04-bme.dir/main.c.obj
 *fill*         0x1000d40a        0x2 
 .rodata.hum_callback.str1.4
                0x1000d40c       0x13 CMakeFiles/04-bme.dir/main.c.obj
 *fill*         0x1000d41f        0x1 
 .rodata.diagnose_bme280.str1.4
                0x1000d420      0x178 CMakeFiles/04-bme.dir/main.c.obj
 .rodata.str1.4
                0x1000d598      0x3e2 CMakeFiles/04-bme.dir/main.c.obj
 *fill*         0x1000d97a        0x2 
 .rodata.stdio_task_handle.str1.4
                0x1000d97c       0x17 CMakeFiles/04-bme.dir/stdio-task/stdio-task.c.obj
 *fill*         0x1000d993        0x1 
 .rodata.panic.str1.4
                0x1000d994       0x10 CMakeFiles/04-bme.dir/C_/Repositories/pico/pico-sdk/src/rp2_common/pico_platform_panic/panic.c.obj
                                 0x12 (size before relaxing)
 .rodata.spin_lock_claim_unused.str1.4
                0x1000d9a4       0x1b CMakeFiles/04-bme.dir/C_/Repositories/pico/pico-sdk/src/rp2_common/hardware_sync/sync.c.obj
 *fill*         0x1000d9bf        0x1 
 .rodata.user_irq_claim_unused.str1.4
                0x1000d9c0       0x1b CMakeFiles/04-bme.dir/C_/Repositories/pico/pico-sdk/src/rp2_common/hardware_irq/irq.c.obj
 *fill*         0x1000d9db        0x1 
 .rodata.timer_hardware_alarm_claim.str1.4
                0x1000d9dc       0x22 CMakeFiles/04-bme.dir/C_/Repositories/pico/pico-sdk/src/rp2_common/hardware_timer/timer.c.obj
 *fill*         0x1000d9fe        0x2 
 .rodata.hard_assertion_failure.str1.4
                0x1000da00        0xc CMakeFiles/04-bme.dir/C_/Repositories/pico/pico-sdk/src/rp2_common/pico_runtime/runtime.c.obj
 .rodata.__wrap_malloc.str1.4
                0x1000da0c        0xe CMakeFiles/04-bme.dir/C_/Repositories/pico/pico-sdk/src/rp2_common/pico_malloc/malloc.c.obj
 *fill*         0x1000da1a        0x2 
 .rodata.str1.4
                0x1000da1c       0x3c CMakeFiles/04-bme.dir/C_/Repositories/pico/pico-sdk/src/rp2_common/pico_standard_binary_info/standard_binary_info.c.obj
 .rodata.__bi_26
                0x1000da58        0xc CMakeFiles/04-bme.dir/C_/Repositories/pico/pico-sdk/src/rp2_common/pico_standard_binary_info/standard_binary_info.c.obj
 .rodata.__bi_34
                0x1000da64        0xc CMakeFiles/04-bme.dir/C_/Repositories/pico/pico-sdk/src/rp2_common/pico_standard_binary_info/standard_binary_info.c.obj
 .rodata.__bi_42
                0x1000da70        0xc CMakeFiles/04-bme.dir/C_/Repositories/pico/pico-sdk/src/rp2_common/pico_standard_binary_info/standard_binary_info.c.obj
 .rodata.__bi_48
                0x1000da7c        0xc CMakeFiles/04-bme.dir/C_/Repositories/pico/pico-sdk/src/rp2_common/pico_standard_binary_info/standard_binary_info.c.obj
 .rodata.__bi_54
                0x1000da88        0xc CMakeFiles/04-bme.dir/C_/Repositories/pico/pico-sdk/src/rp2_common/pico_standard_binary_info/standard_binary_info.c.obj
 .rodata.__bi_78
                0x1000da94        0xc CMakeFiles/04-bme.dir/C_/Repositories/pico/pico-sdk/src/rp2_common/pico_standard_binary_info/standard_binary_info.c.obj
 .rodata.__bi_84
                0x1000daa0        0xc CMakeFiles/04-bme.dir/C_/Repositories/pico/pico-sdk/src/rp2_common/pico_standard_binary_info/standard_binary_info.c.obj
 .rodata._ftoa.str1.4
                0x1000daac       0x15 CMakeFiles/04-bme.dir/C_/Repositories/pico/pico-sdk/src/rp2_common/pico_printf/printf.c.obj
 *fill*         0x1000dac1        0x3 
 .rodata._vsnprintf
                0x1000dac4      0x1e0 CMakeFiles/04-bme.dir/C_/Repositories/pico/pico-sdk/src/rp2_common/pico_printf/printf.c.obj
 *fill*         0x1000dca4        0x4 
 .rodata.pow10.0
                0x1000dca8       0x50 CMakeFiles/04-bme.dir/C_/Repositories/pico/pico-sdk/src/rp2_common/pico_printf/printf.c.obj
 .rodata.__assert_func.str1.4
                0x1000dcf8       0x3f CMakeFiles/04-bme.dir/C_/Repositories/pico/pico-sdk/src/rp2_common/pico_clib_interface/newlib_interface.c.obj
                                 0x43 (size before relaxing)
 *fill*         0x1000dd37        0x1 
 .rodata.crlf_str.0
                0x1000dd38        0x2 CMakeFiles/04-bme.dir/C_/Repositories/pico/pico-sdk/src/rp2_common/pico_stdio/stdio.c.obj
 *fill*         0x1000dd3a        0x2 
 .rodata._resetd_driver
                0x1000dd3c       0x20 CMakeFiles/04-bme.dir/C_/Repositories/pico/pico-sdk/src/rp2_common/pico_stdio_usb/reset_interface.c.obj
 .rodata.desc_bos
                0x1000dd5c       0x21 CMakeFiles/04-bme.dir/C_/Repositories/pico/pico-sdk/src/rp2_common/pico_stdio_usb/reset_interface.c.obj
                0x1000dd5c                desc_bos
 *fill*         0x1000dd7d        0x3 
 .rodata.desc_ms_os_20
                0x1000dd80       0xa6 CMakeFiles/04-bme.dir/C_/Repositories/pico/pico-sdk/src/rp2_common/pico_stdio_usb/reset_interface.c.obj
 *fill*         0x1000de26        0x2 
 .rodata.str1.4
                0x1000de28       0x13 CMakeFiles/04-bme.dir/C_/Repositories/pico/pico-sdk/src/rp2_common/pico_stdio_usb/stdio_usb.c.obj
 *fill*         0x1000de3b        0x1 
 .rodata.__bi_202.0
                0x1000de3c        0xc CMakeFiles/04-bme.dir/C_/Repositories/pico/pico-sdk/src/rp2_common/pico_stdio_usb/stdio_usb.c.obj
 .rodata.str1.4
                0x1000de48       0x2a CMakeFiles/04-bme.dir/C_/Repositories/pico/pico-sdk/src/rp2_common/pico_stdio_usb/stdio_usb_descriptors.c.obj
 *fill*         0x1000de72        0x2 
 .rodata.usbd_desc_cfg
                0x1000de74       0x54 CMakeFiles/04-bme.dir/C_/Repositories/pico/pico-sdk/src/rp2_common/pico_stdio_usb/stdio_usb_descriptors.c.obj
 .rodata.usbd_desc_device
                0x1000dec8       0x12 CMakeFiles/04-bme.dir/C_/Repositories/pico/pico-sdk/src/rp2_common/pico_stdio_usb/stdio_usb_descriptors.c.obj
 *fill*         0x1000deda        0x2 
 .rodata.usbd_desc_str
                0x1000dedc       0x18 CMakeFiles/04-bme.dir/C_/Repositories/pico/pico-sdk/src/rp2_common/pico_stdio_usb/stdio_usb_descriptors.c.obj