Archive member included to satisfy reference by file (symbol)

ili9341-driver/libili9341.a(ili9341-driver.c.obj)
                              CMakeFiles/05-display.dir/main.c.obj (ili9341_init)
ili9341-driver/libili9341.a(ili9341-display.c.obj)
                              CMakeFiles/05-display.dir/main.c.obj (ili9341_draw_pixel)
ili9341-driver/libili9341.a(ili9341-font.c.obj)
                              CMakeFiles/05-display.dir/main.c.obj (ili9341_draw_text)
ili9341-driver/libili9341.a(font-jetbrains.c.obj)
                              ili9341-driver/libili9341.a(ili9341-font.c.obj) (font_jetbrains_mono_8)
c:/program files (x86)/gnu arm embedded toolchain/10 2021.10/bin/../lib/gcc/arm-none-eabi/10.3.1/thumb/v6-m/nofp\libgcc.a(_dvmd_tls.o)
                              CMakeFiles/05-display.dir/C_/Repositories/pico/pico-sdk/src/rp2_common/pico_divider/divider_hardware.S.obj (__aeabi_idiv0)
c:/program files (x86)/gnu arm embedded toolchain/10 2021.10/bin/../lib/gcc/arm-none-eabi/10.3.1/../../../../arm-none-eabi/lib/thumb/v6-m/nofp\libg.a(lib_a-calloc.o)
                              CMakeFiles/05-display.dir/C_/Repositories/pico/pico-sdk/src/rp2_common/pico_malloc/malloc.c.obj (calloc)
c:/program files (x86)/gnu arm embedded toolchain/10 2021.10/bin/../lib/gcc/arm-none-eabi/10.3.1/../../../../arm-none-eabi/lib/thumb/v6-m/nofp\libg.a(lib_a-callocr.o)
                              c:/program files (x86)/gnu arm embedded toolchain/10 2021.10/bin/../lib/gcc/arm-none-eabi/10.3.1/../../../../arm-none-eabi/lib/thumb/v6-m/nofp\libg.a(lib_a-calloc.o) (_calloc_r)
c:/program files (x86)/gnu arm embedded toolchain/10 2021.10/bin/../lib/gcc/arm-none-eabi/10.3.1/../../../../arm-none-eabi/lib/thumb/v6-m/nofp\libg.a(lib_a-errno.o)
                              c:/program files (x86)/gnu arm embedded toolchain/10 2021.10/bin/../lib/gcc/arm-none-eabi/10.3.1/../../../../arm-none-eabi/lib/thumb/v6-m/nofp\libg.a(lib_a-callocr.o) (__errno)
c:/program files (x86)/gnu arm embedded toolchain/10 2021.10/bin/../lib/gcc/arm-none-eabi/10.3.1/../../../../arm-none-eabi/lib/thumb/v6-m/nofp\libg.a(lib_a-impure.o)
                              c:/program files (x86)/gnu arm embedded toolchain/10 2021.10/bin/../lib/gcc/arm-none-eabi/10.3.1/../../../../arm-none-eabi/lib/thumb/v6-m/nofp\libg.a(lib_a-calloc.o) (_impure_ptr)
c:/program files (x86)/gnu arm embedded toolchain/10 2021.10/bin/../lib/gcc/arm-none-eabi/10.3.1/../../../../arm-none-eabi/lib/thumb/v6-m/nofp\libg.a(lib_a-init.o)
                              c:/program files (x86)/gnu arm embedded toolchain/10 2021.10/bin/../lib/gcc/arm-none-eabi/10.3.1/../../../../arm-none-eabi/lib/thumb/v6-m/nofp/crt0.o (__libc_init_array)
c:/program files (x86)/gnu arm embedded toolchain/10 2021.10/bin/../lib/gcc/arm-none-eabi/10.3.1/../../../../arm-none-eabi/lib/thumb/v6-m/nofp\libg.a(lib_a-lcltime_r.o)
                              CMakeFiles/05-display.dir/C_/Repositories/pico/pico-sdk/src/common/pico_util/datetime.c.obj (localtime_r)
c:/program files (x86)/gnu arm embedded toolchain/10 2021.10/bin/../lib/gcc/arm-none-eabi/10.3.1/../../../../arm-none-eabi/lib/thumb/v6-m/nofp\libg.a(lib_a-malloc.o)
                              CMakeFiles/05-display.dir/C_/Repositories/pico/pico-sdk/src/rp2_common/pico_malloc/malloc.c.obj (malloc)
c:/program files (x86)/gnu arm embedded toolchain/10 2021.10/bin/../lib/gcc/arm-none-eabi/10.3.1/../../../../arm-none-eabi/lib/thumb/v6-m/nofp\libg.a(lib_a-mallocr.o)
                              c:/program files (x86)/gnu arm embedded toolchain/10 2021.10/bin/../lib/gcc/arm-none-eabi/10.3.1/../../../../arm-none-eabi/lib/thumb/v6-m/nofp\libg.a(lib_a-callocr.o) (_malloc_r)
c:/program files (x86)/gnu arm embedded toolchain/10 2021.10/bin/../lib/gcc/arm-none-eabi/10.3.1/../../../../arm-none-eabi/lib/thumb/v6-m/nofp\libg.a(lib_a-memcmp.o)
                              CMakeFiles/05-display.dir/C_/Repositories/pico/pico-sdk/src/rp2_common/pico_atomic/atomic.c.obj (memcmp)
c:/program files (x86)/gnu arm embedded toolchain/10 2021.10/bin/../lib/gcc/arm-none-eabi/10.3.1/../../../../arm-none-eabi/lib/thumb/v6-m/nofp\libg.a(lib_a-mktime.o)
                              CMakeFiles/05-display.dir/C_/Repositories/pico/pico-sdk/src/common/pico_util/datetime.c.obj (mktime)
c:/program files (x86)/gnu arm embedded toolchain/10 2021.10/bin/../lib/gcc/arm-none-eabi/10.3.1/../../../../arm-none-eabi/lib/thumb/v6-m/nofp\libg.a(lib_a-mlock.o)
                              c:/program files (x86)/gnu arm embedded toolchain/10 2021.10/bin/../lib/gcc/arm-none-eabi/10.3.1/../../../../arm-none-eabi/lib/thumb/v6-m/nofp\libg.a(lib_a-mallocr.o) (__malloc_lock)
c:/program files (x86)/gnu arm embedded toolchain/10 2021.10/bin/../lib/gcc/arm-none-eabi/10.3.1/../../../../arm-none-eabi/lib/thumb/v6-m/nofp\libg.a(lib_a-month_lengths.o)
[...]
Memory Configuration

Name             Origin             Length             Attributes
FLASH            0x10000000         0x00200000         xr
RAM              0x20000000         0x00040000         xrw
SCRATCH_X        0x20040000         0x00001000         xrw
SCRATCH_Y        0x20041000         0x00001000         xrw
*default*        0x00000000         0xffffffff

Linker script and memory map

LOAD c:/program files (x86)/gnu arm embedded toolchain/10 2021.10/bin/../lib/gcc/arm-none-eabi/10.3.1/thumb/v6-m/nofp/crti.o
LOAD c:/program files (x86)/gnu arm embedded toolchain/10 2021.10/bin/../lib/gcc/arm-none-eabi/10.3.1/thumb/v6-m/nofp/crtbegin.o
LOAD c:/program files (x86)/gnu arm embedded toolchain/10 2021.10/bin/../lib/gcc/arm-none-eabi/10.3.1/../../../../arm-none-eabi/lib/thumb/v6-m/nofp/crt0.o

.flash_begin    0x10000000        0x0
                0x10000000                __flash_binary_start = .

.boot2          0x10000000      0x100
                0x10000000                __boot2_start__ = .
 *(.boot2)
 .boot2         0x10000000      0x100 pico-sdk/src/rp2040/boot_stage2/CMakeFiles/bs2_default_library.dir/bs2_default_padded_checksummed.S.obj
                0x10000100                __boot2_end__ = .
                0x00000001                ASSERT (((__boot2_end__ - __boot2_start__) == 0x100), ERROR: Pico second stage bootloader must be 256 bytes in size)

.text           0x10000100     0xcea4
                0x10000100                __logical_binary_start = .
 *(.vectors)
 .vectors       0x10000100       0xd4 CMakeFiles/05-display.dir/C_/Repositories/pico/pico-sdk/src/rp2_common/pico_crt0/crt0.S.obj
                0x10000100                __VECTOR_TABLE
                0x10000100                __vectors
                0x100001c0                isr_irq13
                0x100001c0                isr_irq27
                0x100001c0                isr_irq31
                0x100001c0                isr_irq12
                0x100001c0                isr_irq5
                0x100001c0                isr_irq11
                0x100001c0                isr_irq3
                0x100001c0                isr_irq23
                0x100001c0                __unhandled_user_irq
                0x100001c0                isr_irq26
                0x100001c0                isr_irq28
                0x100001c0                isr_irq19
                0x100001c0                isr_irq0
                0x100001c0                isr_irq6
                0x100001c0                isr_irq29
                0x100001c0                isr_irq16
                0x100001c0                isr_irq22
                0x100001c0                isr_irq18
                0x100001c0                isr_irq17
                0x100001c0                isr_irq14
                0x100001c0                __vectors_end
                0x100001c0                __default_isrs_start
                0x100001c0                isr_irq2
                0x100001c0                isr_irq10
                0x100001c0                isr_irq8
                0x100001c0                isr_irq24
                0x100001c0                isr_irq1
                0x100001c0                isr_irq7
                0x100001c0                isr_irq21
                0x100001c0                isr_irq20
                0x100001c0                isr_irq15
                0x100001c0                isr_irq25
                0x100001c0                isr_irq4
                0x100001c0                isr_irq30
                0x100001c0                isr_irq9
                0x100001c6                unhandled_user_irq_num_in_r0
                0x100001c8                isr_invalid
                0x100001ca                isr_nmi
                0x100001cc                isr_hardfault
                0x100001ce                isr_svcall
                0x100001d0                isr_pendsv
                0x100001d2                isr_systick
                0x100001d4                __default_isrs_end
 *(.binary_info_header)
 .binary_info_header
                0x100001d4       0x14 CMakeFiles/05-display.dir/C_/Repositories/pico/pico-sdk/src/rp2_common/pico_crt0/crt0.S.obj
                0x100001e8                __binary_info_header_end = .
 *(.embedded_block)
                0x100001e8                __embedded_block_end = .
 *(.reset)
 .reset         0x100001e8       0x9c CMakeFiles/05-display.dir/C_/Repositories/pico/pico-sdk/src/rp2_common/pico_crt0/crt0.S.obj
                0x100001e8                _entry_point
 *(.init)
 .init          0x10000284        0x4 c:/program files (x86)/gnu arm embedded toolchain/10 2021.10/bin/../lib/gcc/arm-none-eabi/10.3.1/thumb/v6-m/nofp/crti.o
                0x10000284                _init
 *(EXCLUDE_FILE(*libm.a: *libc.a:*lib_a-mem*.o *libgcc.a:) .text*)
 .text          0x10000288       0x48 c:/program files (x86)/gnu arm embedded toolchain/10 2021.10/bin/../lib/gcc/arm-none-eabi/10.3.1/thumb/v6-m/nofp/crtbegin.o
 .text.rp2040_gpio_cs_write
                0x100002d0       0x14 CMakeFiles/05-display.dir/main.c.obj
                0x100002d0                rp2040_gpio_cs_write
 .text.rp2040_gpio_dc_write
                0x100002e4       0x14 CMakeFiles/05-display.dir/main.c.obj
                0x100002e4                rp2040_gpio_dc_write
 .text.rp2040_gpio_reset_write
                0x100002f8       0x14 CMakeFiles/05-display.dir/main.c.obj
                0x100002f8                rp2040_gpio_reset_write
 .text.rp2040_spi_write
                0x1000030c       0x14 CMakeFiles/05-display.dir/main.c.obj
                0x1000030c                rp2040_spi_write
 .text.rp2040_spi_read
                0x10000320       0x14 CMakeFiles/05-display.dir/main.c.obj
                0x10000320                rp2040_spi_read
 .text.rp2040_delay_ms
                0x10000334        0x8 CMakeFiles/05-display.dir/main.c.obj
                0x10000334                rp2040_delay_ms
 .text.version_callback
                0x1000033c       0x1c CMakeFiles/05-display.dir/main.c.obj
                0x1000033c                version_callback
 .text.help_callback
                0x10000358       0x28 CMakeFiles/05-display.dir/main.c.obj
                0x10000358                help_callback
 .text.led_on_callback
                0x10000380        0xc CMakeFiles/05-display.dir/main.c.obj
                0x10000380                led_on_callback
 .text.led_off_callback
                0x1000038c        0xc CMakeFiles/05-display.dir/main.c.obj
                0x1000038c                led_off_callback
 .text.led_blink_callback
                0x10000398        0xc CMakeFiles/05-display.dir/main.c.obj
                0x10000398                led_blink_callback
 .text.led_blink_set_period_ms_callback
                0x100003a4       0x30 CMakeFiles/05-display.dir/main.c.obj
                0x100003a4                led_blink_set_period_ms_callback
 .text.mem_callback
                0x100003d4       0x1c CMakeFiles/05-display.dir/main.c.obj
                0x100003d4                mem_callback
 .text.wmem_callback
                0x100003f0       0x2c CMakeFiles/05-display.dir/main.c.obj
                0x100003f0                wmem_callback
 .text.disp_screen_callback
                0x1000041c       0x40 CMakeFiles/05-display.dir/main.c.obj
                0x1000041c                disp_screen_callback
 .text.disp_px_callback
                0x1000045c       0x58 CMakeFiles/05-display.dir/main.c.obj
                0x1000045c                disp_px_callback
 .text.disp_line_callback
                0x100004b4       0x6c CMakeFiles/05-display.dir/main.c.obj
                0x100004b4                disp_line_callback
 .text.disp_rect_callback
                0x10000520       0x6c CMakeFiles/05-display.dir/main.c.obj
                0x10000520                disp_rect_callback
 .text.disp_frect_callback
                0x1000058c       0x6c CMakeFiles/05-display.dir/main.c.obj
                0x1000058c                disp_frect_callback
 .text.disp_text_callback
                0x100005f8      0x124 CMakeFiles/05-display.dir/main.c.obj
                0x100005f8                disp_text_callback
 .text.startup.main
                0x1000071c      0x18c CMakeFiles/05-display.dir/main.c.obj
                0x1000071c                main
 .text.stdio_task_init
                0x100008a8        0xc CMakeFiles/05-display.dir/stdio-task/stdio-task.c.obj
                0x100008a8                stdio_task_init
 .text.stdio_task_handle
                0x100008b4       0x60 CMakeFiles/05-display.dir/stdio-task/stdio-task.c.obj
                0x100008b4                stdio_task_handle
 .text.protocol_task_init
                0x10000914       0x34 CMakeFiles/05-display.dir/protocol-task/protocol-task.c.obj
                0x10000914                protocol_task_init
 .text.protocol_task_handle
                0x10000948       0x64 CMakeFiles/05-display.dir/protocol-task/protocol-task.c.obj
                0x10000948                protocol_task_handle
 .text.led_state_init
                0x100009ac       0x2c CMakeFiles/05-display.dir/led-task/led-task.c.obj
                0x100009ac                led_state_init
 .text.led_task_state_set
                0x100009d8       0x64 CMakeFiles/05-display.dir/led-task/led-task.c.obj
                0x100009d8                led_task_state_set
 .text.led_task_handler
                0x10000a3c       0x7c CMakeFiles/05-display.dir/led-task/led-task.c.obj
                0x10000a3c                led_task_handler
 .text.led_task_set_blink_period_ms
                0x10000ab8       0x18 CMakeFiles/05-display.dir/led-task/led-task.c.obj
                0x10000ab8                led_task_set_blink_period_ms
 .text.gpio_set_function
                0x10000ad0       0x34 CMakeFiles/05-display.dir/C_/Repositories/pico/pico-sdk/src/rp2_common/hardware_gpio/gpio.c.obj
                0x10000ad0                gpio_set_function
 .text.gpio_init
                0x10000b04       0x40 CMakeFiles/05-display.dir/C_/Repositories/pico/pico-sdk/src/rp2_common/hardware_gpio/gpio.c.obj
                0x10000b04                gpio_init
 .text.rp2040_chip_version
                0x10000b44        0xc CMakeFiles/05-display.dir/C_/Repositories/pico/pico-sdk/src/rp2040/pico_platform/platform.c.obj
                0x10000b44                rp2040_chip_version
 .text.panic    0x10000b50       0x30 CMakeFiles/05-display.dir/C_/Repositories/pico/pico-sdk/src/rp2_common/pico_platform_panic/panic.c.obj
                0x10000b50                panic
 .text.hw_claim_or_assert
                0x10000b80       0x44 CMakeFiles/05-display.dir/C_/Repositories/pico/pico-sdk/src/common/hardware_claim/claim.c.obj
                0x10000b80                hw_claim_or_assert
 .text.hw_claim_unused_from_range
                0x10000bc4       0x9c CMakeFiles/05-display.dir/C_/Repositories/pico/pico-sdk/src/common/hardware_claim/claim.c.obj
                0x10000bc4                hw_claim_unused_from_range
 .text.next_striped_spin_lock_num
                0x10000c60       0x18 CMakeFiles/05-display.dir/C_/Repositories/pico/pico-sdk/src/rp2_common/hardware_sync/sync.c.obj
                0x10000c60                next_striped_spin_lock_num
 .text.spin_lock_claim_unused
                0x10000c78       0x20 CMakeFiles/05-display.dir/C_/Repositories/pico/pico-sdk/src/rp2_common/hardware_sync/sync.c.obj
                0x10000c78                spin_lock_claim_unused
 .text.spin_locks_reset
                0x10000c98       0x1c CMakeFiles/05-display.dir/C_/Repositories/pico/pico-sdk/src/rp2_common/hardware_sync_spin_lock/sync_spin_lock.c.obj
                0x10000c98                spin_locks_reset
 .text.runtime_init_per_core_irq_priorities
                0x10000cb4       0x24 CMakeFiles/05-display.dir/C_/Repositories/pico/pico-sdk/src/rp2_common/hardware_irq/irq.c.obj
                0x10000cb4                runtime_init_per_core_irq_priorities
 .text.irq_set_enabled
                0x10000cd8       0x24 CMakeFiles/05-display.dir/C_/Repositories/pico/pico-sdk/src/rp2_common/hardware_irq/irq.c.obj
                0x10000cd8                irq_set_enabled
 .text.irq_is_enabled
                0x10000cfc       0x18 CMakeFiles/05-display.dir/C_/Repositories/pico/pico-sdk/src/rp2_common/hardware_irq/irq.c.obj
                0x10000cfc                irq_is_enabled
 .text.irq_set_pending
                0x10000d14       0x10 CMakeFiles/05-display.dir/C_/Repositories/pico/pico-sdk/src/rp2_common/hardware_irq/irq.c.obj
                0x10000d14                irq_set_pending
 .text.irq_has_shared_handler
                0x10000d24       0x24 CMakeFiles/05-display.dir/C_/Repositories/pico/pico-sdk/src/rp2_common/hardware_irq/irq.c.obj
                0x10000d24                irq_has_shared_handler
 .text.irq_set_exclusive_handler
                0x10000d48       0x54 CMakeFiles/05-display.dir/C_/Repositories/pico/pico-sdk/src/rp2_common/hardware_irq/irq.c.obj
                0x10000d48                irq_set_exclusive_handler
 .text.irq_add_shared_handler
                0x10000d9c      0x1e8 CMakeFiles/05-display.dir/C_/Repositories/pico/pico-sdk/src/rp2_common/hardware_irq/irq.c.obj
                0x10000d9c                irq_add_shared_handler
 .text.irq_add_tail_to_free_list
                0x10000f84       0xb4 CMakeFiles/05-display.dir/C_/Repositories/pico/pico-sdk/src/rp2_common/hardware_irq/irq.c.obj
                0x10000f84                irq_add_tail_to_free_list
 .text.user_irq_claim_unused
                0x10001038       0x28 CMakeFiles/05-display.dir/C_/Repositories/pico/pico-sdk/src/rp2_common/hardware_irq/irq.c.obj
                0x10001038                user_irq_claim_unused
 .text.lock_init
                0x10001060       0x10 CMakeFiles/05-display.dir/C_/Repositories/pico/pico-sdk/src/common/pico_sync/lock_core.c.obj
                0x10001060                lock_init
 .text.runtime_init_mutex
                0x10001070       0x58 CMakeFiles/05-display.dir/C_/Repositories/pico/pico-sdk/src/common/pico_sync/mutex.c.obj
                0x10001070                runtime_init_mutex
 .text.mutex_init
                0x100010c8       0x1c CMakeFiles/05-display.dir/C_/Repositories/pico/pico-sdk/src/common/pico_sync/mutex.c.obj
                0x100010c8                mutex_init
 .text.critical_section_init
                0x100010e4       0x20 CMakeFiles/05-display.dir/C_/Repositories/pico/pico-sdk/src/common/pico_sync/critical_section.c.obj
                0x100010e4                critical_section_init
 .text.critical_section_init_with_lock_num
                0x10001104       0x14 CMakeFiles/05-display.dir/C_/Repositories/pico/pico-sdk/src/common/pico_sync/critical_section.c.obj
                0x10001104                critical_section_init_with_lock_num
 .text.sleep_until_callback
                0x10001118       0x30 CMakeFiles/05-display.dir/C_/Repositories/pico/pico-sdk/src/common/pico_time/time.c.obj
 .text.alarm_pool_irq_handler
                0x10001148      0x308 CMakeFiles/05-display.dir/C_/Repositories/pico/pico-sdk/src/common/pico_time/time.c.obj
 .text.runtime_init_default_alarm_pool
                0x10001450       0xdc CMakeFiles/05-display.dir/C_/Repositories/pico/pico-sdk/src/common/pico_time/time.c.obj
                0x10001450                runtime_init_default_alarm_pool
 .text.alarm_pool_get_default
                0x1000152c        0x8 CMakeFiles/05-display.dir/C_/Repositories/pico/pico-sdk/src/common/pico_time/time.c.obj
                0x1000152c                alarm_pool_get_default
 .text.alarm_pool_add_alarm_at
                0x10001534       0xc8 CMakeFiles/05-display.dir/C_/Repositories/pico/pico-sdk/src/common/pico_time/time.c.obj
                0x10001534                alarm_pool_add_alarm_at
 .text.alarm_pool_add_alarm_at_force_in_context
                0x100015fc       0xb0 CMakeFiles/05-display.dir/C_/Repositories/pico/pico-sdk/src/common/pico_time/time.c.obj
                0x100015fc                alarm_pool_add_alarm_at_force_in_context
 .text.alarm_pool_cancel_alarm
                0x100016ac       0x7c CMakeFiles/05-display.dir/C_/Repositories/pico/pico-sdk/src/common/pico_time/time.c.obj
                0x100016ac                alarm_pool_cancel_alarm
 .text.alarm_pool_core_num
                0x10001728        0x4 CMakeFiles/05-display.dir/C_/Repositories/pico/pico-sdk/src/common/pico_time/time.c.obj
                0x10001728                alarm_pool_core_num
 .text.sleep_until
                0x1000172c       0xd0 CMakeFiles/05-display.dir/C_/Repositories/pico/pico-sdk/src/common/pico_time/time.c.obj
                0x1000172c                sleep_until
 .text.sleep_ms
                0x100017fc       0x34 CMakeFiles/05-display.dir/C_/Repositories/pico/pico-sdk/src/common/pico_time/time.c.obj
                0x100017fc                sleep_ms
 .text.best_effort_wfe_or_timeout
                0x10001830       0xfc CMakeFiles/05-display.dir/C_/Repositories/pico/pico-sdk/src/common/pico_time/time.c.obj
                0x10001830                best_effort_wfe_or_timeout
 .text.timer_hardware_alarm_claim
                0x1000192c       0x14 CMakeFiles/05-display.dir/C_/Repositories/pico/pico-sdk/src/rp2_common/hardware_timer/timer.c.obj
                0x1000192c                timer_hardware_alarm_claim
 .text.timer_time_us_64
                0x10001940       0x10 CMakeFiles/05-display.dir/C_/Repositories/pico/pico-sdk/src/rp2_common/hardware_timer/timer.c.obj
                0x10001940                timer_time_us_64
 .text.time_us_64
                0x10001950       0x14 CMakeFiles/05-display.dir/C_/Repositories/pico/pico-sdk/src/rp2_common/hardware_timer/timer.c.obj
                0x10001950                time_us_64
 .text.busy_wait_us
                0x10001964       0x54 CMakeFiles/05-display.dir/C_/Repositories/pico/pico-sdk/src/rp2_common/hardware_timer/timer.c.obj
                0x10001964                busy_wait_us
 .text.busy_wait_until
                0x100019b8       0x20 CMakeFiles/05-display.dir/C_/Repositories/pico/pico-sdk/src/rp2_common/hardware_timer/timer.c.obj
                0x100019b8                busy_wait_until
 .text.clock_configure_int_divider
                0x100019d8       0xf4 CMakeFiles/05-display.dir/C_/Repositories/pico/pico-sdk/src/rp2_common/hardware_clocks/clocks.c.obj
                0x100019d8                clock_configure_int_divider
 .text.clock_configure_undivided
                0x10001acc       0xe8 CMakeFiles/05-display.dir/C_/Repositories/pico/pico-sdk/src/rp2_common/hardware_clocks/clocks.c.obj
                0x10001acc                clock_configure_undivided
 .text.clock_get_hz
                0x10001bb4        0xc CMakeFiles/05-display.dir/C_/Repositories/pico/pico-sdk/src/rp2_common/hardware_clocks/clocks.c.obj
                0x10001bb4                clock_get_hz
 .text.pll_init
                0x10001bc0       0xa0 CMakeFiles/05-display.dir/C_/Repositories/pico/pico-sdk/src/rp2_common/hardware_pll/pll.c.obj
                0x10001bc0                pll_init
 .text.watchdog_reboot
                0x10001c60       0x98 CMakeFiles/05-display.dir/C_/Repositories/pico/pico-sdk/src/rp2_common/hardware_watchdog/watchdog.c.obj
                0x10001c60                watchdog_reboot
 .text.tick_start
                0x10001cf8       0x10 CMakeFiles/05-display.dir/C_/Repositories/pico/pico-sdk/src/rp2_common/hardware_ticks/ticks.c.obj
                0x10001cf8                tick_start
 .text.rom_func_lookup
                0x10001d08       0x10 CMakeFiles/05-display.dir/C_/Repositories/pico/pico-sdk/src/rp2_common/pico_bootrom/bootrom.c.obj
                0x10001d08                rom_func_lookup
 .text.rom_data_lookup
                0x10001d18       0x10 CMakeFiles/05-display.dir/C_/Repositories/pico/pico-sdk/src/rp2_common/pico_bootrom/bootrom.c.obj
                0x10001d18                rom_data_lookup
 .text.rom_funcs_lookup
                0x10001d28       0x44 CMakeFiles/05-display.dir/C_/Repositories/pico/pico-sdk/src/rp2_common/pico_bootrom/bootrom.c.obj
                0x10001d28                rom_funcs_lookup
 .text.rom_reset_usb_boot_extra
                0x10001d6c       0x28 CMakeFiles/05-display.dir/C_/Repositories/pico/pico-sdk/src/rp2_common/pico_bootrom/bootrom.c.obj
                0x10001d6c                rom_reset_usb_boot_extra
 .text.xosc_init
                0x10001d94       0x28 CMakeFiles/05-display.dir/C_/Repositories/pico/pico-sdk/src/rp2_common/hardware_xosc/xosc.c.obj
                0x10001d94                xosc_init
 .text.first_per_core_initializer
                0x10001dbc        0x4 CMakeFiles/05-display.dir/C_/Repositories/pico/pico-sdk/src/rp2_common/pico_runtime/runtime.c.obj
 .text.hard_assertion_failure
                0x10001dc0        0xc CMakeFiles/05-display.dir/C_/Repositories/pico/pico-sdk/src/rp2_common/pico_runtime/runtime.c.obj
                0x10001dc0                hard_assertion_failure
 .text.runtime_run_initializers
                0x10001dcc       0x28 CMakeFiles/05-display.dir/C_/Repositories/pico/pico-sdk/src/rp2_common/pico_runtime/runtime.c.obj
                0x10001dcc                runtime_run_initializers
 .text.runtime_init_early_resets
                0x10001df4       0x2c CMakeFiles/05-display.dir/C_/Repositories/pico/pico-sdk/src/rp2_common/pico_runtime_init/runtime_init.c.obj
                0x10001df4                runtime_init_early_resets
 .text.runtime_init_usb_power_down
                0x10001e20       0x1c CMakeFiles/05-display.dir/C_/Repositories/pico/pico-sdk/src/rp2_common/pico_runtime_init/runtime_init.c.obj
                0x10001e20                runtime_init_usb_power_down
 .text.runtime_init_post_clock_resets
                0x10001e3c       0x20 CMakeFiles/05-display.dir/C_/Repositories/pico/pico-sdk/src/rp2_common/pico_runtime_init/runtime_init.c.obj
                0x10001e3c                runtime_init_post_clock_resets
 .text.runtime_init_rp2040_gpio_ie_disable
                0x10001e5c       0x14 CMakeFiles/05-display.dir/C_/Repositories/pico/pico-sdk/src/rp2_common/pico_runtime_init/runtime_init.c.obj
                0x10001e5c                runtime_init_rp2040_gpio_ie_disable
 .text.runtime_init_spin_locks_reset
                0x10001e70        0x8 CMakeFiles/05-display.dir/C_/Repositories/pico/pico-sdk/src/rp2_common/pico_runtime_init/runtime_init.c.obj
                0x10001e70                runtime_init_spin_locks_reset
 .text.runtime_init_install_ram_vector_table
                0x10001e78       0xcc CMakeFiles/05-display.dir/C_/Repositories/pico/pico-sdk/src/rp2_common/pico_runtime_init/runtime_init.c.obj
                0x10001e78                runtime_init_install_ram_vector_table
 .text.runtime_init_clocks
                0x10001f44       0xd8 CMakeFiles/05-display.dir/C_/Repositories/pico/pico-sdk/src/rp2_common/pico_runtime_init/runtime_init_clocks.c.obj
                0x10001f44                runtime_init_clocks
 .text          0x1000201c       0x10 CMakeFiles/05-display.dir/C_/Repositories/pico/pico-sdk/src/rp2_common/pico_bit_ops/bit_ops_aeabi.S.obj
 .text.__wrap___aeabi_idiv
                0x1000202c       0x50 CMakeFiles/05-display.dir/C_/Repositories/pico/pico-sdk/src/rp2_common/pico_divider/divider_hardware.S.obj
                0x1000202c                __wrap___aeabi_idivmod
                0x1000202c                divmod_s32s32
                0x1000202c                div_s32s32
                0x1000202c                __wrap___aeabi_idiv
                0x10002034                divmod_s32s32_unsafe
                0x10002060                divmod_s32s32_savestate
 .text.__wrap___aeabi_uidiv
                0x1000207c       0x4c CMakeFiles/05-display.dir/C_/Repositories/pico/pico-sdk/src/rp2_common/pico_divider/divider_hardware.S.obj
                0x1000207c                __wrap___aeabi_uidiv
                0x1000207c                __wrap___aeabi_uidivmod
                0x1000207c                div_u32u32
                0x1000207c                divmod_u32u32
                0x10002084                divmod_u32u32_unsafe
                0x100020ac                divmod_u32u32_savestate
 .text.__wrap___aeabi_ldiv
                0x100020c8      0x424 CMakeFiles/05-display.dir/C_/Repositories/pico/pico-sdk/src/rp2_common/pico_divider/divider_hardware.S.obj
                0x100020c8                div_s64s64
                0x100020c8                divmod_s64s64
                0x100020c8                __wrap___aeabi_ldivmod
                0x100020f8                divmod_u64u64
                0x100020f8                div_u64u64
                0x100020f8                __wrap___aeabi_uldivmod
                0x10002108                divmod_u64u64_savestate
                0x10002128                divmod_s64s64_unsafe
                0x100021b0                divmod_u64u64_unsafe
 .text.__wrap___aeabi_darithmetic
                0x100024ec       0x80 CMakeFiles/05-display.dir/C_/Repositories/pico/pico-sdk/src/rp2_common/pico_double/double_aeabi_rp2040.S.obj
                0x100024ec                __wrap___aeabi_drsub
                0x100024f2                __wrap___aeabi_dsub
                0x10002504                __wrap___aeabi_dadd
                0x10002516                __wrap___aeabi_ddiv
                0x10002552                __wrap___aeabi_dmul
 .text.__wrap___aeabi_cdcmple
                0x1000256c       0x6c CMakeFiles/05-display.dir/C_/Repositories/pico/pico-sdk/src/rp2_common/pico_double/double_aeabi_rp2040.S.obj
                0x1000256c                __wrap___aeabi_cdrcmple
                0x1000257c                __wrap___aeabi_cdcmpeq
                0x1000257c                __wrap___aeabi_cdcmple
 .text.__wrap___aeabi_dcmpeq
                0x100025d8       0x10 CMakeFiles/05-display.dir/C_/Repositories/pico/pico-sdk/src/rp2_common/pico_double/double_aeabi_rp2040.S.obj
                0x100025d8                __wrap___aeabi_dcmpeq
 .text.__wrap___aeabi_dcmplt
                0x100025e8        0xc CMakeFiles/05-display.dir/C_/Repositories/pico/pico-sdk/src/rp2_common/pico_double/double_aeabi_rp2040.S.obj
                0x100025e8                __wrap___aeabi_dcmplt
 .text.__wrap___aeabi_dcmple
                0x100025f4       0x10 CMakeFiles/05-display.dir/C_/Repositories/pico/pico-sdk/src/rp2_common/pico_double/double_aeabi_rp2040.S.obj
                0x100025f4                __wrap___aeabi_dcmple
 .text.__wrap___aeabi_dcmpge
                0x10002604       0x10 CMakeFiles/05-display.dir/C_/Repositories/pico/pico-sdk/src/rp2_common/pico_double/double_aeabi_rp2040.S.obj
                0x10002604                __wrap___aeabi_dcmpge
 .text.__wrap___aeabi_dcmpgt
                0x10002614        0xa CMakeFiles/05-display.dir/C_/Repositories/pico/pico-sdk/src/rp2_common/pico_double/double_aeabi_rp2040.S.obj
                0x10002614                __wrap___aeabi_dcmpgt
 .text.__wrap___aeabi_dcmpun
                0x1000261e       0x18 CMakeFiles/05-display.dir/C_/Repositories/pico/pico-sdk/src/rp2_common/pico_double/double_aeabi_rp2040.S.obj
                0x1000261e                __wrap___aeabi_dcmpun
 *fill*         0x10002636        0x2 
 .text.__wrap___aeabi_i2d
                0x10002638       0x38 CMakeFiles/05-display.dir/C_/Repositories/pico/pico-sdk/src/rp2_common/pico_double/double_aeabi_rp2040.S.obj
                0x10002638                uint2double
                0x10002638                __wrap___aeabi_ui2d
                0x10002640                int2double
                0x10002640                __wrap___aeabi_i2d
 .text.__wrap___aeabi_d2iz
                0x10002670       0x48 CMakeFiles/05-display.dir/C_/Repositories/pico/pico-sdk/src/rp2_common/pico_double/double_aeabi_rp2040.S.obj
                0x10002670                double2int_z
                0x10002670                __wrap___aeabi_d2iz
 .text.__wrap___aeabi_d2uiz
                0x100026b8       0x18 CMakeFiles/05-display.dir/C_/Repositories/pico/pico-sdk/src/rp2_common/pico_double/double_aeabi_rp2040.S.obj
                0x100026b8                double2uint
                0x100026b8                __wrap___aeabi_d2uiz
                0x100026b8                double2uint_z
 .text.__wrap___aeabi_l2d
                0x100026d0       0x18 CMakeFiles/05-display.dir/C_/Repositories/pico/pico-sdk/src/rp2_common/pico_double/double_aeabi_rp2040.S.obj
                0x100026d0                int642double
                0x100026d0                __wrap___aeabi_l2d
 .text.__wrap___aeabi_d2lz
                0x100026e8       0x26 CMakeFiles/05-display.dir/C_/Repositories/pico/pico-sdk/src/rp2_common/pico_double/double_aeabi_rp2040.S.obj
                0x100026e8                double2int64_z
                0x100026e8                __wrap___aeabi_d2lz
 *fill*         0x1000270e        0x2 
 .text.double2int64
                0x10002710       0x18 CMakeFiles/05-display.dir/C_/Repositories/pico/pico-sdk/src/rp2_common/pico_double/double_aeabi_rp2040.S.obj
                0x10002710                double2int64
 .text.double2ufix64
                0x10002728       0x18 CMakeFiles/05-display.dir/C_/Repositories/pico/pico-sdk/src/rp2_common/pico_double/double_aeabi_rp2040.S.obj
                0x10002728                double2ufix64_z
                0x10002728                double2ufix64
 .text.__wrap___aeabi_d2f
                0x10002740       0x18 CMakeFiles/05-display.dir/C_/Repositories/pico/pico-sdk/src/rp2_common/pico_double/double_aeabi_rp2040.S.obj
                0x10002740                __wrap___aeabi_d2f
 .text.__aeabi_double_init
                0x10002758       0xa0 CMakeFiles/05-display.dir/C_/Repositories/pico/pico-sdk/src/rp2_common/pico_double/double_init_rom_rp2040.c.obj
                0x10002758                __aeabi_double_init
 .text.double_table_shim_on_use_helper
                0x100027f8       0x2c CMakeFiles/05-display.dir/C_/Repositories/pico/pico-sdk/src/rp2_common/pico_double/double_v1_rom_shim_rp2040.S.obj
                0x100027f8                double_table_shim_on_use_helper
 .text.__wrap___aeabi_dsub
                0x10002824       0x10 CMakeFiles/05-display.dir/C_/Repositories/pico/pico-sdk/src/rp2_common/pico_double/double_v1_rom_shim_rp2040.S.obj
                0x10002824                drsub_shim
                0x1000282a                dsub_shim
 .text.dadd_shim
                0x10002834      0x15c CMakeFiles/05-display.dir/C_/Repositories/pico/pico-sdk/src/rp2_common/pico_double/double_v1_rom_shim_rp2040.S.obj
                0x10002834                dadd_shim
 .text.dmul_shim
                0x10002990      0x15c CMakeFiles/05-display.dir/C_/Repositories/pico/pico-sdk/src/rp2_common/pico_double/double_v1_rom_shim_rp2040.S.obj
                0x10002990                dmul_shim
 .text.ddiv_shim
                0x10002aec      0x1b0 CMakeFiles/05-display.dir/C_/Repositories/pico/pico-sdk/src/rp2_common/pico_double/double_v1_rom_shim_rp2040.S.obj
                0x10002aec                ddiv_shim
 .text.double2uint_shim
                0x10002c9c        0xe CMakeFiles/05-display.dir/C_/Repositories/pico/pico-sdk/src/rp2_common/pico_double/double_v1_rom_shim_rp2040.S.obj
                0x10002c9c                double2uint_shim
                0x10002c9e                double2ufix_shim
 .text.double2int64_shim
                0x10002caa       0x1a CMakeFiles/05-display.dir/C_/Repositories/pico/pico-sdk/src/rp2_common/pico_double/double_v1_rom_shim_rp2040.S.obj
                0x10002caa                double2int64_shim
                0x10002cac                double2fix64_shim
 .text.double2uint64_shim
                0x10002cc4       0x70 CMakeFiles/05-display.dir/C_/Repositories/pico/pico-sdk/src/rp2_common/pico_double/double_v1_rom_shim_rp2040.S.obj
                0x10002cc4                double2uint64_shim
                0x10002cc6                double2ufix64_shim
                0x10002ce6                d2fix_a
 .text.double2float_shim
                0x10002d34       0x5c CMakeFiles/05-display.dir/C_/Repositories/pico/pico-sdk/src/rp2_common/pico_double/double_v1_rom_shim_rp2040.S.obj
                0x10002d34                double2float_shim
 .text.x2double_shims
                0x10002d90       0x90 CMakeFiles/05-display.dir/C_/Repositories/pico/pico-sdk/src/rp2_common/pico_double/double_v1_rom_shim_rp2040.S.obj
                0x10002d90                uint2double_shim
                0x10002d92                ufix2double_shim
                0x10002d98                int2double_shim
                0x10002d9a                fix2double_shim
                0x10002da0                uint642double_shim
                0x10002da2                ufix642double_shim
                0x10002da8                int642double_shim
                0x10002daa                fix642double_shim
 .text.dunpacks
                0x10002e20       0x3c CMakeFiles/05-display.dir/C_/Repositories/pico/pico-sdk/src/rp2_common/pico_double/double_v1_rom_shim_rp2040.S.obj
                0x10002e20                dunpacks
 .text.__aeabi_lmul
                0x10002e5c       0x32 CMakeFiles/05-display.dir/C_/Repositories/pico/pico-sdk/src/rp2_common/pico_int64_ops/pico_int64_ops_aeabi.S.obj
                0x10002e5c                __wrap___aeabi_lmul
 *fill*         0x10002e8e        0x2 
 .text.__aeabi_float_init
                0x10002e90       0x64 CMakeFiles/05-display.dir/C_/Repositories/pico/pico-sdk/src/rp2_common/pico_float/float_init_rom_rp2040.c.obj
                0x10002e90                __aeabi_float_init
 .text.float_table_shim_on_use_helper
                0x10002ef4       0x2c CMakeFiles/05-display.dir/C_/Repositories/pico/pico-sdk/src/rp2_common/pico_float/float_v1_rom_shim_rp2040.S.obj
                0x10002ef4                float_table_shim_on_use_helper
 .text.__wrap_malloc
                0x10002f20       0x24 CMakeFiles/05-display.dir/C_/Repositories/pico/pico-sdk/src/rp2_common/pico_malloc/malloc.c.obj
                0x10002f20                __wrap_malloc
 .text.__wrap_realloc
                0x10002f44       0x24 CMakeFiles/05-display.dir/C_/Repositories/pico/pico-sdk/src/rp2_common/pico_malloc/malloc.c.obj
                0x10002f44                __wrap_realloc
 .text.__wrap_free
                0x10002f68        0x8 CMakeFiles/05-display.dir/C_/Repositories/pico/pico-sdk/src/rp2_common/pico_malloc/malloc.c.obj
                0x10002f68                __wrap_free
 .text          0x10002f70       0x10 CMakeFiles/05-display.dir/C_/Repositories/pico/pico-sdk/src/rp2_common/pico_mem_ops/mem_ops_aeabi.S.obj
                0x10002f70                __aeabi_mem_init
 .text.memset   0x10002f80        0xc CMakeFiles/05-display.dir/C_/Repositories/pico/pico-sdk/src/rp2_common/pico_mem_ops/mem_ops_aeabi.S.obj
                0x10002f80                __wrap_memset
 .text.memcpy   0x10002f8c        0xc CMakeFiles/05-display.dir/C_/Repositories/pico/pico-sdk/src/rp2_common/pico_mem_ops/mem_ops_aeabi.S.obj
                0x10002f8c                __wrap_memcpy
                0x10002f8c                __wrap___aeabi_memcpy
 .text._out_buffer
                0x10002f98        0x8 CMakeFiles/05-display.dir/C_/Repositories/pico/pico-sdk/src/rp2_common/pico_printf/printf.c.obj
 .text._out_null
                0x10002fa0        0x4 CMakeFiles/05-display.dir/C_/Repositories/pico/pico-sdk/src/rp2_common/pico_printf/printf.c.obj
 .text._out_rev
                0x10002fa4       0x9c CMakeFiles/05-display.dir/C_/Repositories/pico/pico-sdk/src/rp2_common/pico_printf/printf.c.obj
 .text._ntoa_format
                0x10003040      0x1cc CMakeFiles/05-display.dir/C_/Repositories/pico/pico-sdk/src/rp2_common/pico_printf/printf.c.obj
 .text._out_char
                0x1000320c       0x10 CMakeFiles/05-display.dir/C_/Repositories/pico/pico-sdk/src/rp2_common/pico_printf/printf.c.obj
 .text._out_fct
                0x1000321c       0x10 CMakeFiles/05-display.dir/C_/Repositories/pico/pico-sdk/src/rp2_common/pico_printf/printf.c.obj
 .text._etoa    0x1000322c      0x44c CMakeFiles/05-display.dir/C_/Repositories/pico/pico-sdk/src/rp2_common/pico_printf/printf.c.obj
 .text._ftoa    0x10003678      0x398 CMakeFiles/05-display.dir/C_/Repositories/pico/pico-sdk/src/rp2_common/pico_printf/printf.c.obj
 .text._vsnprintf
                0x10003a10      0xb04 CMakeFiles/05-display.dir/C_/Repositories/pico/pico-sdk/src/rp2_common/pico_printf/printf.c.obj
 .text.__wrap_sprintf
                0x10004514       0x28 CMakeFiles/05-display.dir/C_/Repositories/pico/pico-sdk/src/rp2_common/pico_printf/printf.c.obj
                0x10004514                __wrap_sprintf
 .text.vfctprintf
                0x1000453c       0x20 CMakeFiles/05-display.dir/C_/Repositories/pico/pico-sdk/src/rp2_common/pico_printf/printf.c.obj
                0x1000453c                vfctprintf
 .text.weak_raw_printf
                0x1000455c       0x40 CMakeFiles/05-display.dir/C_/Repositories/pico/pico-sdk/src/rp2_common/pico_printf/printf.c.obj
                0x1000455c                weak_raw_printf
 .text.weak_raw_vprintf
                0x1000459c       0x30 CMakeFiles/05-display.dir/C_/Repositories/pico/pico-sdk/src/rp2_common/pico_printf/printf.c.obj
                0x1000459c                weak_raw_vprintf
 .text._exit    0x100045cc        0x4 CMakeFiles/05-display.dir/C_/Repositories/pico/pico-sdk/src/rp2_common/pico_clib_interface/newlib_interface.c.obj
                0x100045cc                _exit
 .text._sbrk    0x100045d0       0x34 CMakeFiles/05-display.dir/C_/Repositories/pico/pico-sdk/src/rp2_common/pico_clib_interface/newlib_interface.c.obj
                0x100045d0                _sbrk
 .text.exit     0x10004604        0x8 CMakeFiles/05-display.dir/C_/Repositories/pico/pico-sdk/src/rp2_common/pico_clib_interface/newlib_interface.c.obj
                0x10004604                exit
 .text.__assert_func
                0x1000460c       0x34 CMakeFiles/05-display.dir/C_/Repositories/pico/pico-sdk/src/rp2_common/pico_clib_interface/newlib_interface.c.obj
                0x1000460c                __assert_func
 .text.runtime_init
                0x10004640       0x2c CMakeFiles/05-display.dir/C_/Repositories/pico/pico-sdk/src/rp2_common/pico_clib_interface/newlib_interface.c.obj
                0x10004640                runtime_init
 .text.stdio_out_chars_no_crlf
                0x1000466c       0x10 CMakeFiles/05-display.dir/C_/Repositories/pico/pico-sdk/src/rp2_common/pico_stdio/stdio.c.obj
 .text.stdio_out_chars_crlf
                0x1000467c       0xb4 CMakeFiles/05-display.dir/C_/Repositories/pico/pico-sdk/src/rp2_common/pico_stdio/stdio.c.obj
 .text.stdio_buffered_printer
                0x10004730       0x64 CMakeFiles/05-display.dir/C_/Repositories/pico/pico-sdk/src/rp2_common/pico_stdio/stdio.c.obj
 .text.stdio_put_string
                0x10004794      0x100 CMakeFiles/05-display.dir/C_/Repositories/pico/pico-sdk/src/rp2_common/pico_stdio/stdio.c.obj
                0x10004794                stdio_put_string
 .text.stdio_set_driver_enabled
                0x10004894       0x30 CMakeFiles/05-display.dir/C_/Repositories/pico/pico-sdk/src/rp2_common/pico_stdio/stdio.c.obj
                0x10004894                stdio_set_driver_enabled
 .text.stdio_init_all
                0x100048c4        0x8 CMakeFiles/05-display.dir/C_/Repositories/pico/pico-sdk/src/rp2_common/pico_stdio/stdio.c.obj
                0x100048c4                stdio_init_all
 .text.stdio_getchar_timeout_us
                0x100048cc       0x98 CMakeFiles/05-display.dir/C_/Repositories/pico/pico-sdk/src/rp2_common/pico_stdio/stdio.c.obj
                0x100048cc                stdio_getchar_timeout_us
 .text.__wrap_putchar
                0x10004964       0x98 CMakeFiles/05-display.dir/C_/Repositories/pico/pico-sdk/src/rp2_common/pico_stdio/stdio.c.obj
                0x10004964                __wrap_putchar
                0x10004964                stdio_putchar
 .text.__wrap_puts
                0x100049fc       0x3c CMakeFiles/05-display.dir/C_/Repositories/pico/pico-sdk/src/rp2_common/pico_stdio/stdio.c.obj
                0x100049fc                stdio_puts
                0x100049fc                __wrap_puts
 .text.__wrap_vprintf
                0x10004a38       0xd8 CMakeFiles/05-display.dir/C_/Repositories/pico/pico-sdk/src/rp2_common/pico_stdio/stdio.c.obj
                0x10004a38                stdio_vprintf
                0x10004a38                __wrap_vprintf
 .text.__wrap_printf
                0x10004b10       0x18 CMakeFiles/05-display.dir/C_/Repositories/pico/pico-sdk/src/rp2_common/pico_stdio/stdio.c.obj
                0x10004b10                __wrap_printf
                0x10004b10                stdio_printf
 .text.resetd_init
                0x10004b28        0x4 CMakeFiles/05-display.dir/C_/Repositories/pico/pico-sdk/src/rp2_common/pico_stdio_usb/reset_interface.c.obj
 .text.resetd_reset
                0x10004b2c        0xc CMakeFiles/05-display.dir/C_/Repositories/pico/pico-sdk/src/rp2_common/pico_stdio_usb/reset_interface.c.obj
 .text.resetd_open
                0x10004b38       0x28 CMakeFiles/05-display.dir/C_/Repositories/pico/pico-sdk/src/rp2_common/pico_stdio_usb/reset_interface.c.obj
 .text.resetd_xfer_cb
                0x10004b60        0x4 CMakeFiles/05-display.dir/C_/Repositories/pico/pico-sdk/src/rp2_common/pico_stdio_usb/reset_interface.c.obj
 .text.resetd_control_xfer_cb
                0x10004b64       0x60 CMakeFiles/05-display.dir/C_/Repositories/pico/pico-sdk/src/rp2_common/pico_stdio_usb/reset_interface.c.obj
 .text.tud_descriptor_bos_cb
                0x10004bc4        0x8 CMakeFiles/05-display.dir/C_/Repositories/pico/pico-sdk/src/rp2_common/pico_stdio_usb/reset_interface.c.obj
                0x10004bc4                tud_descriptor_bos_cb
 .text.tud_vendor_control_xfer_cb
                0x10004bcc       0x34 CMakeFiles/05-display.dir/C_/Repositories/pico/pico-sdk/src/rp2_common/pico_stdio_usb/reset_interface.c.obj
                0x10004bcc                tud_vendor_control_xfer_cb
 .text.usbd_app_driver_get_cb
                0x10004c00        0xc CMakeFiles/05-display.dir/C_/Repositories/pico/pico-sdk/src/rp2_common/pico_stdio_usb/reset_interface.c.obj
                0x10004c00                usbd_app_driver_get_cb
 .text.tud_cdc_line_coding_cb
                0x10004c0c       0x2c CMakeFiles/05-display.dir/C_/Repositories/pico/pico-sdk/src/rp2_common/pico_stdio_usb/reset_interface.c.obj
                0x10004c0c                tud_cdc_line_coding_cb
 .text.stdio_usb_set_chars_available_callback
                0x10004c38       0x14 CMakeFiles/05-display.dir/C_/Repositories/pico/pico-sdk/src/rp2_common/pico_stdio_usb/stdio_usb.c.obj
                0x10004c38                stdio_usb_set_chars_available_callback
 .text.usb_irq  0x10004c4c       0x10 CMakeFiles/05-display.dir/C_/Repositories/pico/pico-sdk/src/rp2_common/pico_stdio_usb/stdio_usb.c.obj
 .text.timer_task
                0x10004c5c       0x64 CMakeFiles/05-display.dir/C_/Repositories/pico/pico-sdk/src/rp2_common/pico_stdio_usb/stdio_usb.c.obj
 .text.stdio_usb_in_chars
                0x10004cc0       0x90 CMakeFiles/05-display.dir/C_/Repositories/pico/pico-sdk/src/rp2_common/pico_stdio_usb/stdio_usb.c.obj
                0x10004cc0                stdio_usb_in_chars
 .text.stdio_usb_out_flush
                0x10004d50       0x50 CMakeFiles/05-display.dir/C_/Repositories/pico/pico-sdk/src/rp2_common/pico_stdio_usb/stdio_usb.c.obj
 .text.stdio_usb_out_chars
                0x10004da0      0x100 CMakeFiles/05-display.dir/C_/Repositories/pico/pico-sdk/src/rp2_common/pico_stdio_usb/stdio_usb.c.obj
 .text.low_priority_worker_irq
                0x10004ea0       0xc8 CMakeFiles/05-display.dir/C_/Repositories/pico/pico-sdk/src/rp2_common/pico_stdio_usb/stdio_usb.c.obj
 .text.stdio_usb_init
                0x10004f68       0xe8 CMakeFiles/05-display.dir/C_/Repositories/pico/pico-sdk/src/rp2_common/pico_stdio_usb/stdio_usb.c.obj
                0x10004f68                stdio_usb_init
 .text.tud_descriptor_device_cb
                0x10005050        0x8 CMakeFiles/05-display.dir/C_/Repositories/pico/pico-sdk/src/rp2_common/pico_stdio_usb/stdio_usb_descriptors.c.obj
                0x10005050                tud_descriptor_device_cb
 .text.tud_descriptor_configuration_cb
                0x10005058        0x8 CMakeFiles/05-display.dir/C_/Repositories/pico/pico-sdk/src/rp2_common/pico_stdio_usb/stdio_usb_descriptors.c.obj
                0x10005058                tud_descriptor_configuration_cb
 .text.tud_descriptor_string_cb
                0x10005060       0x74 CMakeFiles/05-display.dir/C_/Repositories/pico/pico-sdk/src/rp2_common/pico_stdio_usb/stdio_usb_descriptors.c.obj
                0x10005060                tud_descriptor_string_cb
 .text.startup._retrieve_unique_id_on_boot
                0x100050d4       0x10 CMakeFiles/05-display.dir/C_/Repositories/pico/pico-sdk/src/rp2_common/pico_unique_id/unique_id.c.obj
 .text.pico_get_unique_board_id_string
                0x100050e4      0x1a8 CMakeFiles/05-display.dir/C_/Repositories/pico/pico-sdk/src/rp2_common/pico_unique_id/unique_id.c.obj
                0x100050e4                pico_get_unique_board_id_string
 .text.flash_get_unique_id
                0x1000528c       0x40 CMakeFiles/05-display.dir/C_/Repositories/pico/pico-sdk/src/rp2_common/hardware_flash/flash.c.obj
                0x1000528c                flash_get_unique_id
 .text.dcd_init
                0x100052cc       0x90 CMakeFiles/05-display.dir/C_/Repositories/pico/pico-sdk/lib/tinyusb/src/portable/raspberrypi/rp2040/dcd_rp2040.c.obj
                0x100052cc                dcd_init
 .text.dcd_int_enable
                0x1000535c        0xc CMakeFiles/05-display.dir/C_/Repositories/pico/pico-sdk/lib/tinyusb/src/portable/raspberrypi/rp2040/dcd_rp2040.c.obj
                0x1000535c                dcd_int_enable
 .text.dcd_set_address
                0x10005368       0x14 CMakeFiles/05-display.dir/C_/Repositories/pico/pico-sdk/lib/tinyusb/src/portable/raspberrypi/rp2040/dcd_rp2040.c.obj
                0x10005368                dcd_set_address
 .text.dcd_sof_enable
                0x1000537c       0x1c CMakeFiles/05-display.dir/C_/Repositories/pico/pico-sdk/lib/tinyusb/src/portable/raspberrypi/rp2040/dcd_rp2040.c.obj
                0x1000537c                dcd_sof_enable
 .text.dcd_edpt0_status_complete
                0x10005398       0x1c CMakeFiles/05-display.dir/C_/Repositories/pico/pico-sdk/lib/tinyusb/src/portable/raspberrypi/rp2040/dcd_rp2040.c.obj
                0x10005398                dcd_edpt0_status_complete
 .text.dcd_edpt_open
                0x100053b4      0x114 CMakeFiles/05-display.dir/C_/Repositories/pico/pico-sdk/lib/tinyusb/src/portable/raspberrypi/rp2040/dcd_rp2040.c.obj
                0x100053b4                dcd_edpt_open
 .text.dcd_edpt_close_all
                0x100054c8        0x8 CMakeFiles/05-display.dir/C_/Repositories/pico/pico-sdk/lib/tinyusb/src/portable/raspberrypi/rp2040/dcd_rp2040.c.obj
                0x100054c8                dcd_edpt_close_all
 .text.dcd_edpt_xfer
                0x100054d0       0x24 CMakeFiles/05-display.dir/C_/Repositories/pico/pico-sdk/lib/tinyusb/src/portable/raspberrypi/rp2040/dcd_rp2040.c.obj
                0x100054d0                dcd_edpt_xfer
 .text.dcd_edpt_stall
                0x100054f4       0x38 CMakeFiles/05-display.dir/C_/Repositories/pico/pico-sdk/lib/tinyusb/src/portable/raspberrypi/rp2040/dcd_rp2040.c.obj
                0x100054f4                dcd_edpt_stall
 .text.dcd_edpt_clear_stall
                0x1000552c       0x30 CMakeFiles/05-display.dir/C_/Repositories/pico/pico-sdk/lib/tinyusb/src/portable/raspberrypi/rp2040/dcd_rp2040.c.obj
                0x1000552c                dcd_edpt_clear_stall
 .text.rp2040_usb_init
                0x1000555c       0x40 CMakeFiles/05-display.dir/C_/Repositories/pico/pico-sdk/lib/tinyusb/src/portable/raspberrypi/rp2040/rp2040_usb.c.obj
                0x1000555c                rp2040_usb_init
 .text.hw_endpoint_xfer_start
                0x1000559c       0x50 CMakeFiles/05-display.dir/C_/Repositories/pico/pico-sdk/lib/tinyusb/src/portable/raspberrypi/rp2040/rp2040_usb.c.obj
                0x1000559c                hw_endpoint_xfer_start
 .text.tud_event_hook_cb
                0x100055ec        0x4 CMakeFiles/05-display.dir/C_/Repositories/pico/pico-sdk/lib/tinyusb/src/device/usbd.c.obj
                0x100055ec                tud_event_hook_cb
 .text.tud_sof_cb
                0x100055f0        0x4 CMakeFiles/05-display.dir/C_/Repositories/pico/pico-sdk/lib/tinyusb/src/device/usbd.c.obj
                0x100055f0                tud_sof_cb
 .text.tud_descriptor_device_qualifier_cb
                0x100055f4        0x4 CMakeFiles/05-display.dir/C_/Repositories/pico/pico-sdk/lib/tinyusb/src/device/usbd.c.obj
                0x100055f4                tud_descriptor_device_qualifier_cb
 .text.tud_descriptor_other_speed_configuration_cb
                0x100055f8        0x4 CMakeFiles/05-display.dir/C_/Repositories/pico/pico-sdk/lib/tinyusb/src/device/usbd.c.obj
                0x100055f8                tud_descriptor_other_speed_configuration_cb
 .text.tud_mount_cb
                0x100055fc        0x4 CMakeFiles/05-display.dir/C_/Repositories/pico/pico-sdk/lib/tinyusb/src/device/usbd.c.obj
                0x100055fc                tud_mount_cb
 .text.tud_umount_cb
                0x10005600        0x4 CMakeFiles/05-display.dir/C_/Repositories/pico/pico-sdk/lib/tinyusb/src/device/usbd.c.obj
                0x10005600                tud_umount_cb
 .text.tud_suspend_cb
                0x10005604        0x4 CMakeFiles/05-display.dir/C_/Repositories/pico/pico-sdk/lib/tinyusb/src/device/usbd.c.obj
                0x10005604                tud_suspend_cb
 .text.tud_resume_cb
                0x10005608        0x4 CMakeFiles/05-display.dir/C_/Repositories/pico/pico-sdk/lib/tinyusb/src/device/usbd.c.obj
                0x10005608                tud_resume_cb
 .text.tud_mounted
                0x1000560c       0x10 CMakeFiles/05-display.dir/C_/Repositories/pico/pico-sdk/lib/tinyusb/src/device/usbd.c.obj
                0x1000560c                tud_mounted
 .text.tud_suspended
                0x1000561c       0x10 CMakeFiles/05-display.dir/C_/Repositories/pico/pico-sdk/lib/tinyusb/src/device/usbd.c.obj
                0x1000561c                tud_suspended
 .text.tud_rhport_init
                0x1000562c       0xf4 CMakeFiles/05-display.dir/C_/Repositories/pico/pico-sdk/lib/tinyusb/src/device/usbd.c.obj
                0x1000562c                tud_rhport_init
 .text.tud_task_ext
                0x10005720      0x800 CMakeFiles/05-display.dir/C_/Repositories/pico/pico-sdk/lib/tinyusb/src/device/usbd.c.obj
                0x10005720                tud_task_ext
 .text.usbd_open_edpt_pair
                0x10005f20       0x9c CMakeFiles/05-display.dir/C_/Repositories/pico/pico-sdk/lib/tinyusb/src/device/usbd.c.obj
                0x10005f20                usbd_open_edpt_pair
 .text.usbd_edpt_open
                0x10005fbc       0x34 CMakeFiles/05-display.dir/C_/Repositories/pico/pico-sdk/lib/tinyusb/src/device/usbd.c.obj
                0x10005fbc                usbd_edpt_open
 .text.usbd_edpt_claim
                0x10005ff0       0x28 CMakeFiles/05-display.dir/C_/Repositories/pico/pico-sdk/lib/tinyusb/src/device/usbd.c.obj
                0x10005ff0                usbd_edpt_claim
 .text.usbd_edpt_release
                0x10006018       0x28 CMakeFiles/05-display.dir/C_/Repositories/pico/pico-sdk/lib/tinyusb/src/device/usbd.c.obj
                0x10006018                usbd_edpt_release
 .text.usbd_edpt_xfer
                0x10006040       0x4c CMakeFiles/05-display.dir/C_/Repositories/pico/pico-sdk/lib/tinyusb/src/device/usbd.c.obj
                0x10006040                usbd_edpt_xfer
 .text.tud_control_status
                0x1000608c       0x30 CMakeFiles/05-display.dir/C_/Repositories/pico/pico-sdk/lib/tinyusb/src/device/usbd_control.c.obj
                0x1000608c                tud_control_status
 .text.tud_control_xfer
                0x100060bc       0xbc CMakeFiles/05-display.dir/C_/Repositories/pico/pico-sdk/lib/tinyusb/src/device/usbd_control.c.obj
                0x100060bc                tud_control_xfer
 .text.usbd_control_reset
                0x10006178       0x14 CMakeFiles/05-display.dir/C_/Repositories/pico/pico-sdk/lib/tinyusb/src/device/usbd_control.c.obj
                0x10006178                usbd_control_reset
 .text.usbd_control_set_complete_callback
                0x1000618c        0xc CMakeFiles/05-display.dir/C_/Repositories/pico/pico-sdk/lib/tinyusb/src/device/usbd_control.c.obj
                0x1000618c                usbd_control_set_complete_callback
 .text.usbd_control_set_request
                0x10006198       0x1c CMakeFiles/05-display.dir/C_/Repositories/pico/pico-sdk/lib/tinyusb/src/device/usbd_control.c.obj
                0x10006198                usbd_control_set_request
 .text.usbd_control_xfer_cb
                0x100061b4       0xf0 CMakeFiles/05-display.dir/C_/Repositories/pico/pico-sdk/lib/tinyusb/src/device/usbd_control.c.obj
                0x100061b4                usbd_control_xfer_cb
 .text._prep_out_transaction.isra.0
                0x100062a4       0x6c CMakeFiles/05-display.dir/C_/Repositories/pico/pico-sdk/lib/tinyusb/src/class/cdc/cdc_device.c.obj
 .text.tud_cdc_n_connected
                0x10006310       0x2c CMakeFiles/05-display.dir/C_/Repositories/pico/pico-sdk/lib/tinyusb/src/class/cdc/cdc_device.c.obj
                0x10006310                tud_cdc_n_connected
 .text.tud_cdc_n_available
                0x1000633c       0x18 CMakeFiles/05-display.dir/C_/Repositories/pico/pico-sdk/lib/tinyusb/src/class/cdc/cdc_device.c.obj
                0x1000633c                tud_cdc_n_available
 .text.tud_cdc_n_read
                0x10006354       0x94 CMakeFiles/05-display.dir/C_/Repositories/pico/pico-sdk/lib/tinyusb/src/class/cdc/cdc_device.c.obj
                0x10006354                tud_cdc_n_read
 .text.tud_cdc_n_write_flush
                0x100063e8       0x78 CMakeFiles/05-display.dir/C_/Repositories/pico/pico-sdk/lib/tinyusb/src/class/cdc/cdc_device.c.obj
                0x100063e8                tud_cdc_n_write_flush
 .text.tud_cdc_n_write
                0x10006460       0x44 CMakeFiles/05-display.dir/C_/Repositories/pico/pico-sdk/lib/tinyusb/src/class/cdc/cdc_device.c.obj
                0x10006460                tud_cdc_n_write
 .text.tud_cdc_n_write_available
                0x100064a4       0x18 CMakeFiles/05-display.dir/C_/Repositories/pico/pico-sdk/lib/tinyusb/src/class/cdc/cdc_device.c.obj
                0x100064a4                tud_cdc_n_write_available
 .text.cdcd_init
                0x100064bc       0x70 CMakeFiles/05-display.dir/C_/Repositories/pico/pico-sdk/lib/tinyusb/src/class/cdc/cdc_device.c.obj
                0x100064bc                cdcd_init
 .text.cdcd_deinit
                0x1000652c       0x24 CMakeFiles/05-display.dir/C_/Repositories/pico/pico-sdk/lib/tinyusb/src/class/cdc/cdc_device.c.obj
                0x1000652c                cdcd_deinit
 .text.cdcd_reset
                0x10006550       0x4c CMakeFiles/05-display.dir/C_/Repositories/pico/pico-sdk/lib/tinyusb/src/class/cdc/cdc_device.c.obj
                0x10006550                cdcd_reset
 .text.cdcd_open
                0x1000659c       0xa8 CMakeFiles/05-display.dir/C_/Repositories/pico/pico-sdk/lib/tinyusb/src/class/cdc/cdc_device.c.obj
                0x1000659c                cdcd_open
 .text.cdcd_control_xfer_cb
                0x10006644       0xe8 CMakeFiles/05-display.dir/C_/Repositories/pico/pico-sdk/lib/tinyusb/src/class/cdc/cdc_device.c.obj
                0x10006644                cdcd_control_xfer_cb
 .text.cdcd_xfer_cb
                0x1000672c       0xfc CMakeFiles/05-display.dir/C_/Repositories/pico/pico-sdk/lib/tinyusb/src/class/cdc/cdc_device.c.obj
                0x1000672c                cdcd_xfer_cb
 .text.vendord_init
                0x10006828       0x5c CMakeFiles/05-display.dir/C_/Repositories/pico/pico-sdk/lib/tinyusb/src/class/vendor/vendor_device.c.obj
                0x10006828                vendord_init
 .text.vendord_deinit
                0x10006884       0x1c CMakeFiles/05-display.dir/C_/Repositories/pico/pico-sdk/lib/tinyusb/src/class/vendor/vendor_device.c.obj
                0x10006884                vendord_deinit
 .text.vendord_reset
                0x100068a0       0x28 CMakeFiles/05-display.dir/C_/Repositories/pico/pico-sdk/lib/tinyusb/src/class/vendor/vendor_device.c.obj
                0x100068a0                vendord_reset
 .text.vendord_open
                0x100068c8      0x128 CMakeFiles/05-display.dir/C_/Repositories/pico/pico-sdk/lib/tinyusb/src/class/vendor/vendor_device.c.obj
                0x100068c8                vendord_open
 .text.vendord_xfer_cb
                0x100069f0       0x9c CMakeFiles/05-display.dir/C_/Repositories/pico/pico-sdk/lib/tinyusb/src/class/vendor/vendor_device.c.obj
                0x100069f0                vendord_xfer_cb
 .text.tusb_rhport_init
                0x10006a8c       0x48 CMakeFiles/05-display.dir/C_/Repositories/pico/pico-sdk/lib/tinyusb/src/tusb.c.obj
                0x10006a8c                tusb_rhport_init
 .text.tu_edpt_claim
                0x10006ad4       0x50 CMakeFiles/05-display.dir/C_/Repositories/pico/pico-sdk/lib/tinyusb/src/tusb.c.obj
                0x10006ad4                tu_edpt_claim
 .text.tu_edpt_release
                0x10006b24       0x38 CMakeFiles/05-display.dir/C_/Repositories/pico/pico-sdk/lib/tinyusb/src/tusb.c.obj
                0x10006b24                tu_edpt_release
 .text.tu_edpt_validate
                0x10006b5c       0x78 CMakeFiles/05-display.dir/C_/Repositories/pico/pico-sdk/lib/tinyusb/src/tusb.c.obj
                0x10006b5c                tu_edpt_validate
 .text.tu_edpt_bind_driver
                0x10006bd4       0x34 CMakeFiles/05-display.dir/C_/Repositories/pico/pico-sdk/lib/tinyusb/src/tusb.c.obj
                0x10006bd4                tu_edpt_bind_driver
 .text.tu_edpt_stream_init
                0x10006c08       0x6c CMakeFiles/05-display.dir/C_/Repositories/pico/pico-sdk/lib/tinyusb/src/tusb.c.obj
                0x10006c08                tu_edpt_stream_init
 .text.tu_edpt_stream_deinit
                0x10006c74        0x4 CMakeFiles/05-display.dir/C_/Repositories/pico/pico-sdk/lib/tinyusb/src/tusb.c.obj
                0x10006c74                tu_edpt_stream_deinit
 .text.tu_edpt_stream_write_zlp_if_needed
                0x10006c78       0x58 CMakeFiles/05-display.dir/C_/Repositories/pico/pico-sdk/lib/tinyusb/src/tusb.c.obj
                0x10006c78                tu_edpt_stream_write_zlp_if_needed
 .text.tu_edpt_stream_write_xfer
                0x10006cd0       0x64 CMakeFiles/05-display.dir/C_/Repositories/pico/pico-sdk/lib/tinyusb/src/tusb.c.obj
                0x10006cd0                tu_edpt_stream_write_xfer
 .text.tu_edpt_stream_read_xfer
                0x10006d34       0xdc CMakeFiles/05-display.dir/C_/Repositories/pico/pico-sdk/lib/tinyusb/src/tusb.c.obj
                0x10006d34                tu_edpt_stream_read_xfer
 .text.tu_fifo_config
                0x10006e10       0x70 CMakeFiles/05-display.dir/C_/Repositories/pico/pico-sdk/lib/tinyusb/src/common/tusb_fifo.c.obj
                0x10006e10                tu_fifo_config
 .text.tu_fifo_count
                0x10006e80       0x2c CMakeFiles/05-display.dir/C_/Repositories/pico/pico-sdk/lib/tinyusb/src/common/tusb_fifo.c.obj
                0x10006e80                tu_fifo_count
 .text.tu_fifo_empty
                0x10006eac       0x10 CMakeFiles/05-display.dir/C_/Repositories/pico/pico-sdk/lib/tinyusb/src/common/tusb_fifo.c.obj
                0x10006eac                tu_fifo_empty
 .text.tu_fifo_remaining
                0x10006ebc       0x2c CMakeFiles/05-display.dir/C_/Repositories/pico/pico-sdk/lib/tinyusb/src/common/tusb_fifo.c.obj
                0x10006ebc                tu_fifo_remaining
 .text.tu_fifo_read
                0x10006ee8       0xa0 CMakeFiles/05-display.dir/C_/Repositories/pico/pico-sdk/lib/tinyusb/src/common/tusb_fifo.c.obj
                0x10006ee8                tu_fifo_read
 .text.tu_fifo_read_n
                0x10006f88       0xec CMakeFiles/05-display.dir/C_/Repositories/pico/pico-sdk/lib/tinyusb/src/common/tusb_fifo.c.obj
                0x10006f88                tu_fifo_read_n
 .text.tu_fifo_write
                0x10007074       0x88 CMakeFiles/05-display.dir/C_/Repositories/pico/pico-sdk/lib/tinyusb/src/common/tusb_fifo.c.obj
                0x10007074                tu_fifo_write
 .text.tu_fifo_write_n
                0x100070fc      0x168 CMakeFiles/05-display.dir/C_/Repositories/pico/pico-sdk/lib/tinyusb/src/common/tusb_fifo.c.obj
                0x100070fc                tu_fifo_write_n
 .text.tu_fifo_clear
                0x10007264       0x40 CMakeFiles/05-display.dir/C_/Repositories/pico/pico-sdk/lib/tinyusb/src/common/tusb_fifo.c.obj
                0x10007264                tu_fifo_clear
 .text.tu_fifo_set_overwritable
                0x100072a4       0x48 CMakeFiles/05-display.dir/C_/Repositories/pico/pico-sdk/lib/tinyusb/src/common/tusb_fifo.c.obj
                0x100072a4                tu_fifo_set_overwritable
 .text.spi_init
                0x100072ec      0x134 CMakeFiles/05-display.dir/C_/Repositories/pico/pico-sdk/src/rp2_common/hardware_spi/spi.c.obj
                0x100072ec                spi_init
 .text          0x10007420      0x25c ili9341-driver/libili9341.a(ili9341-driver.c.obj)
                0x10007420                ili9341_write_cmd
                0x1000744c                ili9341_write_data
                0x10007470                ili9341_write_data_byte
                0x1000749c                ili9341_set_address_window
                0x1000756c                ili9341_init
 .text          0x1000767c      0x2f8 ili9341-driver/libili9341.a(ili9341-display.c.obj)
                0x1000767c                ili9341_draw_pixel
                0x100076c0                ili9341_draw_filled_rect
                0x10007748                ili9341_fill_screen
                0x10007760                ili9341_draw_rect
                0x100077fc                ili9341_draw_line
                0x10007930                ili9341_set_rotation
 .text          0x10007974      0x17c ili9341-driver/libili9341.a(ili9341-font.c.obj)
                0x10007974                ili9341_draw_char
                0x10007a7c                ili9341_draw_text
 .text._calloc_r
                0x10007af0       0x9c c:/program files (x86)/gnu arm embedded toolchain/10 2021.10/bin/../lib/gcc/arm-none-eabi/10.3.1/../../../../arm-none-eabi/lib/thumb/v6-m/nofp\libg.a(lib_a-callocr.o)
                0x10007af0                _calloc_r
 .text.__errno  0x10007b8c        0xc c:/program files (x86)/gnu arm embedded toolchain/10 2021.10/bin/../lib/gcc/arm-none-eabi/10.3.1/../../../../arm-none-eabi/lib/thumb/v6-m/nofp\libg.a(lib_a-errno.o)
                0x10007b8c                __errno
 .text.malloc   0x10007b98       0x14 c:/program files (x86)/gnu arm embedded toolchain/10 2021.10/bin/../lib/gcc/arm-none-eabi/10.3.1/../../../../arm-none-eabi/lib/thumb/v6-m/nofp\libg.a(lib_a-malloc.o)
                0x10007b98                malloc
 .text.free     0x10007bac       0x14 c:/program files (x86)/gnu arm embedded toolchain/10 2021.10/bin/../lib/gcc/arm-none-eabi/10.3.1/../../../../arm-none-eabi/lib/thumb/v6-m/nofp\libg.a(lib_a-malloc.o)
                0x10007bac                free
 .text._malloc_r
                0x10007bc0      0x584 c:/program files (x86)/gnu arm embedded toolchain/10 2021.10/bin/../lib/gcc/arm-none-eabi/10.3.1/../../../../arm-none-eabi/lib/thumb/v6-m/nofp\libg.a(lib_a-mallocr.o)
                0x10007bc0                _malloc_r
 .text.__malloc_lock
                0x10008144       0x10 c:/program files (x86)/gnu arm embedded toolchain/10 2021.10/bin/../lib/gcc/arm-none-eabi/10.3.1/../../../../arm-none-eabi/lib/thumb/v6-m/nofp\libg.a(lib_a-mlock.o)
                0x10008144                __malloc_lock
 .text.__malloc_unlock
                0x10008154       0x10 c:/program files (x86)/gnu arm embedded toolchain/10 2021.10/bin/../lib/gcc/arm-none-eabi/10.3.1/../../../../arm-none-eabi/lib/thumb/v6-m/nofp\libg.a(lib_a-mlock.o)
                0x10008154                __malloc_unlock
 .text.realloc  0x10008164       0x18 c:/program files (x86)/gnu arm embedded toolchain/10 2021.10/bin/../lib/gcc/arm-none-eabi/10.3.1/../../../../arm-none-eabi/lib/thumb/v6-m/nofp\libg.a(lib_a-realloc.o)
                0x10008164                realloc
 .text._realloc_r
                0x1000817c      0x354 c:/program files (x86)/gnu arm embedded toolchain/10 2021.10/bin/../lib/gcc/arm-none-eabi/10.3.1/../../../../arm-none-eabi/lib/thumb/v6-m/nofp\libg.a(lib_a-reallocr.o)
                0x1000817c                _realloc_r
 .text._sbrk_r  0x100084d0       0x24 c:/program files (x86)/gnu arm embedded toolchain/10 2021.10/bin/../lib/gcc/arm-none-eabi/10.3.1/../../../../arm-none-eabi/lib/thumb/v6-m/nofp\libg.a(lib_a-sbrkr.o)
                0x100084d0                _sbrk_r
 .text.sscanf   0x100084f4       0x50 c:/program files (x86)/gnu arm embedded toolchain/10 2021.10/bin/../lib/gcc/arm-none-eabi/10.3.1/../../../../arm-none-eabi/lib/thumb/v6-m/nofp\libg.a(lib_a-sscanf.o)
                0x100084f4                sscanf
 .text.__seofread
                0x10008544        0x4 c:/program files (x86)/gnu arm embedded toolchain/10 2021.10/bin/../lib/gcc/arm-none-eabi/10.3.1/../../../../arm-none-eabi/lib/thumb/v6-m/nofp\libg.a(lib_a-stdio.o)
                0x10008544                __seofread
 .text.strchr   0x10008548       0xc0 c:/program files (x86)/gnu arm embedded toolchain/10 2021.10/bin/../lib/gcc/arm-none-eabi/10.3.1/../../../../arm-none-eabi/lib/thumb/v6-m/nofp\libg.a(lib_a-strchr.o)
                0x10008548                strchr
 .text          0x10008608       0x88 c:/program files (x86)/gnu arm embedded toolchain/10 2021.10/bin/../lib/gcc/arm-none-eabi/10.3.1/../../../../arm-none-eabi/lib/thumb/v6-m/nofp\libg.a(lib_a-strcmp.o)
                0x10008608                strcmp
 .text.strlen   0x10008690       0x5c c:/program files (x86)/gnu arm embedded toolchain/10 2021.10/bin/../lib/gcc/arm-none-eabi/10.3.1/../../../../arm-none-eabi/lib/thumb/v6-m/nofp\libg.a(lib_a-strlen-stub.o)
                0x10008690                strlen
 .text._strtoul_l.constprop.0
                0x100086ec      0x148 c:/program files (x86)/gnu arm embedded toolchain/10 2021.10/bin/../lib/gcc/arm-none-eabi/10.3.1/../../../../arm-none-eabi/lib/thumb/v6-m/nofp\libg.a(lib_a-strtoul.o)
 .text._strtoul_r
                0x10008834        0x8 c:/program files (x86)/gnu arm embedded toolchain/10 2021.10/bin/../lib/gcc/arm-none-eabi/10.3.1/../../../../arm-none-eabi/lib/thumb/v6-m/nofp\libg.a(lib_a-strtoul.o)
                0x10008834                _strtoul_r
 .text.strtoul  0x1000883c       0x18 c:/program files (x86)/gnu arm embedded toolchain/10 2021.10/bin/../lib/gcc/arm-none-eabi/10.3.1/../../../../arm-none-eabi/lib/thumb/v6-m/nofp\libg.a(lib_a-strtoul.o)
                0x1000883c                strtoul
 .text.__ssvfscanf_r
                0x10008854     0x17a0 c:/program files (x86)/gnu arm embedded toolchain/10 2021.10/bin/../lib/gcc/arm-none-eabi/10.3.1/../../../../arm-none-eabi/lib/thumb/v6-m/nofp\libg.a(lib_a-svfscanf.o)
                0x10008854                __ssvfscanf_r
 .text._malloc_trim_r
                0x10009ff4       0x9c c:/program files (x86)/gnu arm embedded toolchain/10 2021.10/bin/../lib/gcc/arm-none-eabi/10.3.1/../../../../arm-none-eabi/lib/thumb/v6-m/nofp\libg.a(lib_a-freer.o)
                0x10009ff4                _malloc_trim_r
 .text._free_r  0x1000a090      0x1c4 c:/program files (x86)/gnu arm embedded toolchain/10 2021.10/bin/../lib/gcc/arm-none-eabi/10.3.1/../../../../arm-none-eabi/lib/thumb/v6-m/nofp\libg.a(lib_a-freer.o)
                0x1000a090                _free_r
 .text.iswspace
                0x1000a254        0xc c:/program files (x86)/gnu arm embedded toolchain/10 2021.10/bin/../lib/gcc/arm-none-eabi/10.3.1/../../../../arm-none-eabi/lib/thumb/v6-m/nofp\libg.a(lib_a-iswspace.o)
                0x1000a254                iswspace
 .text.iswspace_l
                0x1000a260       0x18 c:/program files (x86)/gnu arm embedded toolchain/10 2021.10/bin/../lib/gcc/arm-none-eabi/10.3.1/../../../../arm-none-eabi/lib/thumb/v6-m/nofp\libg.a(lib_a-iswspace_l.o)
                0x1000a260                iswspace_l
 .text.__locale_mb_cur_max
                0x1000a278       0x10 c:/program files (x86)/gnu arm embedded toolchain/10 2021.10/bin/../lib/gcc/arm-none-eabi/10.3.1/../../../../arm-none-eabi/lib/thumb/v6-m/nofp\libg.a(lib_a-locale.o)
                0x1000a278                __locale_mb_cur_max
 .text._localeconv_r
                0x1000a288        0x8 c:/program files (x86)/gnu arm embedded toolchain/10 2021.10/bin/../lib/gcc/arm-none-eabi/10.3.1/../../../../arm-none-eabi/lib/thumb/v6-m/nofp\libg.a(lib_a-localeconv.o)
                0x1000a288                _localeconv_r
 .text.__retarget_lock_acquire_recursive
                0x1000a290        0x4 c:/program files (x86)/gnu arm embedded toolchain/10 2021.10/bin/../lib/gcc/arm-none-eabi/10.3.1/../../../../arm-none-eabi/lib/thumb/v6-m/nofp\libg.a(lib_a-lock.o)
                0x1000a290                __retarget_lock_acquire_recursive
 .text.__retarget_lock_release_recursive
                0x1000a294        0x4 c:/program files (x86)/gnu arm embedded toolchain/10 2021.10/bin/../lib/gcc/arm-none-eabi/10.3.1/../../../../arm-none-eabi/lib/thumb/v6-m/nofp\libg.a(lib_a-lock.o)
                0x1000a294                __retarget_lock_release_recursive
 .text._mbrtowc_r
                0x1000a298       0x4c c:/program files (x86)/gnu arm embedded toolchain/10 2021.10/bin/../lib/gcc/arm-none-eabi/10.3.1/../../../../arm-none-eabi/lib/thumb/v6-m/nofp\libg.a(lib_a-mbrtowc.o)
                0x1000a298                _mbrtowc_r
 .text.__ascii_mbtowc
                0x1000a2e4       0x2c c:/program files (x86)/gnu arm embedded toolchain/10 2021.10/bin/../lib/gcc/arm-none-eabi/10.3.1/../../../../arm-none-eabi/lib/thumb/v6-m/nofp\libg.a(lib_a-mbtowc_r.o)
                0x1000a2e4                __ascii_mbtowc
 .text.memmove  0x1000a310       0xac c:/program files (x86)/gnu arm embedded toolchain/10 2021.10/bin/../lib/gcc/arm-none-eabi/10.3.1/../../../../arm-none-eabi/lib/thumb/v6-m/nofp\libg.a(lib_a-memmove.o)
                0x1000a310                memmove
 .text.__sccl   0x1000a3bc       0x80 c:/program files (x86)/gnu arm embedded toolchain/10 2021.10/bin/../lib/gcc/arm-none-eabi/10.3.1/../../../../arm-none-eabi/lib/thumb/v6-m/nofp\libg.a(lib_a-sccl.o)
                0x1000a3bc                __sccl
 .text.nanf     0x1000a43c        0x8 c:/program files (x86)/gnu arm embedded toolchain/10 2021.10/bin/../lib/gcc/arm-none-eabi/10.3.1/../../../../arm-none-eabi/lib/thumb/v6-m/nofp\libg.a(lib_a-sf_nan.o)
                0x1000a43c                nanf
 .text.strncmp  0x1000a444       0x74 c:/program files (x86)/gnu arm embedded toolchain/10 2021.10/bin/../lib/gcc/arm-none-eabi/10.3.1/../../../../arm-none-eabi/lib/thumb/v6-m/nofp\libg.a(lib_a-strncmp.o)
                0x1000a444                strncmp
 .text._strtod_l
                0x1000a4b8      0xf78 c:/program files (x86)/gnu arm embedded toolchain/10 2021.10/bin/../lib/gcc/arm-none-eabi/10.3.1/../../../../arm-none-eabi/lib/thumb/v6-m/nofp\libg.a(lib_a-strtod.o)
                0x1000a4b8                _strtod_l
 .text._strtod_r
                0x1000b430       0x10 c:/program files (x86)/gnu arm embedded toolchain/10 2021.10/bin/../lib/gcc/arm-none-eabi/10.3.1/../../../../arm-none-eabi/lib/thumb/v6-m/nofp\libg.a(lib_a-strtod.o)
                0x1000b430                _strtod_r
 .text._strtol_l.part.0
                0x1000b440      0x144 c:/program files (x86)/gnu arm embedded toolchain/10 2021.10/bin/../lib/gcc/arm-none-eabi/10.3.1/../../../../arm-none-eabi/lib/thumb/v6-m/nofp\libg.a(lib_a-strtol.o)
 .text._strtol_r
                0x1000b584       0x1c c:/program files (x86)/gnu arm embedded toolchain/10 2021.10/bin/../lib/gcc/arm-none-eabi/10.3.1/../../../../arm-none-eabi/lib/thumb/v6-m/nofp\libg.a(lib_a-strtol.o)
                0x1000b584                _strtol_r
 .text._strtoll_l.constprop.0
                0x1000b5a0      0x198 c:/program files (x86)/gnu arm embedded toolchain/10 2021.10/bin/../lib/gcc/arm-none-eabi/10.3.1/../../../../arm-none-eabi/lib/thumb/v6-m/nofp\libg.a(lib_a-strtoll.o)
 .text._strtoll_r
                0x1000b738        0x8 c:/program files (x86)/gnu arm embedded toolchain/10 2021.10/bin/../lib/gcc/arm-none-eabi/10.3.1/../../../../arm-none-eabi/lib/thumb/v6-m/nofp\libg.a(lib_a-strtoll.o)
                0x1000b738                _strtoll_r
 .text._strtoull_l.constprop.0
                0x1000b740      0x1bc c:/program files (x86)/gnu arm embedded toolchain/10 2021.10/bin/../lib/gcc/arm-none-eabi/10.3.1/../../../../arm-none-eabi/lib/thumb/v6-m/nofp\libg.a(lib_a-strtoull.o)
 .text._strtoull_r
                0x1000b8fc        0x8 c:/program files (x86)/gnu arm embedded toolchain/10 2021.10/bin/../lib/gcc/arm-none-eabi/10.3.1/../../../../arm-none-eabi/lib/thumb/v6-m/nofp\libg.a(lib_a-strtoull.o)
                0x1000b8fc                _strtoull_r
 .text._sungetc_r
                0x1000b904       0x84 c:/program files (x86)/gnu arm embedded toolchain/10 2021.10/bin/../lib/gcc/arm-none-eabi/10.3.1/../../../../arm-none-eabi/lib/thumb/v6-m/nofp\libg.a(lib_a-svfiscanf.o)
                0x1000b904                _sungetc_r
 .text.__ssrefill_r
                0x1000b988       0x40 c:/program files (x86)/gnu arm embedded toolchain/10 2021.10/bin/../lib/gcc/arm-none-eabi/10.3.1/../../../../arm-none-eabi/lib/thumb/v6-m/nofp\libg.a(lib_a-svfiscanf.o)
                0x1000b988                __ssrefill_r
 .text._sfread_r
                0x1000b9c8       0xc4 c:/program files (x86)/gnu arm embedded toolchain/10 2021.10/bin/../lib/gcc/arm-none-eabi/10.3.1/../../../../arm-none-eabi/lib/thumb/v6-m/nofp\libg.a(lib_a-svfiscanf.o)
                0x1000b9c8                _sfread_r
 .text.__submore
                0x1000ba8c       0x84 c:/program files (x86)/gnu arm embedded toolchain/10 2021.10/bin/../lib/gcc/arm-none-eabi/10.3.1/../../../../arm-none-eabi/lib/thumb/v6-m/nofp\libg.a(lib_a-ungetc.o)
                0x1000ba8c                __submore
 .text.__ascii_wctomb
                0x1000bb10       0x1c c:/program files (x86)/gnu arm embedded toolchain/10 2021.10/bin/../lib/gcc/arm-none-eabi/10.3.1/../../../../arm-none-eabi/lib/thumb/v6-m/nofp\libg.a(lib_a-wctomb_r.o)
                0x1000bb10                __ascii_wctomb
 .text.rshift   0x1000bb2c       0xa4 c:/program files (x86)/gnu arm embedded toolchain/10 2021.10/bin/../lib/gcc/arm-none-eabi/10.3.1/../../../../arm-none-eabi/lib/thumb/v6-m/nofp\libg.a(lib_a-gdtoa-gethex.o)
 .text.__gethex
                0x1000bbd0      0x5cc c:/program files (x86)/gnu arm embedded toolchain/10 2021.10/bin/../lib/gcc/arm-none-eabi/10.3.1/../../../../arm-none-eabi/lib/thumb/v6-m/nofp\libg.a(lib_a-gdtoa-gethex.o)
                0x1000bbd0                __gethex
 .text.__match  0x1000c19c       0x2c c:/program files (x86)/gnu arm embedded toolchain/10 2021.10/bin/../lib/gcc/arm-none-eabi/10.3.1/../../../../arm-none-eabi/lib/thumb/v6-m/nofp\libg.a(lib_a-gdtoa-hexnan.o)
                0x1000c19c                __match
 .text.__hexnan
                0x1000c1c8      0x1d0 c:/program files (x86)/gnu arm embedded toolchain/10 2021.10/bin/../lib/gcc/arm-none-eabi/10.3.1/../../../../arm-none-eabi/lib/thumb/v6-m/nofp\libg.a(lib_a-gdtoa-hexnan.o)
                0x1000c1c8                __hexnan
 .text._Balloc  0x1000c398       0x50 c:/program files (x86)/gnu arm embedded toolchain/10 2021.10/bin/../lib/gcc/arm-none-eabi/10.3.1/../../../../arm-none-eabi/lib/thumb/v6-m/nofp\libg.a(lib_a-mprec.o)
                0x1000c398                _Balloc
 .text._Bfree   0x1000c3e8       0x14 c:/program files (x86)/gnu arm embedded toolchain/10 2021.10/bin/../lib/gcc/arm-none-eabi/10.3.1/../../../../arm-none-eabi/lib/thumb/v6-m/nofp\libg.a(lib_a-mprec.o)
                0x1000c3e8                _Bfree
 .text.__multadd
                0x1000c3fc       0xa8 c:/program files (x86)/gnu arm embedded toolchain/10 2021.10/bin/../lib/gcc/arm-none-eabi/10.3.1/../../../../arm-none-eabi/lib/thumb/v6-m/nofp\libg.a(lib_a-mprec.o)
                0x1000c3fc                __multadd
 .text.__s2b    0x1000c4a4       0xb0 c:/program files (x86)/gnu arm embedded toolchain/10 2021.10/bin/../lib/gcc/arm-none-eabi/10.3.1/../../../../arm-none-eabi/lib/thumb/v6-m/nofp\libg.a(lib_a-mprec.o)
                0x1000c4a4                __s2b
 .text.__hi0bits
                0x1000c554       0x38 c:/program files (x86)/gnu arm embedded toolchain/10 2021.10/bin/../lib/gcc/arm-none-eabi/10.3.1/../../../../arm-none-eabi/lib/thumb/v6-m/nofp\libg.a(lib_a-mprec.o)
                0x1000c554                __hi0bits
 .text.__lo0bits
                0x1000c58c       0x5c c:/program files (x86)/gnu arm embedded toolchain/10 2021.10/bin/../lib/gcc/arm-none-eabi/10.3.1/../../../../arm-none-eabi/lib/thumb/v6-m/nofp\libg.a(lib_a-mprec.o)
                0x1000c58c                __lo0bits
 .text.__i2b    0x1000c5e8       0x60 c:/program files (x86)/gnu arm embedded toolchain/10 2021.10/bin/../lib/gcc/arm-none-eabi/10.3.1/../../../../arm-none-eabi/lib/thumb/v6-m/nofp\libg.a(lib_a-mprec.o)
                0x1000c5e8                __i2b
 .text.__multiply
                0x1000c648      0x1a4 c:/program files (x86)/gnu arm embedded toolchain/10 2021.10/bin/../lib/gcc/arm-none-eabi/10.3.1/../../../../arm-none-eabi/lib/thumb/v6-m/nofp\libg.a(lib_a-mprec.o)
                0x1000c648                __multiply
 .text.__pow5mult
                0x1000c7ec       0xd8 c:/program files (x86)/gnu arm embedded toolchain/10 2021.10/bin/../lib/gcc/arm-none-eabi/10.3.1/../../../../arm-none-eabi/lib/thumb/v6-m/nofp\libg.a(lib_a-mprec.o)
                0x1000c7ec                __pow5mult
 .text.__lshift
                0x1000c8c4       0xfc c:/program files (x86)/gnu arm embedded toolchain/10 2021.10/bin/../lib/gcc/arm-none-eabi/10.3.1/../../../../arm-none-eabi/lib/thumb/v6-m/nofp\libg.a(lib_a-mprec.o)
                0x1000c8c4                __lshift
 .text.__mcmp   0x1000c9c0       0x34 c:/program files (x86)/gnu arm embedded toolchain/10 2021.10/bin/../lib/gcc/arm-none-eabi/10.3.1/../../../../arm-none-eabi/lib/thumb/v6-m/nofp\libg.a(lib_a-mprec.o)
                0x1000c9c0                __mcmp
 .text.__mdiff  0x1000c9f4      0x18c c:/program files (x86)/gnu arm embedded toolchain/10 2021.10/bin/../lib/gcc/arm-none-eabi/10.3.1/../../../../arm-none-eabi/lib/thumb/v6-m/nofp\libg.a(lib_a-mprec.o)
                0x1000c9f4                __mdiff
 .text.__ulp    0x1000cb80       0x48 c:/program files (x86)/gnu arm embedded toolchain/10 2021.10/bin/../lib/gcc/arm-none-eabi/10.3.1/../../../../arm-none-eabi/lib/thumb/v6-m/nofp\libg.a(lib_a-mprec.o)
                0x1000cb80                __ulp
 .text.__b2d    0x1000cbc8       0xc8 c:/program files (x86)/gnu arm embedded toolchain/10 2021.10/bin/../lib/gcc/arm-none-eabi/10.3.1/../../../../arm-none-eabi/lib/thumb/v6-m/nofp\libg.a(lib_a-mprec.o)
                0x1000cbc8                __b2d
 .text.__d2b    0x1000cc90       0xd8 c:/program files (x86)/gnu arm embedded toolchain/10 2021.10/bin/../lib/gcc/arm-none-eabi/10.3.1/../../../../arm-none-eabi/lib/thumb/v6-m/nofp\libg.a(lib_a-mprec.o)
                0x1000cc90                __d2b
 .text.__ratio  0x1000cd68       0x68 c:/program files (x86)/gnu arm embedded toolchain/10 2021.10/bin/../lib/gcc/arm-none-eabi/10.3.1/../../../../arm-none-eabi/lib/thumb/v6-m/nofp\libg.a(lib_a-mprec.o)
                0x1000cd68                __ratio
 .text.__copybits
                0x1000cdd0       0x40 c:/program files (x86)/gnu arm embedded toolchain/10 2021.10/bin/../lib/gcc/arm-none-eabi/10.3.1/../../../../arm-none-eabi/lib/thumb/v6-m/nofp\libg.a(lib_a-mprec.o)
                0x1000cdd0                __copybits
 .text.__any_on
                0x1000ce10       0x50 c:/program files (x86)/gnu arm embedded toolchain/10 2021.10/bin/../lib/gcc/arm-none-eabi/10.3.1/../../../../arm-none-eabi/lib/thumb/v6-m/nofp\libg.a(lib_a-mprec.o)
                0x1000ce10                __any_on
 .text.nan      0x1000ce60        0xc c:/program files (x86)/gnu arm embedded toolchain/10 2021.10/bin/../lib/gcc/arm-none-eabi/10.3.1/../../../../arm-none-eabi/lib/thumb/v6-m/nofp\libg.a(lib_a-s_nan.o)
                0x1000ce60                nan
 *(.fini)
 .fini          0x1000ce6c        0x4 c:/program files (x86)/gnu arm embedded toolchain/10 2021.10/bin/../lib/gcc/arm-none-eabi/10.3.1/thumb/v6-m/nofp/crti.o
                0x1000ce6c                _fini
 .fini.__stub   0x1000ce70       0xf0 linker stubs
 *crtbegin.o(.ctors)
 *crtbegin?.o(.ctors)
 *(EXCLUDE_FILE(*crtend.o *crtend?.o) .ctors)
 *(SORT_BY_NAME(.ctors.*))
 *(.ctors)
 *crtbegin.o(.dtors)
 *crtbegin?.o(.dtors)
 *(EXCLUDE_FILE(*crtend.o *crtend?.o) .dtors)
 *(SORT_BY_NAME(.dtors.*))
 *(.dtors)
                0x1000cf60                . = ALIGN (0x4)
                0x1000cf60                PROVIDE (__preinit_array_start = .)
 *(SORT_BY_NAME(.preinit_array.*))
 .preinit_array.00100
                0x1000cf60        0x4 CMakeFiles/05-display.dir/C_/Repositories/pico/pico-sdk/src/rp2_common/pico_runtime_init/runtime_init.c.obj
                0x1000cf60                __pre_init_runtime_init_early_resets
 .preinit_array.00101
                0x1000cf64        0x4 CMakeFiles/05-display.dir/C_/Repositories/pico/pico-sdk/src/rp2_common/pico_runtime_init/runtime_init.c.obj
                0x1000cf64                __pre_init_runtime_init_usb_power_down
 .preinit_array.00275
                0x1000cf68        0x4 CMakeFiles/05-display.dir/C_/Repositories/pico/pico-sdk/src/rp2_common/pico_bit_ops/bit_ops_aeabi.S.obj
 .preinit_array.00300
                0x1000cf6c        0x4 CMakeFiles/05-display.dir/C_/Repositories/pico/pico-sdk/src/rp2_common/pico_mem_ops/mem_ops_aeabi.S.obj
 .preinit_array.00350
                0x1000cf70        0x4 CMakeFiles/05-display.dir/C_/Repositories/pico/pico-sdk/src/rp2_common/pico_double/double_aeabi_rp2040.S.obj
 .preinit_array.00350
                0x1000cf74        0x4 CMakeFiles/05-display.dir/C_/Repositories/pico/pico-sdk/src/rp2_common/pico_float/float_aeabi_rp2040.S.obj
 .preinit_array.00500
                0x1000cf78        0x4 CMakeFiles/05-display.dir/C_/Repositories/pico/pico-sdk/src/rp2_common/pico_runtime_init/runtime_init.c.obj
                0x1000cf78                __pre_init_runtime_init_clocks
 .preinit_array.00600
                0x1000cf7c        0x4 CMakeFiles/05-display.dir/C_/Repositories/pico/pico-sdk/src/rp2_common/pico_runtime_init/runtime_init.c.obj
                0x1000cf7c                __pre_init_runtime_init_post_clock_resets
 .preinit_array.00700
                0x1000cf80        0x4 CMakeFiles/05-display.dir/C_/Repositories/pico/pico-sdk/src/rp2_common/pico_runtime_init/runtime_init.c.obj
                0x1000cf80                __pre_init_runtime_init_rp2040_gpio_ie_disable
 .preinit_array.01000
                0x1000cf84        0x4 CMakeFiles/05-display.dir/C_/Repositories/pico/pico-sdk/src/rp2_common/pico_runtime_init/runtime_init.c.obj
                0x1000cf84                __pre_init_runtime_init_spin_locks_reset
 .preinit_array.01100
                0x1000cf88        0x4 CMakeFiles/05-display.dir/C_/Repositories/pico/pico-sdk/src/common/pico_sync/mutex.c.obj
                0x1000cf88                __pre_init_runtime_init_mutex
 .preinit_array.10080
                0x1000cf8c        0x4 CMakeFiles/05-display.dir/C_/Repositories/pico/pico-sdk/src/rp2_common/pico_runtime_init/runtime_init.c.obj
                0x1000cf8c                __pre_init_runtime_init_install_ram_vector_table
 .preinit_array.11000
                0x1000cf90        0x4 CMakeFiles/05-display.dir/C_/Repositories/pico/pico-sdk/src/common/pico_time/time.c.obj
                0x1000cf90                __pre_init_runtime_init_default_alarm_pool
 .preinit_array.YYYYY
                0x1000cf94        0x4 CMakeFiles/05-display.dir/C_/Repositories/pico/pico-sdk/src/rp2_common/pico_runtime/runtime.c.obj
                0x1000cf94                __pre_init_first_per_core_initializer
 .preinit_array.ZZZZZ.01200
                0x1000cf98        0x4 CMakeFiles/05-display.dir/C_/Repositories/pico/pico-sdk/src/rp2_common/hardware_irq/irq.c.obj
                0x1000cf98                __pre_init_runtime_init_per_core_irq_priorities
 *(.preinit_array)
                0x1000cf9c                PROVIDE (__preinit_array_end = .)
                0x1000cf9c                . = ALIGN (0x4)
                0x1000cf9c                PROVIDE (__init_array_start = .)
 *(SORT_BY_NAME(.init_array.*))
 .init_array.01000
                0x1000cf9c        0x4 CMakeFiles/05-display.dir/C_/Repositories/pico/pico-sdk/src/rp2_common/pico_unique_id/unique_id.c.obj
 *(.init_array)
 .init_array    0x1000cfa0        0x4 c:/program files (x86)/gnu arm embedded toolchain/10 2021.10/bin/../lib/gcc/arm-none-eabi/10.3.1/thumb/v6-m/nofp/crtbegin.o
                0x1000cfa4                PROVIDE (__init_array_end = .)
                0x1000cfa4                . = ALIGN (0x4)
                [!provide]                PROVIDE (__fini_array_start = .)
 *(SORT_BY_NAME(.fini_array.*))
 *(.fini_array)
                [!provide]                PROVIDE (__fini_array_end = .)
 *(.eh_frame*)
 .eh_frame      0x1000cfa4        0x0 c:/program files (x86)/gnu arm embedded toolchain/10 2021.10/bin/../lib/gcc/arm-none-eabi/10.3.1/thumb/v6-m/nofp/crtbegin.o
                0x1000cfa4                . = ALIGN (0x4)

.glue_7         0x1000cfa4        0x0
 .glue_7        0x1000cfa4        0x0 linker stubs

.glue_7t        0x1000cfa4        0x0
 .glue_7t       0x1000cfa4        0x0 linker stubs

.vfp11_veneer   0x1000cfa4        0x0
 .vfp11_veneer  0x1000cfa4        0x0 linker stubs

.v4_bx          0x1000cfa4        0x0
 .v4_bx         0x1000cfa4        0x0 linker stubs

.iplt           0x1000cfa4        0x0
 .iplt          0x1000cfa4        0x0 c:/program files (x86)/gnu arm embedded toolchain/10 2021.10/bin/../lib/gcc/arm-none-eabi/10.3.1/thumb/v6-m/nofp/crtbegin.o

.rodata         0x1000cfa8     0x23f4
 *(EXCLUDE_FILE(*libm.a: *libc.a:*lib_a-mem*.o *libgcc.a:) .rodata*)
 .rodata.version_callback.str1.4
                0x1000cfa8       0x41 CMakeFiles/05-display.dir/main.c.obj
 *fill*         0x1000cfe9        0x3 
 .rodata.help_callback.str1.4
                0x1000cfec        0x8 CMakeFiles/05-display.dir/main.c.obj
 .rodata.led_blink_set_period_ms_callback.str1.4
                0x1000cff4       0x4b CMakeFiles/05-display.dir/main.c.obj
 *fill*         0x1000d03f        0x1 
 .rodata.mem_callback.str1.4
                0x1000d040       0x14 CMakeFiles/05-display.dir/main.c.obj
 .rodata.wmem_callback.str1.4
                0x1000d054       0x15 CMakeFiles/05-display.dir/main.c.obj
 .rodata.disp_screen_callback.str1.4
                0x1000d069       0x15 CMakeFiles/05-display.dir/main.c.obj
                                  0x3 (size before relaxing)
 *fill*         0x1000d069        0x3 
 .rodata.disp_px_callback.str1.4
                0x1000d06c       0x3f CMakeFiles/05-display.dir/main.c.obj
                                 0x4b (size before relaxing)
 *fill*         0x1000d0ab        0x1 
 .rodata.disp_line_callback.str1.4
                0x1000d0ac       0x56 CMakeFiles/05-display.dir/main.c.obj
 *fill*         0x1000d102        0x2 
 .rodata.disp_rect_callback.str1.4
                0x1000d104       0x5b CMakeFiles/05-display.dir/main.c.obj
 *fill*         0x1000d15f        0x1 
 .rodata.disp_frect_callback.str1.4
                0x1000d160       0x48 CMakeFiles/05-display.dir/main.c.obj
 .rodata.disp_text_callback.str1.4
                0x1000d1a8      0x15a CMakeFiles/05-display.dir/main.c.obj
 *fill*         0x1000d302        0x2 
 .rodata.main.str1.4
                0x1000d304       0x22 CMakeFiles/05-display.dir/main.c.obj
 *fill*         0x1000d326        0x2 
 .rodata.str1.4
                0x1000d328      0x49b CMakeFiles/05-display.dir/main.c.obj
 *fill*         0x1000d7c3        0x1 
 .rodata.stdio_task_handle.str1.4
                0x1000d7c4       0x17 CMakeFiles/05-display.dir/stdio-task/stdio-task.c.obj
 *fill*         0x1000d7db        0x1 
 .rodata.protocol_task_handle.str1.4
                0x1000d7dc       0x3d CMakeFiles/05-display.dir/protocol-task/protocol-task.c.obj
                                 0x41 (size before relaxing)
 *fill*         0x1000d819        0x3 
 .rodata.panic.str1.4
                0x1000d81c       0x12 CMakeFiles/05-display.dir/C_/Repositories/pico/pico-sdk/src/rp2_common/pico_platform_panic/panic.c.obj
 *fill*         0x1000d82e        0x2 
 .rodata.spin_lock_claim_unused.str1.4
                0x1000d830       0x1b CMakeFiles/05-display.dir/C_/Repositories/pico/pico-sdk/src/rp2_common/hardware_sync/sync.c.obj
 *fill*         0x1000d84b        0x1 
 .rodata.user_irq_claim_unused.str1.4
                0x1000d84c       0x1b CMakeFiles/05-display.dir/C_/Repositories/pico/pico-sdk/src/rp2_common/hardware_irq/irq.c.obj
 *fill*         0x1000d867        0x1 
 .rodata.timer_hardware_alarm_claim.str1.4
                0x1000d868       0x22 CMakeFiles/05-display.dir/C_/Repositories/pico/pico-sdk/src/rp2_common/hardware_timer/timer.c.obj
 *fill*         0x1000d88a        0x2 
 .rodata.hard_assertion_failure.str1.4
                0x1000d88c        0xc CMakeFiles/05-display.dir/C_/Repositories/pico/pico-sdk/src/rp2_common/pico_runtime/runtime.c.obj
 .rodata.__wrap_malloc.str1.4
                0x1000d898        0xe CMakeFiles/05-display.dir/C_/Repositories/pico/pico-sdk/src/rp2_common/pico_malloc/malloc.c.obj
 *fill*         0x1000d8a6        0x2 
 .rodata.str1.4
                0x1000d8a8       0x40 CMakeFiles/05-display.dir/C_/Repositories/pico/pico-sdk/src/rp2_common/pico_standard_binary_info/standard_binary_info.c.obj
 .rodata.__bi_26
                0x1000d8e8        0xc CMakeFiles/05-display.dir/C_/Repositories/pico/pico-sdk/src/rp2_common/pico_standard_binary_info/standard_binary_info.c.obj
 .rodata.__bi_34
                0x1000d8f4        0xc CMakeFiles/05-display.dir/C_/Repositories/pico/pico-sdk/src/rp2_common/pico_standard_binary_info/standard_binary_info.c.obj
 .rodata.__bi_42
                0x1000d900        0xc CMakeFiles/05-display.dir/C_/Repositories/pico/pico-sdk/src/rp2_common/pico_standard_binary_info/standard_binary_info.c.obj
 .rodata.__bi_48
                0x1000d90c        0xc CMakeFiles/05-display.dir/C_/Repositories/pico/pico-sdk/src/rp2_common/pico_standard_binary_info/standard_binary_info.c.obj
 .rodata.__bi_54
                0x1000d918        0xc CMakeFiles/05-display.dir/C_/Repositories/pico/pico-sdk/src/rp2_common/pico_standard_binary_info/standard_binary_info.c.obj
 .rodata.__bi_78
                0x1000d924        0xc CMakeFiles/05-display.dir/C_/Repositories/pico/pico-sdk/src/rp2_common/pico_standard_binary_info/standard_binary_info.c.obj
 .rodata.__bi_84
                0x1000d930        0xc CMakeFiles/05-display.dir/C_/Repositories/pico/pico-sdk/src/rp2_common/pico_standard_binary_info/standard_binary_info.c.obj
 .rodata._ftoa.str1.4
                0x1000d93c       0x15 CMakeFiles/05-display.dir/C_/Repositories/pico/pico-sdk/src/rp2_common/pico_printf/printf.c.obj
 *fill*         0x1000d951        0x3 
 .rodata._vsnprintf
                0x1000d954      0x1e0 CMakeFiles/05-display.dir/C_/Repositories/pico/pico-sdk/src/rp2_common/pico_printf/printf.c.obj
 *fill*         0x1000db34        0x4 
 .rodata.pow10.0
                0x1000db38       0x50 CMakeFiles/05-display.dir/C_/Repositories/pico/pico-sdk/src/rp2_common/pico_printf/printf.c.obj
 .rodata.__assert_func.str1.4
                0x1000db88       0x3f CMakeFiles/05-display.dir/C_/Repositories/pico/pico-sdk/src/rp2_common/pico_clib_interface/newlib_interface.c.obj
                                 0x43 (size before relaxing)
 *fill*         0x1000dbc7        0x1 
 .rodata.crlf_str.0
                0x1000dbc8        0x2 CMakeFiles/05-display.dir/C_/Repositories/pico/pico-sdk/src/rp2_common/pico_stdio/stdio.c.obj
 *fill*         0x1000dbca        0x2 
 .rodata._resetd_driver
                0x1000dbcc       0x20 CMakeFiles/05-display.dir/C_/Repositories/pico/pico-sdk/src/rp2_common/pico_stdio_usb/reset_interface.c.obj
 .rodata.desc_bos
                0x1000dbec       0x21 CMakeFiles/05-display.dir/C_/Repositories/pico/pico-sdk/src/rp2_common/pico_stdio_usb/reset_interface.c.obj
                0x1000dbec                desc_bos
 *fill*         0x1000dc0d        0x3 
 .rodata.desc_ms_os_20
                0x1000dc10       0xa6 CMakeFiles/05-display.dir/C_/Repositories/pico/pico-sdk/src/rp2_common/pico_stdio_usb/reset_interface.c.obj
 *fill*         0x1000dcb6        0x2 
 .rodata.str1.4
                0x1000dcb8       0x13 CMakeFiles/05-display.dir/C_/Repositories/pico/pico-sdk/src/rp2_common/pico_stdio_usb/stdio_usb.c.obj
 *fill*         0x1000dccb        0x1 
 .rodata.__bi_202.0
                0x1000dccc        0xc CMakeFiles/05-display.dir/C_/Repositories/pico/pico-sdk/src/rp2_common/pico_stdio_usb/stdio_usb.c.obj
 .rodata.str1.4
                0x1000dcd8       0x2a CMakeFiles/05-display.dir/C_/Repositories/pico/pico-sdk/src/rp2_common/pico_stdio_usb/stdio_usb_descriptors.c.obj
 *fill*         0x1000dd02        0x2 
 .rodata.usbd_desc_cfg
                0x1000dd04       0x54 CMakeFiles/05-display.dir/C_/Repositories/pico/pico-sdk/src/rp2_common/pico_stdio_usb/stdio_usb_descriptors.c.obj
 .rodata.usbd_desc_device
                0x1000dd58       0x12 CMakeFiles/05-display.dir/C_/Repositories/pico/pico-sdk/src/rp2_common/pico_stdio_usb/stdio_usb_descriptors.c.obj
 *fill*         0x1000dd6a        0x2 
 .rodata.usbd_desc_str