Archive member included to satisfy reference by file (symbol)

c:/program files (x86)/gnu arm embedded toolchain/10 2021.10/bin/../lib/gcc/arm-none-eabi/10.3.1/thumb/v6-m/nofp\libgcc.a(_dvmd_tls.o)
                              CMakeFiles/02-echo.dir/C_/Users/user/Desktop/pico/pico-sdk/src/rp2_common/pico_divider/divider_hardware.S.obj (__aeabi_idiv0)
c:/program files (x86)/gnu arm embedded toolchain/10 2021.10/bin/../lib/gcc/arm-none-eabi/10.3.1/../../../../arm-none-eabi/lib/thumb/v6-m/nofp\libg.a(lib_a-calloc.o)
                              CMakeFiles/02-echo.dir/C_/Users/user/Desktop/pico/pico-sdk/src/rp2_common/pico_malloc/malloc.c.obj (calloc)
c:/program files (x86)/gnu arm embedded toolchain/10 2021.10/bin/../lib/gcc/arm-none-eabi/10.3.1/../../../../arm-none-eabi/lib/thumb/v6-m/nofp\libg.a(lib_a-callocr.o)
                              c:/program files (x86)/gnu arm embedded toolchain/10 2021.10/bin/../lib/gcc/arm-none-eabi/10.3.1/../../../../arm-none-eabi/lib/thumb/v6-m/nofp\libg.a(lib_a-calloc.o) (_calloc_r)
c:/program files (x86)/gnu arm embedded toolchain/10 2021.10/bin/../lib/gcc/arm-none-eabi/10.3.1/../../../../arm-none-eabi/lib/thumb/v6-m/nofp\libg.a(lib_a-errno.o)
                              c:/program files (x86)/gnu arm embedded toolchain/10 2021.10/bin/../lib/gcc/arm-none-eabi/10.3.1/../../../../arm-none-eabi/lib/thumb/v6-m/nofp\libg.a(lib_a-callocr.o) (__errno)
c:/program files (x86)/gnu arm embedded toolchain/10 2021.10/bin/../lib/gcc/arm-none-eabi/10.3.1/../../../../arm-none-eabi/lib/thumb/v6-m/nofp\libg.a(lib_a-impure.o)
                              c:/program files (x86)/gnu arm embedded toolchain/10 2021.10/bin/../lib/gcc/arm-none-eabi/10.3.1/../../../../arm-none-eabi/lib/thumb/v6-m/nofp\libg.a(lib_a-calloc.o) (_impure_ptr)
c:/program files (x86)/gnu arm embedded toolchain/10 2021.10/bin/../lib/gcc/arm-none-eabi/10.3.1/../../../../arm-none-eabi/lib/thumb/v6-m/nofp\libg.a(lib_a-init.o)
                              c:/program files (x86)/gnu arm embedded toolchain/10 2021.10/bin/../lib/gcc/arm-none-eabi/10.3.1/../../../../arm-none-eabi/lib/thumb/v6-m/nofp/crt0.o (__libc_init_array)
c:/program files (x86)/gnu arm embedded toolchain/10 2021.10/bin/../lib/gcc/arm-none-eabi/10.3.1/../../../../arm-none-eabi/lib/thumb/v6-m/nofp\libg.a(lib_a-lcltime_r.o)
                              CMakeFiles/02-echo.dir/C_/Users/user/Desktop/pico/pico-sdk/src/common/pico_util/datetime.c.obj (localtime_r)
c:/program files (x86)/gnu arm embedded toolchain/10 2021.10/bin/../lib/gcc/arm-none-eabi/10.3.1/../../../../arm-none-eabi/lib/thumb/v6-m/nofp\libg.a(lib_a-malloc.o)
                              CMakeFiles/02-echo.dir/C_/Users/user/Desktop/pico/pico-sdk/src/rp2_common/pico_malloc/malloc.c.obj (malloc)
c:/program files (x86)/gnu arm embedded toolchain/10 2021.10/bin/../lib/gcc/arm-none-eabi/10.3.1/../../../../arm-none-eabi/lib/thumb/v6-m/nofp\libg.a(lib_a-mallocr.o)
                              c:/program files (x86)/gnu arm embedded toolchain/10 2021.10/bin/../lib/gcc/arm-none-eabi/10.3.1/../../../../arm-none-eabi/lib/thumb/v6-m/nofp\libg.a(lib_a-callocr.o) (_malloc_r)
c:/program files (x86)/gnu arm embedded toolchain/10 2021.10/bin/../lib/gcc/arm-none-eabi/10.3.1/../../../../arm-none-eabi/lib/thumb/v6-m/nofp\libg.a(lib_a-memcmp.o)
                              CMakeFiles/02-echo.dir/C_/Users/user/Desktop/pico/pico-sdk/src/rp2_common/pico_atomic/atomic.c.obj (memcmp)
c:/program files (x86)/gnu arm embedded toolchain/10 2021.10/bin/../lib/gcc/arm-none-eabi/10.3.1/../../../../arm-none-eabi/lib/thumb/v6-m/nofp\libg.a(lib_a-mktime.o)
                              CMakeFiles/02-echo.dir/C_/Users/user/Desktop/pico/pico-sdk/src/common/pico_util/datetime.c.obj (mktime)
c:/program files (x86)/gnu arm embedded toolchain/10 2021.10/bin/../lib/gcc/arm-none-eabi/10.3.1/../../../../arm-none-eabi/lib/thumb/v6-m/nofp\libg.a(lib_a-mlock.o)
                              c:/program files (x86)/gnu arm embedded toolchain/10 2021.10/bin/../lib/gcc/arm-none-eabi/10.3.1/../../../../arm-none-eabi/lib/thumb/v6-m/nofp\libg.a(lib_a-mallocr.o) (__malloc_lock)
c:/program files (x86)/gnu arm embedded toolchain/10 2021.10/bin/../lib/gcc/arm-none-eabi/10.3.1/../../../../arm-none-eabi/lib/thumb/v6-m/nofp\libg.a(lib_a-month_lengths.o)
                              c:/program files (x86)/gnu arm embedded toolchain/10 2021.10/bin/../lib/gcc/arm-none-eabi/10.3.1/../../../../arm-none-eabi/lib/thumb/v6-m/nofp\libg.a(lib_a-lcltime_r.o) (__month_lengths)
c:/program files (x86)/gnu arm embedded toolchain/10 2021.10/bin/../lib/gcc/arm-none-eabi/10.3.1/../../../../arm-none-eabi/lib/thumb/v6-m/nofp\libg.a(lib_a-realloc.o)
                              CMakeFiles/02-echo.dir/C_/Users/user/Desktop/pico/pico-sdk/src/rp2_common/pico_malloc/malloc.c.obj (realloc)
c:/program files (x86)/gnu arm embedded toolchain/10 2021.10/bin/../lib/gcc/arm-none-eabi/10.3.1/../../../../arm-none-eabi/lib/thumb/v6-m/nofp\libg.a(lib_a-reallocr.o)
[...]
Memory Configuration

Name             Origin             Length             Attributes
FLASH            0x10000000         0x00200000         xr
RAM              0x20000000         0x00040000         xrw
SCRATCH_X        0x20040000         0x00001000         xrw
SCRATCH_Y        0x20041000         0x00001000         xrw
*default*        0x00000000         0xffffffff

Linker script and memory map

LOAD c:/program files (x86)/gnu arm embedded toolchain/10 2021.10/bin/../lib/gcc/arm-none-eabi/10.3.1/thumb/v6-m/nofp/crti.o
LOAD c:/program files (x86)/gnu arm embedded toolchain/10 2021.10/bin/../lib/gcc/arm-none-eabi/10.3.1/thumb/v6-m/nofp/crtbegin.o
LOAD c:/program files (x86)/gnu arm embedded toolchain/10 2021.10/bin/../lib/gcc/arm-none-eabi/10.3.1/../../../../arm-none-eabi/lib/thumb/v6-m/nofp/crt0.o

.flash_begin    0x10000000        0x0
                0x10000000                __flash_binary_start = .

.boot2          0x10000000      0x100
                0x10000000                __boot2_start__ = .
 *(.boot2)
 .boot2         0x10000000      0x100 pico-sdk/src/rp2040/boot_stage2/CMakeFiles/bs2_default_library.dir/bs2_default_padded_checksummed.S.obj
                0x10000100                __boot2_end__ = .
                0x00000001                ASSERT (((__boot2_end__ - __boot2_start__) == 0x100), ERROR: Pico second stage bootloader must be 256 bytes in size)

.text           0x10000100     0x67a4
                0x10000100                __logical_binary_start = .
 *(.vectors)
 .vectors       0x10000100       0xd4 CMakeFiles/02-echo.dir/C_/Users/user/Desktop/pico/pico-sdk/src/rp2_common/pico_crt0/crt0.S.obj
                0x10000100                __VECTOR_TABLE
                0x10000100                __vectors
                0x100001c0                isr_irq13
                0x100001c0                isr_irq27
                0x100001c0                isr_irq31
                0x100001c0                isr_irq12
                0x100001c0                isr_irq5
                0x100001c0                isr_irq11
                0x100001c0                isr_irq3
                0x100001c0                isr_irq23
                0x100001c0                __unhandled_user_irq
                0x100001c0                isr_irq26
                0x100001c0                isr_irq28
                0x100001c0                isr_irq19
                0x100001c0                isr_irq0
                0x100001c0                isr_irq6
                0x100001c0                isr_irq29
                0x100001c0                isr_irq16
                0x100001c0                isr_irq22
                0x100001c0                isr_irq18
                0x100001c0                isr_irq17
                0x100001c0                isr_irq14
                0x100001c0                __vectors_end
                0x100001c0                __default_isrs_start
                0x100001c0                isr_irq2
                0x100001c0                isr_irq10
                0x100001c0                isr_irq8
                0x100001c0                isr_irq24
                0x100001c0                isr_irq1
                0x100001c0                isr_irq7
                0x100001c0                isr_irq21
                0x100001c0                isr_irq20
                0x100001c0                isr_irq15
                0x100001c0                isr_irq25
                0x100001c0                isr_irq4
                0x100001c0                isr_irq30
                0x100001c0                isr_irq9
                0x100001c6                unhandled_user_irq_num_in_r0
                0x100001c8                isr_invalid
                0x100001ca                isr_nmi
                0x100001cc                isr_hardfault
                0x100001ce                isr_svcall
                0x100001d0                isr_pendsv
                0x100001d2                isr_systick
                0x100001d4                __default_isrs_end
 *(.binary_info_header)
 .binary_info_header
                0x100001d4       0x14 CMakeFiles/02-echo.dir/C_/Users/user/Desktop/pico/pico-sdk/src/rp2_common/pico_crt0/crt0.S.obj
                0x100001e8                __binary_info_header_end = .
 *(.embedded_block)
                0x100001e8                __embedded_block_end = .
 *(.reset)
 .reset         0x100001e8       0x9c CMakeFiles/02-echo.dir/C_/Users/user/Desktop/pico/pico-sdk/src/rp2_common/pico_crt0/crt0.S.obj
                0x100001e8                _entry_point
 *(.init)
 .init          0x10000284        0x4 c:/program files (x86)/gnu arm embedded toolchain/10 2021.10/bin/../lib/gcc/arm-none-eabi/10.3.1/thumb/v6-m/nofp/crti.o
                0x10000284                _init
 *(EXCLUDE_FILE(*libm.a: *libc.a:*lib_a-mem*.o *libgcc.a:) .text*)
 .text          0x10000288       0x48 c:/program files (x86)/gnu arm embedded toolchain/10 2021.10/bin/../lib/gcc/arm-none-eabi/10.3.1/thumb/v6-m/nofp/crtbegin.o
 .text.startup.main
                0x100002d0       0x80 CMakeFiles/02-echo.dir/main.c.obj
                0x100002d0                main
 .text.gpio_init
                0x10000350       0x40 CMakeFiles/02-echo.dir/C_/Users/user/Desktop/pico/pico-sdk/src/rp2_common/hardware_gpio/gpio.c.obj
                0x10000350                gpio_init
 .text.rp2040_chip_version
                0x10000390        0xc CMakeFiles/02-echo.dir/C_/Users/user/Desktop/pico/pico-sdk/src/rp2040/pico_platform/platform.c.obj
                0x10000390                rp2040_chip_version
 .text.panic    0x1000039c       0x30 CMakeFiles/02-echo.dir/C_/Users/user/Desktop/pico/pico-sdk/src/rp2_common/pico_platform_panic/panic.c.obj
                0x1000039c                panic
 .text.hw_claim_or_assert
                0x100003cc       0x44 CMakeFiles/02-echo.dir/C_/Users/user/Desktop/pico/pico-sdk/src/common/hardware_claim/claim.c.obj
                0x100003cc                hw_claim_or_assert
 .text.hw_claim_unused_from_range
                0x10000410       0x9c CMakeFiles/02-echo.dir/C_/Users/user/Desktop/pico/pico-sdk/src/common/hardware_claim/claim.c.obj
                0x10000410                hw_claim_unused_from_range
 .text.next_striped_spin_lock_num
                0x100004ac       0x18 CMakeFiles/02-echo.dir/C_/Users/user/Desktop/pico/pico-sdk/src/rp2_common/hardware_sync/sync.c.obj
                0x100004ac                next_striped_spin_lock_num
 .text.spin_lock_claim_unused
                0x100004c4       0x20 CMakeFiles/02-echo.dir/C_/Users/user/Desktop/pico/pico-sdk/src/rp2_common/hardware_sync/sync.c.obj
                0x100004c4                spin_lock_claim_unused
 .text.spin_locks_reset
                0x100004e4       0x1c CMakeFiles/02-echo.dir/C_/Users/user/Desktop/pico/pico-sdk/src/rp2_common/hardware_sync_spin_lock/sync_spin_lock.c.obj
                0x100004e4                spin_locks_reset
 .text.runtime_init_per_core_irq_priorities
                0x10000500       0x24 CMakeFiles/02-echo.dir/C_/Users/user/Desktop/pico/pico-sdk/src/rp2_common/hardware_irq/irq.c.obj
                0x10000500                runtime_init_per_core_irq_priorities
 .text.irq_set_enabled
                0x10000524       0x24 CMakeFiles/02-echo.dir/C_/Users/user/Desktop/pico/pico-sdk/src/rp2_common/hardware_irq/irq.c.obj
                0x10000524                irq_set_enabled
 .text.irq_is_enabled
                0x10000548       0x18 CMakeFiles/02-echo.dir/C_/Users/user/Desktop/pico/pico-sdk/src/rp2_common/hardware_irq/irq.c.obj
                0x10000548                irq_is_enabled
 .text.irq_set_pending
                0x10000560       0x10 CMakeFiles/02-echo.dir/C_/Users/user/Desktop/pico/pico-sdk/src/rp2_common/hardware_irq/irq.c.obj
                0x10000560                irq_set_pending
 .text.irq_has_shared_handler
                0x10000570       0x24 CMakeFiles/02-echo.dir/C_/Users/user/Desktop/pico/pico-sdk/src/rp2_common/hardware_irq/irq.c.obj
                0x10000570                irq_has_shared_handler
 .text.irq_set_exclusive_handler
                0x10000594       0x54 CMakeFiles/02-echo.dir/C_/Users/user/Desktop/pico/pico-sdk/src/rp2_common/hardware_irq/irq.c.obj
                0x10000594                irq_set_exclusive_handler
 .text.irq_add_shared_handler
                0x100005e8      0x1e8 CMakeFiles/02-echo.dir/C_/Users/user/Desktop/pico/pico-sdk/src/rp2_common/hardware_irq/irq.c.obj
                0x100005e8                irq_add_shared_handler
 .text.irq_add_tail_to_free_list
                0x100007d0       0xb4 CMakeFiles/02-echo.dir/C_/Users/user/Desktop/pico/pico-sdk/src/rp2_common/hardware_irq/irq.c.obj
                0x100007d0                irq_add_tail_to_free_list
 .text.user_irq_claim_unused
                0x10000884       0x28 CMakeFiles/02-echo.dir/C_/Users/user/Desktop/pico/pico-sdk/src/rp2_common/hardware_irq/irq.c.obj
                0x10000884                user_irq_claim_unused
 .text.lock_init
                0x100008ac       0x10 CMakeFiles/02-echo.dir/C_/Users/user/Desktop/pico/pico-sdk/src/common/pico_sync/lock_core.c.obj
                0x100008ac                lock_init
 .text.runtime_init_mutex
                0x100008bc       0x58 CMakeFiles/02-echo.dir/C_/Users/user/Desktop/pico/pico-sdk/src/common/pico_sync/mutex.c.obj
                0x100008bc                runtime_init_mutex
 .text.mutex_init
                0x10000914       0x1c CMakeFiles/02-echo.dir/C_/Users/user/Desktop/pico/pico-sdk/src/common/pico_sync/mutex.c.obj
                0x10000914                mutex_init
 .text.critical_section_init
                0x10000930       0x20 CMakeFiles/02-echo.dir/C_/Users/user/Desktop/pico/pico-sdk/src/common/pico_sync/critical_section.c.obj
                0x10000930                critical_section_init
 .text.critical_section_init_with_lock_num
                0x10000950       0x14 CMakeFiles/02-echo.dir/C_/Users/user/Desktop/pico/pico-sdk/src/common/pico_sync/critical_section.c.obj
                0x10000950                critical_section_init_with_lock_num
 .text.sleep_until_callback
                0x10000964       0x30 CMakeFiles/02-echo.dir/C_/Users/user/Desktop/pico/pico-sdk/src/common/pico_time/time.c.obj
 .text.alarm_pool_irq_handler
                0x10000994      0x308 CMakeFiles/02-echo.dir/C_/Users/user/Desktop/pico/pico-sdk/src/common/pico_time/time.c.obj
 .text.runtime_init_default_alarm_pool
                0x10000c9c       0xdc CMakeFiles/02-echo.dir/C_/Users/user/Desktop/pico/pico-sdk/src/common/pico_time/time.c.obj
                0x10000c9c                runtime_init_default_alarm_pool
 .text.alarm_pool_get_default
                0x10000d78        0x8 CMakeFiles/02-echo.dir/C_/Users/user/Desktop/pico/pico-sdk/src/common/pico_time/time.c.obj
                0x10000d78                alarm_pool_get_default
 .text.alarm_pool_add_alarm_at
                0x10000d80       0xc8 CMakeFiles/02-echo.dir/C_/Users/user/Desktop/pico/pico-sdk/src/common/pico_time/time.c.obj
                0x10000d80                alarm_pool_add_alarm_at
 .text.alarm_pool_add_alarm_at_force_in_context
                0x10000e48       0xb0 CMakeFiles/02-echo.dir/C_/Users/user/Desktop/pico/pico-sdk/src/common/pico_time/time.c.obj
                0x10000e48                alarm_pool_add_alarm_at_force_in_context
 .text.alarm_pool_cancel_alarm
                0x10000ef8       0x7c CMakeFiles/02-echo.dir/C_/Users/user/Desktop/pico/pico-sdk/src/common/pico_time/time.c.obj
                0x10000ef8                alarm_pool_cancel_alarm
 .text.alarm_pool_core_num
                0x10000f74        0x4 CMakeFiles/02-echo.dir/C_/Users/user/Desktop/pico/pico-sdk/src/common/pico_time/time.c.obj
                0x10000f74                alarm_pool_core_num
 .text.best_effort_wfe_or_timeout
                0x10000f78       0xfc CMakeFiles/02-echo.dir/C_/Users/user/Desktop/pico/pico-sdk/src/common/pico_time/time.c.obj
                0x10000f78                best_effort_wfe_or_timeout
 .text.timer_hardware_alarm_claim
                0x10001074       0x14 CMakeFiles/02-echo.dir/C_/Users/user/Desktop/pico/pico-sdk/src/rp2_common/hardware_timer/timer.c.obj
                0x10001074                timer_hardware_alarm_claim
 .text.timer_time_us_64
                0x10001088       0x10 CMakeFiles/02-echo.dir/C_/Users/user/Desktop/pico/pico-sdk/src/rp2_common/hardware_timer/timer.c.obj
                0x10001088                timer_time_us_64
 .text.time_us_64
                0x10001098       0x14 CMakeFiles/02-echo.dir/C_/Users/user/Desktop/pico/pico-sdk/src/rp2_common/hardware_timer/timer.c.obj
                0x10001098                time_us_64
 .text.busy_wait_us
                0x100010ac       0x54 CMakeFiles/02-echo.dir/C_/Users/user/Desktop/pico/pico-sdk/src/rp2_common/hardware_timer/timer.c.obj
                0x100010ac                busy_wait_us
 .text.clock_configure_int_divider
                0x10001100       0xf4 CMakeFiles/02-echo.dir/C_/Users/user/Desktop/pico/pico-sdk/src/rp2_common/hardware_clocks/clocks.c.obj
                0x10001100                clock_configure_int_divider
 .text.clock_configure_undivided
                0x100011f4       0xe8 CMakeFiles/02-echo.dir/C_/Users/user/Desktop/pico/pico-sdk/src/rp2_common/hardware_clocks/clocks.c.obj
                0x100011f4                clock_configure_undivided
 .text.clock_get_hz
                0x100012dc        0xc CMakeFiles/02-echo.dir/C_/Users/user/Desktop/pico/pico-sdk/src/rp2_common/hardware_clocks/clocks.c.obj
                0x100012dc                clock_get_hz
 .text.pll_init
                0x100012e8       0xa0 CMakeFiles/02-echo.dir/C_/Users/user/Desktop/pico/pico-sdk/src/rp2_common/hardware_pll/pll.c.obj
                0x100012e8                pll_init
 .text.watchdog_reboot
                0x10001388       0x98 CMakeFiles/02-echo.dir/C_/Users/user/Desktop/pico/pico-sdk/src/rp2_common/hardware_watchdog/watchdog.c.obj
                0x10001388                watchdog_reboot
 .text.tick_start
                0x10001420       0x10 CMakeFiles/02-echo.dir/C_/Users/user/Desktop/pico/pico-sdk/src/rp2_common/hardware_ticks/ticks.c.obj
                0x10001420                tick_start
 .text.rom_func_lookup
                0x10001430       0x10 CMakeFiles/02-echo.dir/C_/Users/user/Desktop/pico/pico-sdk/src/rp2_common/pico_bootrom/bootrom.c.obj
                0x10001430                rom_func_lookup
 .text.rom_data_lookup
                0x10001440       0x10 CMakeFiles/02-echo.dir/C_/Users/user/Desktop/pico/pico-sdk/src/rp2_common/pico_bootrom/bootrom.c.obj
                0x10001440                rom_data_lookup
 .text.rom_funcs_lookup
                0x10001450       0x44 CMakeFiles/02-echo.dir/C_/Users/user/Desktop/pico/pico-sdk/src/rp2_common/pico_bootrom/bootrom.c.obj
                0x10001450                rom_funcs_lookup
 .text.rom_reset_usb_boot_extra
                0x10001494       0x28 CMakeFiles/02-echo.dir/C_/Users/user/Desktop/pico/pico-sdk/src/rp2_common/pico_bootrom/bootrom.c.obj
                0x10001494                rom_reset_usb_boot_extra
 .text.xosc_init
                0x100014bc       0x28 CMakeFiles/02-echo.dir/C_/Users/user/Desktop/pico/pico-sdk/src/rp2_common/hardware_xosc/xosc.c.obj
                0x100014bc                xosc_init
 .text.first_per_core_initializer
                0x100014e4        0x4 CMakeFiles/02-echo.dir/C_/Users/user/Desktop/pico/pico-sdk/src/rp2_common/pico_runtime/runtime.c.obj
 .text.hard_assertion_failure
                0x100014e8        0xc CMakeFiles/02-echo.dir/C_/Users/user/Desktop/pico/pico-sdk/src/rp2_common/pico_runtime/runtime.c.obj
                0x100014e8                hard_assertion_failure
 .text.runtime_run_initializers
                0x100014f4       0x28 CMakeFiles/02-echo.dir/C_/Users/user/Desktop/pico/pico-sdk/src/rp2_common/pico_runtime/runtime.c.obj
                0x100014f4                runtime_run_initializers
 .text.runtime_init_early_resets
                0x1000151c       0x2c CMakeFiles/02-echo.dir/C_/Users/user/Desktop/pico/pico-sdk/src/rp2_common/pico_runtime_init/runtime_init.c.obj
                0x1000151c                runtime_init_early_resets
 .text.runtime_init_usb_power_down
                0x10001548       0x1c CMakeFiles/02-echo.dir/C_/Users/user/Desktop/pico/pico-sdk/src/rp2_common/pico_runtime_init/runtime_init.c.obj
                0x10001548                runtime_init_usb_power_down
 .text.runtime_init_post_clock_resets
                0x10001564       0x20 CMakeFiles/02-echo.dir/C_/Users/user/Desktop/pico/pico-sdk/src/rp2_common/pico_runtime_init/runtime_init.c.obj
                0x10001564                runtime_init_post_clock_resets
 .text.runtime_init_rp2040_gpio_ie_disable
                0x10001584       0x14 CMakeFiles/02-echo.dir/C_/Users/user/Desktop/pico/pico-sdk/src/rp2_common/pico_runtime_init/runtime_init.c.obj
                0x10001584                runtime_init_rp2040_gpio_ie_disable
 .text.runtime_init_spin_locks_reset
                0x10001598        0x8 CMakeFiles/02-echo.dir/C_/Users/user/Desktop/pico/pico-sdk/src/rp2_common/pico_runtime_init/runtime_init.c.obj
                0x10001598                runtime_init_spin_locks_reset
 .text.runtime_init_install_ram_vector_table
                0x100015a0       0xcc CMakeFiles/02-echo.dir/C_/Users/user/Desktop/pico/pico-sdk/src/rp2_common/pico_runtime_init/runtime_init.c.obj
                0x100015a0                runtime_init_install_ram_vector_table
 .text.runtime_init_clocks
                0x1000166c       0xd8 CMakeFiles/02-echo.dir/C_/Users/user/Desktop/pico/pico-sdk/src/rp2_common/pico_runtime_init/runtime_init_clocks.c.obj
                0x1000166c                runtime_init_clocks
 .text          0x10001744       0x10 CMakeFiles/02-echo.dir/C_/Users/user/Desktop/pico/pico-sdk/src/rp2_common/pico_bit_ops/bit_ops_aeabi.S.obj
 .text.__wrap___aeabi_idiv
                0x10001754       0x50 CMakeFiles/02-echo.dir/C_/Users/user/Desktop/pico/pico-sdk/src/rp2_common/pico_divider/divider_hardware.S.obj
                0x10001754                __wrap___aeabi_idivmod
                0x10001754                divmod_s32s32
                0x10001754                div_s32s32
                0x10001754                __wrap___aeabi_idiv
                0x1000175c                divmod_s32s32_unsafe
                0x10001788                divmod_s32s32_savestate
 .text.__wrap___aeabi_uidiv
                0x100017a4       0x4c CMakeFiles/02-echo.dir/C_/Users/user/Desktop/pico/pico-sdk/src/rp2_common/pico_divider/divider_hardware.S.obj
                0x100017a4                __wrap___aeabi_uidiv
                0x100017a4                __wrap___aeabi_uidivmod
                0x100017a4                div_u32u32
                0x100017a4                divmod_u32u32
                0x100017ac                divmod_u32u32_unsafe
                0x100017d4                divmod_u32u32_savestate
 .text.__wrap___aeabi_ldiv
                0x100017f0      0x424 CMakeFiles/02-echo.dir/C_/Users/user/Desktop/pico/pico-sdk/src/rp2_common/pico_divider/divider_hardware.S.obj
                0x100017f0                div_s64s64
                0x100017f0                divmod_s64s64
                0x100017f0                __wrap___aeabi_ldivmod
                0x10001820                divmod_u64u64
                0x10001820                div_u64u64
                0x10001820                __wrap___aeabi_uldivmod
                0x10001830                divmod_u64u64_savestate
                0x10001850                divmod_s64s64_unsafe
                0x100018d8                divmod_u64u64_unsafe
 .text.__wrap___aeabi_darithmetic
                0x10001c14       0x80 CMakeFiles/02-echo.dir/C_/Users/user/Desktop/pico/pico-sdk/src/rp2_common/pico_double/double_aeabi_rp2040.S.obj
                0x10001c14                __wrap___aeabi_drsub
                0x10001c1a                __wrap___aeabi_dsub
                0x10001c2c                __wrap___aeabi_dadd
                0x10001c3e                __wrap___aeabi_ddiv
                0x10001c7a                __wrap___aeabi_dmul
 .text.__wrap___aeabi_cdcmple
                0x10001c94       0x6c CMakeFiles/02-echo.dir/C_/Users/user/Desktop/pico/pico-sdk/src/rp2_common/pico_double/double_aeabi_rp2040.S.obj
                0x10001c94                __wrap___aeabi_cdrcmple
                0x10001ca4                __wrap___aeabi_cdcmpeq
                0x10001ca4                __wrap___aeabi_cdcmple
 .text.__wrap___aeabi_dcmplt
                0x10001d00        0xc CMakeFiles/02-echo.dir/C_/Users/user/Desktop/pico/pico-sdk/src/rp2_common/pico_double/double_aeabi_rp2040.S.obj
                0x10001d00                __wrap___aeabi_dcmplt
 .text.__wrap___aeabi_dcmple
                0x10001d0c       0x10 CMakeFiles/02-echo.dir/C_/Users/user/Desktop/pico/pico-sdk/src/rp2_common/pico_double/double_aeabi_rp2040.S.obj
                0x10001d0c                __wrap___aeabi_dcmple
 .text.__wrap___aeabi_dcmpge
                0x10001d1c       0x10 CMakeFiles/02-echo.dir/C_/Users/user/Desktop/pico/pico-sdk/src/rp2_common/pico_double/double_aeabi_rp2040.S.obj
                0x10001d1c                __wrap___aeabi_dcmpge
 .text.__wrap___aeabi_dcmpgt
                0x10001d2c        0xa CMakeFiles/02-echo.dir/C_/Users/user/Desktop/pico/pico-sdk/src/rp2_common/pico_double/double_aeabi_rp2040.S.obj
                0x10001d2c                __wrap___aeabi_dcmpgt
 .text.__wrap___aeabi_dcmpun
                0x10001d36       0x18 CMakeFiles/02-echo.dir/C_/Users/user/Desktop/pico/pico-sdk/src/rp2_common/pico_double/double_aeabi_rp2040.S.obj
                0x10001d36                __wrap___aeabi_dcmpun
 *fill*         0x10001d4e        0x2 
 .text.__wrap___aeabi_i2d
                0x10001d50       0x38 CMakeFiles/02-echo.dir/C_/Users/user/Desktop/pico/pico-sdk/src/rp2_common/pico_double/double_aeabi_rp2040.S.obj
                0x10001d50                uint2double
                0x10001d50                __wrap___aeabi_ui2d
                0x10001d58                int2double
                0x10001d58                __wrap___aeabi_i2d
 .text.__wrap___aeabi_d2iz
                0x10001d88       0x48 CMakeFiles/02-echo.dir/C_/Users/user/Desktop/pico/pico-sdk/src/rp2_common/pico_double/double_aeabi_rp2040.S.obj
                0x10001d88                double2int_z
                0x10001d88                __wrap___aeabi_d2iz
 .text.__wrap___aeabi_d2uiz
                0x10001dd0       0x18 CMakeFiles/02-echo.dir/C_/Users/user/Desktop/pico/pico-sdk/src/rp2_common/pico_double/double_aeabi_rp2040.S.obj
                0x10001dd0                double2uint
                0x10001dd0                __wrap___aeabi_d2uiz
                0x10001dd0                double2uint_z
 .text.__aeabi_double_init
                0x10001de8       0xa0 CMakeFiles/02-echo.dir/C_/Users/user/Desktop/pico/pico-sdk/src/rp2_common/pico_double/double_init_rom_rp2040.c.obj
                0x10001de8                __aeabi_double_init
 .text.double_table_shim_on_use_helper
                0x10001e88       0x2c CMakeFiles/02-echo.dir/C_/Users/user/Desktop/pico/pico-sdk/src/rp2_common/pico_double/double_v1_rom_shim_rp2040.S.obj
                0x10001e88                double_table_shim_on_use_helper
 .text.__wrap___aeabi_dsub
                0x10001eb4       0x10 CMakeFiles/02-echo.dir/C_/Users/user/Desktop/pico/pico-sdk/src/rp2_common/pico_double/double_v1_rom_shim_rp2040.S.obj
                0x10001eb4                drsub_shim
                0x10001eba                dsub_shim
 .text.dadd_shim
                0x10001ec4      0x15c CMakeFiles/02-echo.dir/C_/Users/user/Desktop/pico/pico-sdk/src/rp2_common/pico_double/double_v1_rom_shim_rp2040.S.obj
                0x10001ec4                dadd_shim
 .text.dmul_shim
                0x10002020      0x15c CMakeFiles/02-echo.dir/C_/Users/user/Desktop/pico/pico-sdk/src/rp2_common/pico_double/double_v1_rom_shim_rp2040.S.obj
                0x10002020                dmul_shim
 .text.ddiv_shim
                0x1000217c      0x1b0 CMakeFiles/02-echo.dir/C_/Users/user/Desktop/pico/pico-sdk/src/rp2_common/pico_double/double_v1_rom_shim_rp2040.S.obj
                0x1000217c                ddiv_shim
 .text.double2uint_shim
                0x1000232c        0xe CMakeFiles/02-echo.dir/C_/Users/user/Desktop/pico/pico-sdk/src/rp2_common/pico_double/double_v1_rom_shim_rp2040.S.obj
                0x1000232c                double2uint_shim
                0x1000232e                double2ufix_shim
 *fill*         0x1000233a        0x2 
 .text.double2uint64_shim
                0x1000233c       0x70 CMakeFiles/02-echo.dir/C_/Users/user/Desktop/pico/pico-sdk/src/rp2_common/pico_double/double_v1_rom_shim_rp2040.S.obj
                0x1000233c                double2uint64_shim
                0x1000233e                double2ufix64_shim
                0x1000235e                d2fix_a
 .text.dunpacks
                0x100023ac       0x3c CMakeFiles/02-echo.dir/C_/Users/user/Desktop/pico/pico-sdk/src/rp2_common/pico_double/double_v1_rom_shim_rp2040.S.obj
                0x100023ac                dunpacks
 .text.__aeabi_lmul
                0x100023e8       0x32 CMakeFiles/02-echo.dir/C_/Users/user/Desktop/pico/pico-sdk/src/rp2_common/pico_int64_ops/pico_int64_ops_aeabi.S.obj
                0x100023e8                __wrap___aeabi_lmul
 *fill*         0x1000241a        0x2 
 .text.__aeabi_float_init
                0x1000241c       0x64 CMakeFiles/02-echo.dir/C_/Users/user/Desktop/pico/pico-sdk/src/rp2_common/pico_float/float_init_rom_rp2040.c.obj
                0x1000241c                __aeabi_float_init
 .text.float_table_shim_on_use_helper
                0x10002480       0x2c CMakeFiles/02-echo.dir/C_/Users/user/Desktop/pico/pico-sdk/src/rp2_common/pico_float/float_v1_rom_shim_rp2040.S.obj
                0x10002480                float_table_shim_on_use_helper
 .text          0x100024ac       0x10 CMakeFiles/02-echo.dir/C_/Users/user/Desktop/pico/pico-sdk/src/rp2_common/pico_mem_ops/mem_ops_aeabi.S.obj
                0x100024ac                __aeabi_mem_init
 .text.memset   0x100024bc        0xc CMakeFiles/02-echo.dir/C_/Users/user/Desktop/pico/pico-sdk/src/rp2_common/pico_mem_ops/mem_ops_aeabi.S.obj
                0x100024bc                __wrap_memset
 .text.memcpy   0x100024c8        0xc CMakeFiles/02-echo.dir/C_/Users/user/Desktop/pico/pico-sdk/src/rp2_common/pico_mem_ops/mem_ops_aeabi.S.obj
                0x100024c8                __wrap_memcpy
                0x100024c8                __wrap___aeabi_memcpy
 .text._out_null
                0x100024d4        0x4 CMakeFiles/02-echo.dir/C_/Users/user/Desktop/pico/pico-sdk/src/rp2_common/pico_printf/printf.c.obj
 .text._out_rev
                0x100024d8       0x9c CMakeFiles/02-echo.dir/C_/Users/user/Desktop/pico/pico-sdk/src/rp2_common/pico_printf/printf.c.obj
 .text._ntoa_format
                0x10002574      0x1cc CMakeFiles/02-echo.dir/C_/Users/user/Desktop/pico/pico-sdk/src/rp2_common/pico_printf/printf.c.obj
 .text._out_char
                0x10002740       0x10 CMakeFiles/02-echo.dir/C_/Users/user/Desktop/pico/pico-sdk/src/rp2_common/pico_printf/printf.c.obj
 .text._out_fct
                0x10002750       0x10 CMakeFiles/02-echo.dir/C_/Users/user/Desktop/pico/pico-sdk/src/rp2_common/pico_printf/printf.c.obj
 .text._etoa    0x10002760      0x44c CMakeFiles/02-echo.dir/C_/Users/user/Desktop/pico/pico-sdk/src/rp2_common/pico_printf/printf.c.obj
 .text._ftoa    0x10002bac      0x398 CMakeFiles/02-echo.dir/C_/Users/user/Desktop/pico/pico-sdk/src/rp2_common/pico_printf/printf.c.obj
 .text._vsnprintf
                0x10002f44      0xb04 CMakeFiles/02-echo.dir/C_/Users/user/Desktop/pico/pico-sdk/src/rp2_common/pico_printf/printf.c.obj
 .text.vfctprintf
                0x10003a48       0x20 CMakeFiles/02-echo.dir/C_/Users/user/Desktop/pico/pico-sdk/src/rp2_common/pico_printf/printf.c.obj
                0x10003a48                vfctprintf
 .text.weak_raw_vprintf
                0x10003a68       0x30 CMakeFiles/02-echo.dir/C_/Users/user/Desktop/pico/pico-sdk/src/rp2_common/pico_printf/printf.c.obj
                0x10003a68                weak_raw_vprintf
 .text._exit    0x10003a98        0x4 CMakeFiles/02-echo.dir/C_/Users/user/Desktop/pico/pico-sdk/src/rp2_common/pico_clib_interface/newlib_interface.c.obj
                0x10003a98                _exit
 .text.exit     0x10003a9c        0x8 CMakeFiles/02-echo.dir/C_/Users/user/Desktop/pico/pico-sdk/src/rp2_common/pico_clib_interface/newlib_interface.c.obj
                0x10003a9c                exit
 .text.runtime_init
                0x10003aa4       0x2c CMakeFiles/02-echo.dir/C_/Users/user/Desktop/pico/pico-sdk/src/rp2_common/pico_clib_interface/newlib_interface.c.obj
                0x10003aa4                runtime_init
 .text.stdio_out_chars_no_crlf
                0x10003ad0       0x10 CMakeFiles/02-echo.dir/C_/Users/user/Desktop/pico/pico-sdk/src/rp2_common/pico_stdio/stdio.c.obj
 .text.stdio_out_chars_crlf
                0x10003ae0       0xb4 CMakeFiles/02-echo.dir/C_/Users/user/Desktop/pico/pico-sdk/src/rp2_common/pico_stdio/stdio.c.obj
 .text.stdio_buffered_printer
                0x10003b94       0x64 CMakeFiles/02-echo.dir/C_/Users/user/Desktop/pico/pico-sdk/src/rp2_common/pico_stdio/stdio.c.obj
 .text.stdio_put_string
                0x10003bf8      0x100 CMakeFiles/02-echo.dir/C_/Users/user/Desktop/pico/pico-sdk/src/rp2_common/pico_stdio/stdio.c.obj
                0x10003bf8                stdio_put_string
 .text.stdio_set_driver_enabled
                0x10003cf8       0x30 CMakeFiles/02-echo.dir/C_/Users/user/Desktop/pico/pico-sdk/src/rp2_common/pico_stdio/stdio.c.obj
                0x10003cf8                stdio_set_driver_enabled
 .text.stdio_init_all
                0x10003d28        0x8 CMakeFiles/02-echo.dir/C_/Users/user/Desktop/pico/pico-sdk/src/rp2_common/pico_stdio/stdio.c.obj
                0x10003d28                stdio_init_all
 .text.__wrap_getchar
                0x10003d30       0x74 CMakeFiles/02-echo.dir/C_/Users/user/Desktop/pico/pico-sdk/src/rp2_common/pico_stdio/stdio.c.obj
                0x10003d30                stdio_getchar
                0x10003d30                __wrap_getchar
 .text.__wrap_putchar
                0x10003da4       0x98 CMakeFiles/02-echo.dir/C_/Users/user/Desktop/pico/pico-sdk/src/rp2_common/pico_stdio/stdio.c.obj
                0x10003da4                __wrap_putchar
                0x10003da4                stdio_putchar
 .text.__wrap_puts
                0x10003e3c       0x3c CMakeFiles/02-echo.dir/C_/Users/user/Desktop/pico/pico-sdk/src/rp2_common/pico_stdio/stdio.c.obj
                0x10003e3c                stdio_puts
                0x10003e3c                __wrap_puts
 .text.__wrap_vprintf
                0x10003e78       0xd8 CMakeFiles/02-echo.dir/C_/Users/user/Desktop/pico/pico-sdk/src/rp2_common/pico_stdio/stdio.c.obj
                0x10003e78                stdio_vprintf
                0x10003e78                __wrap_vprintf
 .text.__wrap_printf
                0x10003f50       0x18 CMakeFiles/02-echo.dir/C_/Users/user/Desktop/pico/pico-sdk/src/rp2_common/pico_stdio/stdio.c.obj
                0x10003f50                __wrap_printf
                0x10003f50                stdio_printf
 .text.resetd_init
                0x10003f68        0x4 CMakeFiles/02-echo.dir/C_/Users/user/Desktop/pico/pico-sdk/src/rp2_common/pico_stdio_usb/reset_interface.c.obj
 .text.resetd_reset
                0x10003f6c        0xc CMakeFiles/02-echo.dir/C_/Users/user/Desktop/pico/pico-sdk/src/rp2_common/pico_stdio_usb/reset_interface.c.obj
 .text.resetd_open
                0x10003f78       0x28 CMakeFiles/02-echo.dir/C_/Users/user/Desktop/pico/pico-sdk/src/rp2_common/pico_stdio_usb/reset_interface.c.obj
 .text.resetd_xfer_cb
                0x10003fa0        0x4 CMakeFiles/02-echo.dir/C_/Users/user/Desktop/pico/pico-sdk/src/rp2_common/pico_stdio_usb/reset_interface.c.obj
 .text.resetd_control_xfer_cb
                0x10003fa4       0x60 CMakeFiles/02-echo.dir/C_/Users/user/Desktop/pico/pico-sdk/src/rp2_common/pico_stdio_usb/reset_interface.c.obj
 .text.tud_descriptor_bos_cb
                0x10004004        0x8 CMakeFiles/02-echo.dir/C_/Users/user/Desktop/pico/pico-sdk/src/rp2_common/pico_stdio_usb/reset_interface.c.obj
                0x10004004                tud_descriptor_bos_cb
 .text.tud_vendor_control_xfer_cb
                0x1000400c       0x34 CMakeFiles/02-echo.dir/C_/Users/user/Desktop/pico/pico-sdk/src/rp2_common/pico_stdio_usb/reset_interface.c.obj
                0x1000400c                tud_vendor_control_xfer_cb
 .text.usbd_app_driver_get_cb
                0x10004040        0xc CMakeFiles/02-echo.dir/C_/Users/user/Desktop/pico/pico-sdk/src/rp2_common/pico_stdio_usb/reset_interface.c.obj
                0x10004040                usbd_app_driver_get_cb
 .text.tud_cdc_line_coding_cb
                0x1000404c       0x2c CMakeFiles/02-echo.dir/C_/Users/user/Desktop/pico/pico-sdk/src/rp2_common/pico_stdio_usb/reset_interface.c.obj
                0x1000404c                tud_cdc_line_coding_cb
 .text.stdio_usb_set_chars_available_callback
                0x10004078       0x14 CMakeFiles/02-echo.dir/C_/Users/user/Desktop/pico/pico-sdk/src/rp2_common/pico_stdio_usb/stdio_usb.c.obj
                0x10004078                stdio_usb_set_chars_available_callback
 .text.usb_irq  0x1000408c       0x10 CMakeFiles/02-echo.dir/C_/Users/user/Desktop/pico/pico-sdk/src/rp2_common/pico_stdio_usb/stdio_usb.c.obj
 .text.timer_task
                0x1000409c       0x64 CMakeFiles/02-echo.dir/C_/Users/user/Desktop/pico/pico-sdk/src/rp2_common/pico_stdio_usb/stdio_usb.c.obj
 .text.stdio_usb_in_chars
                0x10004100       0x90 CMakeFiles/02-echo.dir/C_/Users/user/Desktop/pico/pico-sdk/src/rp2_common/pico_stdio_usb/stdio_usb.c.obj
                0x10004100                stdio_usb_in_chars
 .text.stdio_usb_out_flush
                0x10004190       0x50 CMakeFiles/02-echo.dir/C_/Users/user/Desktop/pico/pico-sdk/src/rp2_common/pico_stdio_usb/stdio_usb.c.obj
 .text.stdio_usb_out_chars
                0x100041e0      0x100 CMakeFiles/02-echo.dir/C_/Users/user/Desktop/pico/pico-sdk/src/rp2_common/pico_stdio_usb/stdio_usb.c.obj
 .text.low_priority_worker_irq
                0x100042e0       0xc8 CMakeFiles/02-echo.dir/C_/Users/user/Desktop/pico/pico-sdk/src/rp2_common/pico_stdio_usb/stdio_usb.c.obj
 .text.stdio_usb_init
                0x100043a8       0xe8 CMakeFiles/02-echo.dir/C_/Users/user/Desktop/pico/pico-sdk/src/rp2_common/pico_stdio_usb/stdio_usb.c.obj
                0x100043a8                stdio_usb_init
 .text.tud_descriptor_device_cb
                0x10004490        0x8 CMakeFiles/02-echo.dir/C_/Users/user/Desktop/pico/pico-sdk/src/rp2_common/pico_stdio_usb/stdio_usb_descriptors.c.obj
                0x10004490                tud_descriptor_device_cb
 .text.tud_descriptor_configuration_cb
                0x10004498        0x8 CMakeFiles/02-echo.dir/C_/Users/user/Desktop/pico/pico-sdk/src/rp2_common/pico_stdio_usb/stdio_usb_descriptors.c.obj
                0x10004498                tud_descriptor_configuration_cb
 .text.tud_descriptor_string_cb
                0x100044a0       0x74 CMakeFiles/02-echo.dir/C_/Users/user/Desktop/pico/pico-sdk/src/rp2_common/pico_stdio_usb/stdio_usb_descriptors.c.obj
                0x100044a0                tud_descriptor_string_cb
 .text.startup._retrieve_unique_id_on_boot
                0x10004514       0x10 CMakeFiles/02-echo.dir/C_/Users/user/Desktop/pico/pico-sdk/src/rp2_common/pico_unique_id/unique_id.c.obj
 .text.pico_get_unique_board_id_string
                0x10004524      0x1a8 CMakeFiles/02-echo.dir/C_/Users/user/Desktop/pico/pico-sdk/src/rp2_common/pico_unique_id/unique_id.c.obj
                0x10004524                pico_get_unique_board_id_string
 .text.flash_get_unique_id
                0x100046cc       0x40 CMakeFiles/02-echo.dir/C_/Users/user/Desktop/pico/pico-sdk/src/rp2_common/hardware_flash/flash.c.obj
                0x100046cc                flash_get_unique_id
 .text.dcd_init
                0x1000470c       0x90 CMakeFiles/02-echo.dir/C_/Users/user/Desktop/pico/pico-sdk/lib/tinyusb/src/portable/raspberrypi/rp2040/dcd_rp2040.c.obj
                0x1000470c                dcd_init
 .text.dcd_int_enable
                0x1000479c        0xc CMakeFiles/02-echo.dir/C_/Users/user/Desktop/pico/pico-sdk/lib/tinyusb/src/portable/raspberrypi/rp2040/dcd_rp2040.c.obj
                0x1000479c                dcd_int_enable
 .text.dcd_set_address
                0x100047a8       0x14 CMakeFiles/02-echo.dir/C_/Users/user/Desktop/pico/pico-sdk/lib/tinyusb/src/portable/raspberrypi/rp2040/dcd_rp2040.c.obj
                0x100047a8                dcd_set_address
 .text.dcd_sof_enable
                0x100047bc       0x1c CMakeFiles/02-echo.dir/C_/Users/user/Desktop/pico/pico-sdk/lib/tinyusb/src/portable/raspberrypi/rp2040/dcd_rp2040.c.obj
                0x100047bc                dcd_sof_enable
 .text.dcd_edpt0_status_complete
                0x100047d8       0x1c CMakeFiles/02-echo.dir/C_/Users/user/Desktop/pico/pico-sdk/lib/tinyusb/src/portable/raspberrypi/rp2040/dcd_rp2040.c.obj
                0x100047d8                dcd_edpt0_status_complete
 .text.dcd_edpt_open
                0x100047f4      0x114 CMakeFiles/02-echo.dir/C_/Users/user/Desktop/pico/pico-sdk/lib/tinyusb/src/portable/raspberrypi/rp2040/dcd_rp2040.c.obj
                0x100047f4                dcd_edpt_open
 .text.dcd_edpt_close_all
                0x10004908        0x8 CMakeFiles/02-echo.dir/C_/Users/user/Desktop/pico/pico-sdk/lib/tinyusb/src/portable/raspberrypi/rp2040/dcd_rp2040.c.obj
                0x10004908                dcd_edpt_close_all
 .text.dcd_edpt_xfer
                0x10004910       0x24 CMakeFiles/02-echo.dir/C_/Users/user/Desktop/pico/pico-sdk/lib/tinyusb/src/portable/raspberrypi/rp2040/dcd_rp2040.c.obj
                0x10004910                dcd_edpt_xfer
 .text.dcd_edpt_stall
                0x10004934       0x38 CMakeFiles/02-echo.dir/C_/Users/user/Desktop/pico/pico-sdk/lib/tinyusb/src/portable/raspberrypi/rp2040/dcd_rp2040.c.obj
                0x10004934                dcd_edpt_stall
 .text.dcd_edpt_clear_stall
                0x1000496c       0x30 CMakeFiles/02-echo.dir/C_/Users/user/Desktop/pico/pico-sdk/lib/tinyusb/src/portable/raspberrypi/rp2040/dcd_rp2040.c.obj
                0x1000496c                dcd_edpt_clear_stall
 .text.rp2040_usb_init
                0x1000499c       0x40 CMakeFiles/02-echo.dir/C_/Users/user/Desktop/pico/pico-sdk/lib/tinyusb/src/portable/raspberrypi/rp2040/rp2040_usb.c.obj
                0x1000499c                rp2040_usb_init
 .text.hw_endpoint_xfer_start
                0x100049dc       0x50 CMakeFiles/02-echo.dir/C_/Users/user/Desktop/pico/pico-sdk/lib/tinyusb/src/portable/raspberrypi/rp2040/rp2040_usb.c.obj
                0x100049dc                hw_endpoint_xfer_start
 .text.tud_event_hook_cb
                0x10004a2c        0x4 CMakeFiles/02-echo.dir/C_/Users/user/Desktop/pico/pico-sdk/lib/tinyusb/src/device/usbd.c.obj
                0x10004a2c                tud_event_hook_cb
 .text.tud_sof_cb
                0x10004a30        0x4 CMakeFiles/02-echo.dir/C_/Users/user/Desktop/pico/pico-sdk/lib/tinyusb/src/device/usbd.c.obj
                0x10004a30                tud_sof_cb
 .text.tud_descriptor_device_qualifier_cb
                0x10004a34        0x4 CMakeFiles/02-echo.dir/C_/Users/user/Desktop/pico/pico-sdk/lib/tinyusb/src/device/usbd.c.obj
                0x10004a34                tud_descriptor_device_qualifier_cb
 .text.tud_descriptor_other_speed_configuration_cb
                0x10004a38        0x4 CMakeFiles/02-echo.dir/C_/Users/user/Desktop/pico/pico-sdk/lib/tinyusb/src/device/usbd.c.obj
                0x10004a38                tud_descriptor_other_speed_configuration_cb
 .text.tud_mount_cb
                0x10004a3c        0x4 CMakeFiles/02-echo.dir/C_/Users/user/Desktop/pico/pico-sdk/lib/tinyusb/src/device/usbd.c.obj
                0x10004a3c                tud_mount_cb
 .text.tud_umount_cb
                0x10004a40        0x4 CMakeFiles/02-echo.dir/C_/Users/user/Desktop/pico/pico-sdk/lib/tinyusb/src/device/usbd.c.obj
                0x10004a40                tud_umount_cb
 .text.tud_suspend_cb
                0x10004a44        0x4 CMakeFiles/02-echo.dir/C_/Users/user/Desktop/pico/pico-sdk/lib/tinyusb/src/device/usbd.c.obj
                0x10004a44                tud_suspend_cb
 .text.tud_resume_cb
                0x10004a48        0x4 CMakeFiles/02-echo.dir/C_/Users/user/Desktop/pico/pico-sdk/lib/tinyusb/src/device/usbd.c.obj
                0x10004a48                tud_resume_cb
 .text.tud_mounted
                0x10004a4c       0x10 CMakeFiles/02-echo.dir/C_/Users/user/Desktop/pico/pico-sdk/lib/tinyusb/src/device/usbd.c.obj
                0x10004a4c                tud_mounted
 .text.tud_suspended
                0x10004a5c       0x10 CMakeFiles/02-echo.dir/C_/Users/user/Desktop/pico/pico-sdk/lib/tinyusb/src/device/usbd.c.obj
                0x10004a5c                tud_suspended
 .text.tud_rhport_init
                0x10004a6c       0xf4 CMakeFiles/02-echo.dir/C_/Users/user/Desktop/pico/pico-sdk/lib/tinyusb/src/device/usbd.c.obj
                0x10004a6c                tud_rhport_init
 .text.tud_task_ext
                0x10004b60      0x800 CMakeFiles/02-echo.dir/C_/Users/user/Desktop/pico/pico-sdk/lib/tinyusb/src/device/usbd.c.obj
                0x10004b60                tud_task_ext
 .text.usbd_open_edpt_pair
                0x10005360       0x9c CMakeFiles/02-echo.dir/C_/Users/user/Desktop/pico/pico-sdk/lib/tinyusb/src/device/usbd.c.obj
                0x10005360                usbd_open_edpt_pair
 .text.usbd_edpt_open
                0x100053fc       0x34 CMakeFiles/02-echo.dir/C_/Users/user/Desktop/pico/pico-sdk/lib/tinyusb/src/device/usbd.c.obj
                0x100053fc                usbd_edpt_open
 .text.usbd_edpt_claim
                0x10005430       0x28 CMakeFiles/02-echo.dir/C_/Users/user/Desktop/pico/pico-sdk/lib/tinyusb/src/device/usbd.c.obj
                0x10005430                usbd_edpt_claim
 .text.usbd_edpt_release
                0x10005458       0x28 CMakeFiles/02-echo.dir/C_/Users/user/Desktop/pico/pico-sdk/lib/tinyusb/src/device/usbd.c.obj
                0x10005458                usbd_edpt_release
 .text.usbd_edpt_xfer
                0x10005480       0x4c CMakeFiles/02-echo.dir/C_/Users/user/Desktop/pico/pico-sdk/lib/tinyusb/src/device/usbd.c.obj
                0x10005480                usbd_edpt_xfer
 .text.tud_control_status
                0x100054cc       0x30 CMakeFiles/02-echo.dir/C_/Users/user/Desktop/pico/pico-sdk/lib/tinyusb/src/device/usbd_control.c.obj
                0x100054cc                tud_control_status
 .text.tud_control_xfer
                0x100054fc       0xbc CMakeFiles/02-echo.dir/C_/Users/user/Desktop/pico/pico-sdk/lib/tinyusb/src/device/usbd_control.c.obj
                0x100054fc                tud_control_xfer
 .text.usbd_control_reset
                0x100055b8       0x14 CMakeFiles/02-echo.dir/C_/Users/user/Desktop/pico/pico-sdk/lib/tinyusb/src/device/usbd_control.c.obj
                0x100055b8                usbd_control_reset
 .text.usbd_control_set_complete_callback
                0x100055cc        0xc CMakeFiles/02-echo.dir/C_/Users/user/Desktop/pico/pico-sdk/lib/tinyusb/src/device/usbd_control.c.obj
                0x100055cc                usbd_control_set_complete_callback
 .text.usbd_control_set_request
                0x100055d8       0x1c CMakeFiles/02-echo.dir/C_/Users/user/Desktop/pico/pico-sdk/lib/tinyusb/src/device/usbd_control.c.obj
                0x100055d8                usbd_control_set_request
 .text.usbd_control_xfer_cb
                0x100055f4       0xf0 CMakeFiles/02-echo.dir/C_/Users/user/Desktop/pico/pico-sdk/lib/tinyusb/src/device/usbd_control.c.obj
                0x100055f4                usbd_control_xfer_cb
 .text._prep_out_transaction.isra.0
                0x100056e4       0x6c CMakeFiles/02-echo.dir/C_/Users/user/Desktop/pico/pico-sdk/lib/tinyusb/src/class/cdc/cdc_device.c.obj
 .text.tud_cdc_n_connected
                0x10005750       0x2c CMakeFiles/02-echo.dir/C_/Users/user/Desktop/pico/pico-sdk/lib/tinyusb/src/class/cdc/cdc_device.c.obj
                0x10005750                tud_cdc_n_connected
 .text.tud_cdc_n_available
                0x1000577c       0x18 CMakeFiles/02-echo.dir/C_/Users/user/Desktop/pico/pico-sdk/lib/tinyusb/src/class/cdc/cdc_device.c.obj
                0x1000577c                tud_cdc_n_available
 .text.tud_cdc_n_read
                0x10005794       0x94 CMakeFiles/02-echo.dir/C_/Users/user/Desktop/pico/pico-sdk/lib/tinyusb/src/class/cdc/cdc_device.c.obj
                0x10005794                tud_cdc_n_read
 .text.tud_cdc_n_write_flush
                0x10005828       0x78 CMakeFiles/02-echo.dir/C_/Users/user/Desktop/pico/pico-sdk/lib/tinyusb/src/class/cdc/cdc_device.c.obj
                0x10005828                tud_cdc_n_write_flush
 .text.tud_cdc_n_write
                0x100058a0       0x44 CMakeFiles/02-echo.dir/C_/Users/user/Desktop/pico/pico-sdk/lib/tinyusb/src/class/cdc/cdc_device.c.obj
                0x100058a0                tud_cdc_n_write
 .text.tud_cdc_n_write_available
                0x100058e4       0x18 CMakeFiles/02-echo.dir/C_/Users/user/Desktop/pico/pico-sdk/lib/tinyusb/src/class/cdc/cdc_device.c.obj
                0x100058e4                tud_cdc_n_write_available
 .text.cdcd_init
                0x100058fc       0x70 CMakeFiles/02-echo.dir/C_/Users/user/Desktop/pico/pico-sdk/lib/tinyusb/src/class/cdc/cdc_device.c.obj
                0x100058fc                cdcd_init
 .text.cdcd_deinit
                0x1000596c       0x24 CMakeFiles/02-echo.dir/C_/Users/user/Desktop/pico/pico-sdk/lib/tinyusb/src/class/cdc/cdc_device.c.obj
                0x1000596c                cdcd_deinit
 .text.cdcd_reset
                0x10005990       0x4c CMakeFiles/02-echo.dir/C_/Users/user/Desktop/pico/pico-sdk/lib/tinyusb/src/class/cdc/cdc_device.c.obj
                0x10005990                cdcd_reset
 .text.cdcd_open
                0x100059dc       0xa8 CMakeFiles/02-echo.dir/C_/Users/user/Desktop/pico/pico-sdk/lib/tinyusb/src/class/cdc/cdc_device.c.obj
                0x100059dc                cdcd_open
 .text.cdcd_control_xfer_cb
                0x10005a84       0xe8 CMakeFiles/02-echo.dir/C_/Users/user/Desktop/pico/pico-sdk/lib/tinyusb/src/class/cdc/cdc_device.c.obj
                0x10005a84                cdcd_control_xfer_cb
 .text.cdcd_xfer_cb
                0x10005b6c       0xfc CMakeFiles/02-echo.dir/C_/Users/user/Desktop/pico/pico-sdk/lib/tinyusb/src/class/cdc/cdc_device.c.obj
                0x10005b6c                cdcd_xfer_cb
 .text.vendord_init
                0x10005c68       0x5c CMakeFiles/02-echo.dir/C_/Users/user/Desktop/pico/pico-sdk/lib/tinyusb/src/class/vendor/vendor_device.c.obj
                0x10005c68                vendord_init
 .text.vendord_deinit
                0x10005cc4       0x1c CMakeFiles/02-echo.dir/C_/Users/user/Desktop/pico/pico-sdk/lib/tinyusb/src/class/vendor/vendor_device.c.obj
                0x10005cc4                vendord_deinit
 .text.vendord_reset
                0x10005ce0       0x28 CMakeFiles/02-echo.dir/C_/Users/user/Desktop/pico/pico-sdk/lib/tinyusb/src/class/vendor/vendor_device.c.obj
                0x10005ce0                vendord_reset
 .text.vendord_open
                0x10005d08      0x128 CMakeFiles/02-echo.dir/C_/Users/user/Desktop/pico/pico-sdk/lib/tinyusb/src/class/vendor/vendor_device.c.obj
                0x10005d08                vendord_open
 .text.vendord_xfer_cb
                0x10005e30       0x9c CMakeFiles/02-echo.dir/C_/Users/user/Desktop/pico/pico-sdk/lib/tinyusb/src/class/vendor/vendor_device.c.obj
                0x10005e30                vendord_xfer_cb
 .text.tusb_rhport_init
                0x10005ecc       0x48 CMakeFiles/02-echo.dir/C_/Users/user/Desktop/pico/pico-sdk/lib/tinyusb/src/tusb.c.obj
                0x10005ecc                tusb_rhport_init
 .text.tu_edpt_claim
                0x10005f14       0x50 CMakeFiles/02-echo.dir/C_/Users/user/Desktop/pico/pico-sdk/lib/tinyusb/src/tusb.c.obj
                0x10005f14                tu_edpt_claim
 .text.tu_edpt_release
                0x10005f64       0x38 CMakeFiles/02-echo.dir/C_/Users/user/Desktop/pico/pico-sdk/lib/tinyusb/src/tusb.c.obj
                0x10005f64                tu_edpt_release
 .text.tu_edpt_validate
                0x10005f9c       0x78 CMakeFiles/02-echo.dir/C_/Users/user/Desktop/pico/pico-sdk/lib/tinyusb/src/tusb.c.obj
                0x10005f9c                tu_edpt_validate
 .text.tu_edpt_bind_driver
                0x10006014       0x34 CMakeFiles/02-echo.dir/C_/Users/user/Desktop/pico/pico-sdk/lib/tinyusb/src/tusb.c.obj
                0x10006014                tu_edpt_bind_driver
 .text.tu_edpt_stream_init
                0x10006048       0x6c CMakeFiles/02-echo.dir/C_/Users/user/Desktop/pico/pico-sdk/lib/tinyusb/src/tusb.c.obj
                0x10006048                tu_edpt_stream_init
 .text.tu_edpt_stream_deinit
                0x100060b4        0x4 CMakeFiles/02-echo.dir/C_/Users/user/Desktop/pico/pico-sdk/lib/tinyusb/src/tusb.c.obj
                0x100060b4                tu_edpt_stream_deinit
 .text.tu_edpt_stream_write_zlp_if_needed
                0x100060b8       0x58 CMakeFiles/02-echo.dir/C_/Users/user/Desktop/pico/pico-sdk/lib/tinyusb/src/tusb.c.obj
                0x100060b8                tu_edpt_stream_write_zlp_if_needed
 .text.tu_edpt_stream_write_xfer
                0x10006110       0x64 CMakeFiles/02-echo.dir/C_/Users/user/Desktop/pico/pico-sdk/lib/tinyusb/src/tusb.c.obj
                0x10006110                tu_edpt_stream_write_xfer
 .text.tu_edpt_stream_read_xfer
                0x10006174       0xdc CMakeFiles/02-echo.dir/C_/Users/user/Desktop/pico/pico-sdk/lib/tinyusb/src/tusb.c.obj
                0x10006174                tu_edpt_stream_read_xfer
 .text.tu_fifo_config
                0x10006250       0x70 CMakeFiles/02-echo.dir/C_/Users/user/Desktop/pico/pico-sdk/lib/tinyusb/src/common/tusb_fifo.c.obj
                0x10006250                tu_fifo_config
 .text.tu_fifo_count
                0x100062c0       0x2c CMakeFiles/02-echo.dir/C_/Users/user/Desktop/pico/pico-sdk/lib/tinyusb/src/common/tusb_fifo.c.obj
                0x100062c0                tu_fifo_count
 .text.tu_fifo_empty
                0x100062ec       0x10 CMakeFiles/02-echo.dir/C_/Users/user/Desktop/pico/pico-sdk/lib/tinyusb/src/common/tusb_fifo.c.obj
                0x100062ec                tu_fifo_empty
 .text.tu_fifo_remaining
                0x100062fc       0x2c CMakeFiles/02-echo.dir/C_/Users/user/Desktop/pico/pico-sdk/lib/tinyusb/src/common/tusb_fifo.c.obj
                0x100062fc                tu_fifo_remaining
 .text.tu_fifo_read
                0x10006328       0xa0 CMakeFiles/02-echo.dir/C_/Users/user/Desktop/pico/pico-sdk/lib/tinyusb/src/common/tusb_fifo.c.obj
                0x10006328                tu_fifo_read
 .text.tu_fifo_read_n
                0x100063c8       0xec CMakeFiles/02-echo.dir/C_/Users/user/Desktop/pico/pico-sdk/lib/tinyusb/src/common/tusb_fifo.c.obj
                0x100063c8                tu_fifo_read_n
 .text.tu_fifo_write
                0x100064b4       0x88 CMakeFiles/02-echo.dir/C_/Users/user/Desktop/pico/pico-sdk/lib/tinyusb/src/common/tusb_fifo.c.obj
                0x100064b4                tu_fifo_write
 .text.tu_fifo_write_n
                0x1000653c      0x168 CMakeFiles/02-echo.dir/C_/Users/user/Desktop/pico/pico-sdk/lib/tinyusb/src/common/tusb_fifo.c.obj
                0x1000653c                tu_fifo_write_n
 .text.tu_fifo_clear
                0x100066a4       0x40 CMakeFiles/02-echo.dir/C_/Users/user/Desktop/pico/pico-sdk/lib/tinyusb/src/common/tusb_fifo.c.obj
                0x100066a4                tu_fifo_clear
 .text.tu_fifo_set_overwritable
                0x100066e4       0x48 CMakeFiles/02-echo.dir/C_/Users/user/Desktop/pico/pico-sdk/lib/tinyusb/src/common/tusb_fifo.c.obj
                0x100066e4                tu_fifo_set_overwritable
 .text.strlen   0x1000672c       0x5c c:/program files (x86)/gnu arm embedded toolchain/10 2021.10/bin/../lib/gcc/arm-none-eabi/10.3.1/../../../../arm-none-eabi/lib/thumb/v6-m/nofp\libg.a(lib_a-strlen-stub.o)
                0x1000672c                strlen
 *(.fini)
 .fini          0x10006788        0x4 c:/program files (x86)/gnu arm embedded toolchain/10 2021.10/bin/../lib/gcc/arm-none-eabi/10.3.1/thumb/v6-m/nofp/crti.o
                0x10006788                _fini
 *fill*         0x1000678c        0x4 
 .fini.__stub   0x10006790       0xd0 linker stubs
 *crtbegin.o(.ctors)
 *crtbegin?.o(.ctors)
 *(EXCLUDE_FILE(*crtend.o *crtend?.o) .ctors)
 *(SORT_BY_NAME(.ctors.*))
 *(.ctors)
 *crtbegin.o(.dtors)
 *crtbegin?.o(.dtors)
 *(EXCLUDE_FILE(*crtend.o *crtend?.o) .dtors)
 *(SORT_BY_NAME(.dtors.*))
 *(.dtors)
                0x10006860                . = ALIGN (0x4)
                0x10006860                PROVIDE (__preinit_array_start = .)
 *(SORT_BY_NAME(.preinit_array.*))
 .preinit_array.00100
                0x10006860        0x4 CMakeFiles/02-echo.dir/C_/Users/user/Desktop/pico/pico-sdk/src/rp2_common/pico_runtime_init/runtime_init.c.obj
                0x10006860                __pre_init_runtime_init_early_resets
 .preinit_array.00101
                0x10006864        0x4 CMakeFiles/02-echo.dir/C_/Users/user/Desktop/pico/pico-sdk/src/rp2_common/pico_runtime_init/runtime_init.c.obj
                0x10006864                __pre_init_runtime_init_usb_power_down
 .preinit_array.00275
                0x10006868        0x4 CMakeFiles/02-echo.dir/C_/Users/user/Desktop/pico/pico-sdk/src/rp2_common/pico_bit_ops/bit_ops_aeabi.S.obj
 .preinit_array.00300
                0x1000686c        0x4 CMakeFiles/02-echo.dir/C_/Users/user/Desktop/pico/pico-sdk/src/rp2_common/pico_mem_ops/mem_ops_aeabi.S.obj
 .preinit_array.00350
                0x10006870        0x4 CMakeFiles/02-echo.dir/C_/Users/user/Desktop/pico/pico-sdk/src/rp2_common/pico_double/double_aeabi_rp2040.S.obj
 .preinit_array.00350
                0x10006874        0x4 CMakeFiles/02-echo.dir/C_/Users/user/Desktop/pico/pico-sdk/src/rp2_common/pico_float/float_aeabi_rp2040.S.obj
 .preinit_array.00500
                0x10006878        0x4 CMakeFiles/02-echo.dir/C_/Users/user/Desktop/pico/pico-sdk/src/rp2_common/pico_runtime_init/runtime_init.c.obj
                0x10006878                __pre_init_runtime_init_clocks
 .preinit_array.00600
                0x1000687c        0x4 CMakeFiles/02-echo.dir/C_/Users/user/Desktop/pico/pico-sdk/src/rp2_common/pico_runtime_init/runtime_init.c.obj
                0x1000687c                __pre_init_runtime_init_post_clock_resets
 .preinit_array.00700
                0x10006880        0x4 CMakeFiles/02-echo.dir/C_/Users/user/Desktop/pico/pico-sdk/src/rp2_common/pico_runtime_init/runtime_init.c.obj
                0x10006880                __pre_init_runtime_init_rp2040_gpio_ie_disable
 .preinit_array.01000
                0x10006884        0x4 CMakeFiles/02-echo.dir/C_/Users/user/Desktop/pico/pico-sdk/src/rp2_common/pico_runtime_init/runtime_init.c.obj
                0x10006884                __pre_init_runtime_init_spin_locks_reset
 .preinit_array.01100
                0x10006888        0x4 CMakeFiles/02-echo.dir/C_/Users/user/Desktop/pico/pico-sdk/src/common/pico_sync/mutex.c.obj
                0x10006888                __pre_init_runtime_init_mutex
 .preinit_array.10080
                0x1000688c        0x4 CMakeFiles/02-echo.dir/C_/Users/user/Desktop/pico/pico-sdk/src/rp2_common/pico_runtime_init/runtime_init.c.obj
                0x1000688c                __pre_init_runtime_init_install_ram_vector_table
 .preinit_array.11000
                0x10006890        0x4 CMakeFiles/02-echo.dir/C_/Users/user/Desktop/pico/pico-sdk/src/common/pico_time/time.c.obj
                0x10006890                __pre_init_runtime_init_default_alarm_pool
 .preinit_array.YYYYY
                0x10006894        0x4 CMakeFiles/02-echo.dir/C_/Users/user/Desktop/pico/pico-sdk/src/rp2_common/pico_runtime/runtime.c.obj
                0x10006894                __pre_init_first_per_core_initializer
 .preinit_array.ZZZZZ.01200
                0x10006898        0x4 CMakeFiles/02-echo.dir/C_/Users/user/Desktop/pico/pico-sdk/src/rp2_common/hardware_irq/irq.c.obj
                0x10006898                __pre_init_runtime_init_per_core_irq_priorities
 *(.preinit_array)
                0x1000689c                PROVIDE (__preinit_array_end = .)
                0x1000689c                . = ALIGN (0x4)
                0x1000689c                PROVIDE (__init_array_start = .)
 *(SORT_BY_NAME(.init_array.*))
 .init_array.01000
                0x1000689c        0x4 CMakeFiles/02-echo.dir/C_/Users/user/Desktop/pico/pico-sdk/src/rp2_common/pico_unique_id/unique_id.c.obj
 *(.init_array)
 .init_array    0x100068a0        0x4 c:/program files (x86)/gnu arm embedded toolchain/10 2021.10/bin/../lib/gcc/arm-none-eabi/10.3.1/thumb/v6-m/nofp/crtbegin.o
                0x100068a4                PROVIDE (__init_array_end = .)
                0x100068a4                . = ALIGN (0x4)
                [!provide]                PROVIDE (__fini_array_start = .)
 *(SORT_BY_NAME(.fini_array.*))
 *(.fini_array)
                [!provide]                PROVIDE (__fini_array_end = .)
 *(.eh_frame*)
 .eh_frame      0x100068a4        0x0 c:/program files (x86)/gnu arm embedded toolchain/10 2021.10/bin/../lib/gcc/arm-none-eabi/10.3.1/thumb/v6-m/nofp/crtbegin.o
                0x100068a4                . = ALIGN (0x4)

.glue_7         0x100068a4        0x0
 .glue_7        0x100068a4        0x0 linker stubs

.glue_7t        0x100068a4        0x0
 .glue_7t       0x100068a4        0x0 linker stubs

.vfp11_veneer   0x100068a4        0x0
 .vfp11_veneer  0x100068a4        0x0 linker stubs

.v4_bx          0x100068a4        0x0
 .v4_bx         0x100068a4        0x0 linker stubs

.iplt           0x100068a4        0x0
 .iplt          0x100068a4        0x0 c:/program files (x86)/gnu arm embedded toolchain/10 2021.10/bin/../lib/gcc/arm-none-eabi/10.3.1/thumb/v6-m/nofp/crtbegin.o

.rodata         0x100068a8      0x6e0
 *(EXCLUDE_FILE(*libm.a: *libc.a:*lib_a-mem*.o *libgcc.a:) .rodata*)
 .rodata.main.str1.4
                0x100068a8       0x82 CMakeFiles/02-echo.dir/main.c.obj
 *fill*         0x1000692a        0x2 
 .rodata.panic.str1.4
                0x1000692c       0x10 CMakeFiles/02-echo.dir/C_/Users/user/Desktop/pico/pico-sdk/src/rp2_common/pico_platform_panic/panic.c.obj
                                 0x12 (size before relaxing)
 .rodata.spin_lock_claim_unused.str1.4
                0x1000693c       0x1b CMakeFiles/02-echo.dir/C_/Users/user/Desktop/pico/pico-sdk/src/rp2_common/hardware_sync/sync.c.obj
 *fill*         0x10006957        0x1 
 .rodata.user_irq_claim_unused.str1.4
                0x10006958       0x1b CMakeFiles/02-echo.dir/C_/Users/user/Desktop/pico/pico-sdk/src/rp2_common/hardware_irq/irq.c.obj
 *fill*         0x10006973        0x5 
 .rodata.at_the_end_of_time
                0x10006978        0x8 CMakeFiles/02-echo.dir/C_/Users/user/Desktop/pico/pico-sdk/src/common/pico_time/time.c.obj
                0x10006978                at_the_end_of_time
 .rodata.timer_hardware_alarm_claim.str1.4
                0x10006980       0x22 CMakeFiles/02-echo.dir/C_/Users/user/Desktop/pico/pico-sdk/src/rp2_common/hardware_timer/timer.c.obj
 *fill*         0x100069a2        0x2 
 .rodata.hard_assertion_failure.str1.4
                0x100069a4        0xc CMakeFiles/02-echo.dir/C_/Users/user/Desktop/pico/pico-sdk/src/rp2_common/pico_runtime/runtime.c.obj
 .rodata.str1.4
                0x100069b0       0x3c CMakeFiles/02-echo.dir/C_/Users/user/Desktop/pico/pico-sdk/src/rp2_common/pico_standard_binary_info/standard_binary_info.c.obj
 .rodata.__bi_26
                0x100069ec        0xc CMakeFiles/02-echo.dir/C_/Users/user/Desktop/pico/pico-sdk/src/rp2_common/pico_standard_binary_info/standard_binary_info.c.obj
 .rodata.__bi_34
                0x100069f8        0xc CMakeFiles/02-echo.dir/C_/Users/user/Desktop/pico/pico-sdk/src/rp2_common/pico_standard_binary_info/standard_binary_info.c.obj
 .rodata.__bi_42
                0x10006a04        0xc CMakeFiles/02-echo.dir/C_/Users/user/Desktop/pico/pico-sdk/src/rp2_common/pico_standard_binary_info/standard_binary_info.c.obj
 .rodata.__bi_48
                0x10006a10        0xc CMakeFiles/02-echo.dir/C_/Users/user/Desktop/pico/pico-sdk/src/rp2_common/pico_standard_binary_info/standard_binary_info.c.obj
 .rodata.__bi_54
                0x10006a1c        0xc CMakeFiles/02-echo.dir/C_/Users/user/Desktop/pico/pico-sdk/src/rp2_common/pico_standard_binary_info/standard_binary_info.c.obj
 .rodata.__bi_78
                0x10006a28        0xc CMakeFiles/02-echo.dir/C_/Users/user/Desktop/pico/pico-sdk/src/rp2_common/pico_standard_binary_info/standard_binary_info.c.obj
 .rodata.__bi_84
                0x10006a34        0xc CMakeFiles/02-echo.dir/C_/Users/user/Desktop/pico/pico-sdk/src/rp2_common/pico_standard_binary_info/standard_binary_info.c.obj
 .rodata._ftoa.str1.4
                0x10006a40       0x15 CMakeFiles/02-echo.dir/C_/Users/user/Desktop/pico/pico-sdk/src/rp2_common/pico_printf/printf.c.obj
 *fill*         0x10006a55        0x3 
 .rodata._vsnprintf
                0x10006a58      0x1e0 CMakeFiles/02-echo.dir/C_/Users/user/Desktop/pico/pico-sdk/src/rp2_common/pico_printf/printf.c.obj
 .rodata.pow10.0
                0x10006c38       0x50 CMakeFiles/02-echo.dir/C_/Users/user/Desktop/pico/pico-sdk/src/rp2_common/pico_printf/printf.c.obj
 .rodata.crlf_str.0
                0x10006c88        0x2 CMakeFiles/02-echo.dir/C_/Users/user/Desktop/pico/pico-sdk/src/rp2_common/pico_stdio/stdio.c.obj
 *fill*         0x10006c8a        0x2 
 .rodata._resetd_driver
                0x10006c8c       0x20 CMakeFiles/02-echo.dir/C_/Users/user/Desktop/pico/pico-sdk/src/rp2_common/pico_stdio_usb/reset_interface.c.obj
 .rodata.desc_bos
                0x10006cac       0x21 CMakeFiles/02-echo.dir/C_/Users/user/Desktop/pico/pico-sdk/src/rp2_common/pico_stdio_usb/reset_interface.c.obj
                0x10006cac                desc_bos
 *fill*         0x10006ccd        0x3 
 .rodata.desc_ms_os_20
                0x10006cd0       0xa6 CMakeFiles/02-echo.dir/C_/Users/user/Desktop/pico/pico-sdk/src/rp2_common/pico_stdio_usb/reset_interface.c.obj
 *fill*         0x10006d76        0x2 
 .rodata.str1.4
                0x10006d78       0x13 CMakeFiles/02-echo.dir/C_/Users/user/Desktop/pico/pico-sdk/src/rp2_common/pico_stdio_usb/stdio_usb.c.obj
 *fill*         0x10006d8b        0x1 
 .rodata.__bi_202.0
                0x10006d8c        0xc CMakeFiles/02-echo.dir/C_/Users/user/Desktop/pico/pico-sdk/src/rp2_common/pico_stdio_usb/stdio_usb.c.obj
 .rodata.str1.4
                0x10006d98       0x2a CMakeFiles/02-echo.dir/C_/Users/user/Desktop/pico/pico-sdk/src/rp2_common/pico_stdio_usb/stdio_usb_descriptors.c.obj
 *fill*         0x10006dc2        0x2 
 .rodata.usbd_desc_cfg
                0x10006dc4       0x54 CMakeFiles/02-echo.dir/C_/Users/user/Desktop/pico/pico-sdk/src/rp2_common/pico_stdio_usb/stdio_usb_descriptors.c.obj
 .rodata.usbd_desc_device
                0x10006e18       0x12 CMakeFiles/02-echo.dir/C_/Users/user/Desktop/pico/pico-sdk/src/rp2_common/pico_stdio_usb/stdio_usb_descriptors.c.obj
 *fill*         0x10006e2a        0x2 
 .rodata.usbd_desc_str
                0x10006e2c       0x18 CMakeFiles/02-echo.dir/C_/Users/user/Desktop/pico/pico-sdk/src/rp2_common/pico_stdio_usb/stdio_usb_descriptors.c.obj
 .rodata.str1.4
                0x10006e44       0x14 CMakeFiles/02-echo.dir/C_/Users/user/Desktop/pico/pico-sdk/lib/tinyusb/src/portable/raspberrypi/rp2040/dcd_rp2040.c.obj
 .rodata.str1.4
                0x10006e58       0x48 CMakeFiles/02-echo.dir/C_/Users/user/Desktop/pico/pico-sdk/lib/tinyusb/src/portable/raspberrypi/rp2040/rp2040_usb.c.obj
 .rodata.tud_task_ext
                0x10006ea0       0x8c CMakeFiles/02-echo.dir/C_/Users/user/Desktop/pico/pico-sdk/lib/tinyusb/src/device/usbd.c.obj
 .rodata        0x10006f2c       0x1c CMakeFiles/02-echo.dir/C_/Users/user/Desktop/pico/pico-sdk/lib/tinyusb/src/device/usbd.c.obj
 .rodata._usbd_driver
                0x10006f48       0x40 CMakeFiles/02-echo.dir/C_/Users/user/Desktop/pico/pico-sdk/lib/tinyusb/src/device/usbd.c.obj
                0x10006f88                . = ALIGN (0x4)
 *(SORT_BY_ALIGNMENT(SORT_BY_NAME(.flashdata*)))
                0x10006f88                . = ALIGN (0x4)

.ARM.extab
 *(.ARM.extab* .gnu.linkonce.armextab.*)
                0x10006f88                __exidx_start = .

.ARM.exidx
 *(.ARM.exidx* .gnu.linkonce.armexidx.*)
                0x10006f88                __exidx_end = .
                0x10006f88                . = ALIGN (0x4)
                0x10006f88                __binary_info_start = .

.binary_info    0x10006f88       0x20
 *(.binary_info.keep.*)
 .binary_info.keep.__bi_ptr26
                0x10006f88        0x4 CMakeFiles/02-echo.dir/C_/Users/user/Desktop/pico/pico-sdk/src/rp2_common/pico_standard_binary_info/standard_binary_info.c.obj
 .binary_info.keep.__bi_ptr34
                0x10006f8c        0x4 CMakeFiles/02-echo.dir/C_/Users/user/Desktop/pico/pico-sdk/src/rp2_common/pico_standard_binary_info/standard_binary_info.c.obj
 .binary_info.keep.__bi_ptr42
                0x10006f90        0x4 CMakeFiles/02-echo.dir/C_/Users/user/Desktop/pico/pico-sdk/src/rp2_common/pico_standard_binary_info/standard_binary_info.c.obj
 .binary_info.keep.__bi_ptr48
                0x10006f94        0x4 CMakeFiles/02-echo.dir/C_/Users/user/Desktop/pico/pico-sdk/src/rp2_common/pico_standard_binary_info/standard_binary_info.c.obj
 .binary_info.keep.__bi_ptr54
                0x10006f98        0x4 CMakeFiles/02-echo.dir/C_/Users/user/Desktop/pico/pico-sdk/src/rp2_common/pico_standard_binary_info/standard_binary_info.c.obj
 .binary_info.keep.__bi_ptr78
                0x10006f9c        0x4 CMakeFiles/02-echo.dir/C_/Users/user/Desktop/pico/pico-sdk/src/rp2_common/pico_standard_binary_info/standard_binary_info.c.obj
 .binary_info.keep.__bi_ptr84
                0x10006fa0        0x4 CMakeFiles/02-echo.dir/C_/Users/user/Desktop/pico/pico-sdk/src/rp2_common/pico_standard_binary_info/standard_binary_info.c.obj
 *(.binary_info.*)
 .binary_info.__bi_ptr202
                0x10006fa4        0x4 CMakeFiles/02-echo.dir/C_/Users/user/Desktop/pico/pico-sdk/src/rp2_common/pico_stdio_usb/stdio_usb.c.obj
                0x10006fa8                __binary_info_end = .
                0x10006fa8                . = ALIGN (0x4)

.ram_vector_table
                0x20000000       0xc0
 *(.ram_vector_table)
 .ram_vector_table
                0x20000000       0xc0 CMakeFiles/02-echo.dir/C_/Users/user/Desktop/pico/pico-sdk/src/rp2_common/pico_runtime_init/runtime_init.c.obj
                0x20000000                ram_vector_table

.uninitialized_data
                0x200000c0        0x0
                0x200000c0                . = ALIGN (0x4)
 *(.uninitialized_data*)

.data           0x200000c0     0x1030 load address 0x10006fa8
                0x200000c0                __data_start__ = .
 *(vtable)
 *(.time_critical*)
 .time_critical.mutex_try_enter
                0x200000c0       0x44 CMakeFiles/02-echo.dir/C_/Users/user/Desktop/pico/pico-sdk/src/common/pico_sync/mutex.c.obj
                0x200000c0                mutex_try_enter
 .time_critical.mutex_try_enter_block_until
                0x20000104       0x9c CMakeFiles/02-echo.dir/C_/Users/user/Desktop/pico/pico-sdk/src/common/pico_sync/mutex.c.obj
                0x20000104                mutex_try_enter_block_until
 .time_critical.mutex_enter_timeout_ms
                0x200001a0       0x90 CMakeFiles/02-echo.dir/C_/Users/user/Desktop/pico/pico-sdk/src/common/pico_sync/mutex.c.obj
                0x200001a0                mutex_enter_timeout_ms
 .time_critical.mutex_exit
                0x20000230       0x28 CMakeFiles/02-echo.dir/C_/Users/user/Desktop/pico/pico-sdk/src/common/pico_sync/mutex.c.obj
                0x20000230                mutex_exit
 .time_critical.flash_init_boot2_copyout
                0x20000258       0x30 CMakeFiles/02-echo.dir/C_/Users/user/Desktop/pico/pico-sdk/src/rp2_common/hardware_flash/flash.c.obj
 .time_critical.flash_enable_xip_via_boot2
                0x20000288       0x10 CMakeFiles/02-echo.dir/C_/Users/user/Desktop/pico/pico-sdk/src/rp2_common/hardware_flash/flash.c.obj
 .time_critical.flash_save_hardware_state
                0x20000298       0x28 CMakeFiles/02-echo.dir/C_/Users/user/Desktop/pico/pico-sdk/src/rp2_common/hardware_flash/flash.c.obj
 .time_critical.flash_restore_hardware_state
                0x200002c0       0x28 CMakeFiles/02-echo.dir/C_/Users/user/Desktop/pico/pico-sdk/src/rp2_common/hardware_flash/flash.c.obj
 .time_critical.flash_cs_force
                0x200002e8       0x38 CMakeFiles/02-echo.dir/C_/Users/user/Desktop/pico/pico-sdk/src/rp2_common/hardware_flash/flash.c.obj
 .time_critical.flash_do_cmd
                0x20000320       0xd4 CMakeFiles/02-echo.dir/C_/Users/user/Desktop/pico/pico-sdk/src/rp2_common/hardware_flash/flash.c.obj
                0x20000320                flash_do_cmd
 .time_critical.reset_non_control_endpoints
                0x200003f4       0xbc CMakeFiles/02-echo.dir/C_/Users/user/Desktop/pico/pico-sdk/lib/tinyusb/src/portable/raspberrypi/rp2040/dcd_rp2040.c.obj
 .time_critical.hw_handle_buff_status
                0x200004b0       0x98 CMakeFiles/02-echo.dir/C_/Users/user/Desktop/pico/pico-sdk/lib/tinyusb/src/portable/raspberrypi/rp2040/dcd_rp2040.c.obj
 .time_critical.dcd_rp2040_irq
                0x20000548      0x530 CMakeFiles/02-echo.dir/C_/Users/user/Desktop/pico/pico-sdk/lib/tinyusb/src/portable/raspberrypi/rp2040/dcd_rp2040.c.obj
 .time_critical.prepare_ep_buffer
                0x20000a78       0xf4 CMakeFiles/02-echo.dir/C_/Users/user/Desktop/pico/pico-sdk/lib/tinyusb/src/portable/raspberrypi/rp2040/rp2040_usb.c.obj
 .time_critical.sync_ep_buffer
                0x20000b6c       0xb4 CMakeFiles/02-echo.dir/C_/Users/user/Desktop/pico/pico-sdk/lib/tinyusb/src/portable/raspberrypi/rp2040/rp2040_usb.c.obj
 .time_critical._hw_endpoint_xfer_sync
                0x20000c20       0x28 CMakeFiles/02-echo.dir/C_/Users/user/Desktop/pico/pico-sdk/lib/tinyusb/src/portable/raspberrypi/rp2040/rp2040_usb.c.obj
 .time_critical.e15_is_bulkin_ep
                0x20000c48       0x28 CMakeFiles/02-echo.dir/C_/Users/user/Desktop/pico/pico-sdk/lib/tinyusb/src/portable/raspberrypi/rp2040/rp2040_usb.c.obj
 .time_critical.e15_is_critical_frame_period
                0x20000c70       0x34 CMakeFiles/02-echo.dir/C_/Users/user/Desktop/pico/pico-sdk/lib/tinyusb/src/portable/raspberrypi/rp2040/rp2040_usb.c.obj
 .time_critical.hw_endpoint_reset_transfer
                0x20000ca4        0xc CMakeFiles/02-echo.dir/C_/Users/user/Desktop/pico/pico-sdk/lib/tinyusb/src/portable/raspberrypi/rp2040/rp2040_usb.c.obj
                0x20000ca4                hw_endpoint_reset_transfer
 .time_critical._hw_endpoint_buffer_control_update32
                0x20000cb0       0x50 CMakeFiles/02-echo.dir/C_/Users/user/Desktop/pico/pico-sdk/lib/tinyusb/src/portable/raspberrypi/rp2040/rp2040_usb.c.obj
                0x20000cb0                _hw_endpoint_buffer_control_update32
 .time_critical.hw_endpoint_start_next_buffer
                0x20000d00       0x6c CMakeFiles/02-echo.dir/C_/Users/user/Desktop/pico/pico-sdk/lib/tinyusb/src/portable/raspberrypi/rp2040/rp2040_usb.c.obj
                0x20000d00                hw_endpoint_start_next_buffer
 .time_critical.hw_endpoint_xfer_continue
                0x20000d6c       0x40 CMakeFiles/02-echo.dir/C_/Users/user/Desktop/pico/pico-sdk/lib/tinyusb/src/portable/raspberrypi/rp2040/rp2040_usb.c.obj
                0x20000d6c                hw_endpoint_xfer_continue
 .time_critical.tinyusb
                0x20000dac      0x1f0 CMakeFiles/02-echo.dir/C_/Users/user/Desktop/pico/pico-sdk/lib/tinyusb/src/device/usbd.c.obj
                0x20000dac                dcd_event_handler
 *(.text*)
 .text          0x20000f9c        0x4 c:/program files (x86)/gnu arm embedded toolchain/10 2021.10/bin/../lib/gcc/arm-none-eabi/10.3.1/thumb/v6-m/nofp\libgcc.a(_dvmd_tls.o)
                0x20000f9c                __aeabi_idiv0
                0x20000f9c                __aeabi_ldiv0
 .text.__stub   0x20000fa0       0x80 linker stubs
                0x20001020                . = ALIGN (0x4)
 *(.rodata*)
                0x20001020                . = ALIGN (0x4)
 *(.data*)
 .data.striped_spin_lock_num
                0x20001020        0x1 CMakeFiles/02-echo.dir/C_/Users/user/Desktop/pico/pico-sdk/src/rp2_common/hardware_sync/sync.c.obj
 *fill*         0x20001021        0x3 
 .data          0x20001024       0x48 CMakeFiles/02-echo.dir/C_/Users/user/Desktop/pico/pico-sdk/src/rp2_common/hardware_irq/irq_handler_chain.S.obj
                0x20001024                irq_handler_chain_slots
                0x20001054                irq_handler_chain_first_slot
                0x2000105e                irq_handler_chain_remove_tail
 .data.default_alarm_pool
                0x2000106c       0x18 CMakeFiles/02-echo.dir/C_/Users/user/Desktop/pico/pico-sdk/src/common/pico_time/time.c.obj
 *fill*         0x20001084        0xc 
 .data.aeabi_bits_funcs
                0x20001090       0x10 CMakeFiles/02-echo.dir/C_/Users/user/Desktop/pico/pico-sdk/src/rp2_common/pico_bit_ops/bit_ops_aeabi.S.obj
                0x20001090                aeabi_bits_funcs
                0x200010a0                aeabi_bits_funcs_end
 .data.aeabi_mem_funcs
                0x200010a0       0x10 CMakeFiles/02-echo.dir/C_/Users/user/Desktop/pico/pico-sdk/src/rp2_common/pico_mem_ops/mem_ops_aeabi.S.obj
                0x200010a0                aeabi_mem_funcs
                0x200010b0                aeabi_mem_funcs_end
 .data.stdio_usb
                0x200010b0       0x18 CMakeFiles/02-echo.dir/C_/Users/user/Desktop/pico/pico-sdk/src/rp2_common/pico_stdio_usb/stdio_usb.c.obj
                0x200010b0                stdio_usb
 .data._usbd_qdef
                0x200010c8       0x1c CMakeFiles/02-echo.dir/C_/Users/user/Desktop/pico/pico-sdk/lib/tinyusb/src/device/usbd.c.obj
                0x200010c8                _usbd_qdef
 .data._usbd_rhport
                0x200010e4        0x1 CMakeFiles/02-echo.dir/C_/Users/user/Desktop/pico/pico-sdk/lib/tinyusb/src/device/usbd.c.obj
                0x200010e8                . = ALIGN (0x4)
 *fill*         0x200010e5        0x3 
 *(.after_data.*)
                0x200010e8                . = ALIGN (0x4)
                0x200010e8                PROVIDE (__mutex_array_start = .)
 *(SORT_BY_NAME(.mutex_array.*))
 *(.mutex_array)
 .mutex_array   0x200010e8        0x8 CMakeFiles/02-echo.dir/C_/Users/user/Desktop/pico/pico-sdk/src/rp2_common/pico_stdio/stdio.c.obj
                0x200010f0                PROVIDE (__mutex_array_end = .)
                0x200010f0                . = ALIGN (0x4)
 *(.jcr)
                0x200010f0                . = ALIGN (0x4)

.igot.plt       0x200010f0        0x0 load address 0x10007fd8
 .igot.plt      0x200010f0        0x0 c:/program files (x86)/gnu arm embedded toolchain/10 2021.10/bin/../lib/gcc/arm-none-eabi/10.3.1/thumb/v6-m/nofp/crtbegin.o

.tdata          0x200010f0        0x0 load address 0x10007fd8
                0x200010f0                . = ALIGN (0x4)
 *(.tdata .tdata.* .gnu.linkonce.td.*)
                0x200010f0                __tdata_end = .
                0x200010f0                PROVIDE (__data_end__ = .)
                0x10006fa8                __etext = LOADADDR (.data)

.tbss           0x200010f0        0x0 load address 0x10007fd8
                0x200010f0                . = ALIGN (0x4)
                0x200010f0                __bss_start__ = .
                0x200010f0                __tls_base = .
 *(.tbss .tbss.* .gnu.linkonce.tb.*)
 *(.tcommon)
                0x200010f0                __tls_end = .

.bss            0x200010f0      0xf00 load address 0x10007fd8
                0x200010f0                . = ALIGN (0x4)
                0x200010f0                __tbss_end = .
 *(SORT_BY_ALIGNMENT(SORT_BY_NAME(.bss*)))
 .bss.default_alarm_pool_entries
                0x200010f0      0x180 CMakeFiles/02-echo.dir/C_/Users/user/Desktop/pico/pico-sdk/src/common/pico_time/time.c.obj
 .bss.last_avail_time.1
                0x20001270        0x8 CMakeFiles/02-echo.dir/C_/Users/user/Desktop/pico/pico-sdk/src/rp2_common/pico_stdio_usb/stdio_usb.c.obj
 .bss.sd_table  0x20001278      0x100 CMakeFiles/02-echo.dir/C_/Users/user/Desktop/pico/pico-sdk/src/rp2_common/pico_double/double_init_rom_rp2040.c.obj
                0x20001278                sd_table
 .bss.sf_table  0x20001378      0x100 CMakeFiles/02-echo.dir/C_/Users/user/Desktop/pico/pico-sdk/src/rp2_common/pico_float/float_init_rom_rp2040.c.obj
                0x20001378                sf_table
 .bss           0x20001478       0x1c c:/program files (x86)/gnu arm embedded toolchain/10 2021.10/bin/../lib/gcc/arm-none-eabi/10.3.1/thumb/v6-m/nofp/crtbegin.o
 .bss._app_driver
                0x20001494        0x4 CMakeFiles/02-echo.dir/C_/Users/user/Desktop/pico/pico-sdk/lib/tinyusb/src/device/usbd.c.obj
 .bss._cdcd_epbuf
                0x20001498       0x80 CMakeFiles/02-echo.dir/C_/Users/user/Desktop/pico/pico-sdk/lib/tinyusb/src/class/cdc/cdc_device.c.obj
 .bss._cdcd_fifo_cfg
                0x20001518        0x1 CMakeFiles/02-echo.dir/C_/Users/user/Desktop/pico/pico-sdk/lib/tinyusb/src/class/cdc/cdc_device.c.obj
 *fill*         0x20001519        0x3 
 .bss._cdcd_itf
                0x2000151c       0xc8 CMakeFiles/02-echo.dir/C_/Users/user/Desktop/pico/pico-sdk/lib/tinyusb/src/class/cdc/cdc_device.c.obj
 .bss._ctrl_epbuf
                0x200015e4       0x40 CMakeFiles/02-echo.dir/C_/Users/user/Desktop/pico/pico-sdk/lib/tinyusb/src/device/usbd_control.c.obj
 .bss._ctrl_xfer
                0x20001624       0x14 CMakeFiles/02-echo.dir/C_/Users/user/Desktop/pico/pico-sdk/lib/tinyusb/src/device/usbd_control.c.obj
 .bss._tusb_rhport_role
                0x20001638        0x2 CMakeFiles/02-echo.dir/C_/Users/user/Desktop/pico/pico-sdk/lib/tinyusb/src/tusb.c.obj
                0x20001638                _tusb_rhport_role
 *fill*         0x2000163a        0x2 
 .bss._ubsd_mutexdef
                0x2000163c        0x8 CMakeFiles/02-echo.dir/C_/Users/user/Desktop/pico/pico-sdk/lib/tinyusb/src/device/usbd.c.obj
 .bss._usbd_dev
                0x20001644       0x54 CMakeFiles/02-echo.dir/C_/Users/user/Desktop/pico/pico-sdk/lib/tinyusb/src/device/usbd.c.obj
 .bss._usbd_mutex
                0x20001698        0x4 CMakeFiles/02-echo.dir/C_/Users/user/Desktop/pico/pico-sdk/lib/tinyusb/src/device/usbd.c.obj
 .bss._usbd_q   0x2000169c        0x4 CMakeFiles/02-echo.dir/C_/Users/user/Desktop/pico/pico-sdk/lib/tinyusb/src/device/usbd.c.obj
 .bss._usbd_qdef_buf
                0x200016a0       0xc0 CMakeFiles/02-echo.dir/C_/Users/user/Desktop/pico/pico-sdk/lib/tinyusb/src/device/usbd.c.obj
                0x200016a0                _usbd_qdef_buf
 .bss._vendord_epbuf
                0x20001760       0x80 CMakeFiles/02-echo.dir/C_/Users/user/Desktop/pico/pico-sdk/lib/tinyusb/src/class/vendor/vendor_device.c.obj
 .bss._vendord_itf
                0x200017e0      0x24c CMakeFiles/02-echo.dir/C_/Users/user/Desktop/pico/pico-sdk/lib/tinyusb/src/class/vendor/vendor_device.c.obj
 .bss.boot2_copyout
                0x20001a2c      0x100 CMakeFiles/02-echo.dir/C_/Users/user/Desktop/pico/pico-sdk/src/rp2_common/hardware_flash/flash.c.obj
 .bss.chars_available_callback
                0x20001b2c        0x4 CMakeFiles/02-echo.dir/C_/Users/user/Desktop/pico/pico-sdk/src/rp2_common/pico_stdio_usb/stdio_usb.c.obj
 .bss.chars_available_param
                0x20001b30        0x4 CMakeFiles/02-echo.dir/C_/Users/user/Desktop/pico/pico-sdk/src/rp2_common/pico_stdio_usb/stdio_usb.c.obj
 .bss.claimed   0x20001b34        0x4 CMakeFiles/02-echo.dir/C_/Users/user/Desktop/pico/pico-sdk/src/rp2_common/hardware_sync/sync.c.obj
 .bss.claimed   0x20001b38        0x1 CMakeFiles/02-echo.dir/C_/Users/user/Desktop/pico/pico-sdk/src/rp2_common/hardware_timer/timer.c.obj
 *fill*         0x20001b39        0x3 
 .bss.configured_freq
                0x20001b3c       0x28 CMakeFiles/02-echo.dir/C_/Users/user/Desktop/pico/pico-sdk/src/rp2_common/hardware_clocks/clocks.c.obj
 .bss.desc_str.0
                0x20001b64       0x28 CMakeFiles/02-echo.dir/C_/Users/user/Desktop/pico/pico-sdk/src/rp2_common/pico_stdio_usb/stdio_usb_descriptors.c.obj
 .bss.drivers   0x20001b8c        0x4 CMakeFiles/02-echo.dir/C_/Users/user/Desktop/pico/pico-sdk/src/rp2_common/pico_stdio/stdio.c.obj
 .bss.e15_last_sof
                0x20001b90        0x4 CMakeFiles/02-echo.dir/C_/Users/user/Desktop/pico/pico-sdk/lib/tinyusb/src/portable/raspberrypi/rp2040/rp2040_usb.c.obj
                0x20001b90                e15_last_sof
 .bss.filter    0x20001b94        0x4 CMakeFiles/02-echo.dir/C_/Users/user/Desktop/pico/pico-sdk/src/rp2_common/pico_stdio/stdio.c.obj
 .bss.hw_endpoints
                0x20001b98      0x400 CMakeFiles/02-echo.dir/C_/Users/user/Desktop/pico/pico-sdk/lib/tinyusb/src/portable/raspberrypi/rp2040/dcd_rp2040.c.obj
 .bss.lazy_vsnprintf
                0x20001f98        0x4 CMakeFiles/02-echo.dir/C_/Users/user/Desktop/pico/pico-sdk/src/rp2_common/pico_printf/printf.c.obj
 .bss.load_value
                0x20001f9c        0x4 CMakeFiles/02-echo.dir/C_/Users/user/Desktop/pico/pico-sdk/src/rp2_common/hardware_watchdog/watchdog.c.obj
 .bss.next_buffer_ptr
                0x20001fa0        0x4 CMakeFiles/02-echo.dir/C_/Users/user/Desktop/pico/pico-sdk/lib/tinyusb/src/portable/raspberrypi/rp2040/dcd_rp2040.c.obj
 .bss.one_shot_timer_crit_sec
                0x20001fa4        0x8 CMakeFiles/02-echo.dir/C_/Users/user/Desktop/pico/pico-sdk/src/rp2_common/pico_stdio_usb/stdio_usb.c.obj
 .bss.pools     0x20001fac       0x10 CMakeFiles/02-echo.dir/C_/Users/user/Desktop/pico/pico-sdk/src/common/pico_time/time.c.obj
 .bss.retrieved_id
                0x20001fbc        0x8 CMakeFiles/02-echo.dir/C_/Users/user/Desktop/pico/pico-sdk/src/rp2_common/pico_unique_id/unique_id.c.obj
 .bss.sf_clz_func
                0x20001fc4        0x4 CMakeFiles/02-echo.dir/C_/Users/user/Desktop/pico/pico-sdk/src/rp2_common/pico_double/double_init_rom_rp2040.c.obj
                0x20001fc4                sf_clz_func
 .bss.sleep_notifier
                0x20001fc8        0x4 CMakeFiles/02-echo.dir/C_/Users/user/Desktop/pico/pico-sdk/src/common/pico_time/time.c.obj
 .bss.stdio_usb_mutex
                0x20001fcc        0x8 CMakeFiles/02-echo.dir/C_/Users/user/Desktop/pico/pico-sdk/src/rp2_common/pico_stdio_usb/stdio_usb.c.obj
 .bss.usbd_serial_str
                0x20001fd4       0x11 CMakeFiles/02-echo.dir/C_/Users/user/Desktop/pico/pico-sdk/src/rp2_common/pico_stdio_usb/stdio_usb_descriptors.c.obj
 .bss._app_driver_count
                0x20001fe5        0x1 CMakeFiles/02-echo.dir/C_/Users/user/Desktop/pico/pico-sdk/lib/tinyusb/src/device/usbd.c.obj
 .bss._sof_enable
                0x20001fe6        0x1 CMakeFiles/02-echo.dir/C_/Users/user/Desktop/pico/pico-sdk/lib/tinyusb/src/portable/raspberrypi/rp2040/dcd_rp2040.c.obj
 .bss._usbd_queued_setup
                0x20001fe7        0x1 CMakeFiles/02-echo.dir/C_/Users/user/Desktop/pico/pico-sdk/lib/tinyusb/src/device/usbd.c.obj
 .bss.boot2_copyout_valid
                0x20001fe8        0x1 CMakeFiles/02-echo.dir/C_/Users/user/Desktop/pico/pico-sdk/src/rp2_common/hardware_flash/flash.c.obj
 .bss.irq_handler_chain_free_slot_head
                0x20001fe9        0x1 CMakeFiles/02-echo.dir/C_/Users/user/Desktop/pico/pico-sdk/src/rp2_common/hardware_irq/irq.c.obj
 .bss.itf_num   0x20001fea        0x1 CMakeFiles/02-echo.dir/C_/Users/user/Desktop/pico/pico-sdk/src/rp2_common/pico_stdio_usb/reset_interface.c.obj
 .bss.low_priority_irq_num
                0x20001feb        0x1 CMakeFiles/02-echo.dir/C_/Users/user/Desktop/pico/pico-sdk/src/rp2_common/pico_stdio_usb/stdio_usb.c.obj
 .bss.one_shot_timer_pending
                0x20001fec        0x1 CMakeFiles/02-echo.dir/C_/Users/user/Desktop/pico/pico-sdk/src/rp2_common/pico_stdio_usb/stdio_usb.c.obj
 .bss.user_irq_claimed
                0x20001fed        0x1 CMakeFiles/02-echo.dir/C_/Users/user/Desktop/pico/pico-sdk/src/rp2_common/hardware_irq/irq.c.obj
 *(COMMON)
                0x20001ff0                . = ALIGN (0x4)
 *fill*         0x20001fee        0x2 
                0x20001ff0                __bss_end__ = .

.heap           0x20001ff0      0x800 load address 0x10007fd8
                0x20001ff0                __end__ = .
                0x20001ff0                end = __end__
 *(.heap*)
 .heap          0x20001ff0      0x800 CMakeFiles/02-echo.dir/C_/Users/user/Desktop/pico/pico-sdk/src/rp2_common/pico_crt0/crt0.S.obj
                0x20040000                __HeapLimit = (ORIGIN (RAM) + LENGTH (RAM))

.scratch_x      0x20040000        0x0 load address 0x10007fd8
                0x20040000                __scratch_x_start__ = .
 *(.scratch_x.*)
                0x20040000                . = ALIGN (0x4)
                0x20040000                __scratch_x_end__ = .
                0x10007fd8                __scratch_x_source__ = LOADADDR (.scratch_x)

.scratch_y      0x20041000        0x0 load address 0x10007fd8
                0x20041000                __scratch_y_start__ = .
 *(.scratch_y.*)
                0x20041000                . = ALIGN (0x4)
                0x20041000                __scratch_y_end__ = .
                0x10007fd8                __scratch_y_source__ = LOADADDR (.scratch_y)

.stack1_dummy   0x20040000        0x0
 *(.stack1*)

.stack_dummy    0x20041000      0x800
 *(.stack*)
 .stack         0x20041000      0x800 CMakeFiles/02-echo.dir/C_/Users/user/Desktop/pico/pico-sdk/src/rp2_common/pico_crt0/crt0.S.obj

.rel.dyn        0x20041800        0x0
 .rel.iplt      0x20041800        0x0 c:/program files (x86)/gnu arm embedded toolchain/10 2021.10/bin/../lib/gcc/arm-none-eabi/10.3.1/thumb/v6-m/nofp/crtbegin.o

.flash_end      0x10007fd8        0x0
 *(.embedded_end_block*)
                0x10007fd8                PROVIDE (__flash_binary_end = .)
                0x20040000                __StackLimit = (ORIGIN (RAM) + LENGTH (RAM))
                0x20041000                __StackOneTop = (ORIGIN (SCRATCH_X) + LENGTH (SCRATCH_X))
                0x20042000                __StackTop = (ORIGIN (SCRATCH_Y) + LENGTH (SCRATCH_Y))
                0x20041000                __StackOneBottom = (__StackOneTop - SIZEOF (.stack1_dummy))
                0x20041800                __StackBottom = (__StackTop - SIZEOF (.stack_dummy))
                0x20042000                PROVIDE (__stack = __StackTop)
                [!provide]                PROVIDE (__heap_start = __end__)
                [!provide]                PROVIDE (__heap_end = __HeapLimit)
                [!provide]                PROVIDE (__tls_align = MAX (ALIGNOF (.tdata), ALIGNOF (.tbss)))
                [!provide]                PROVIDE (__tls_size_align = (((__tls_size + __tls_align) - 0x1) & ~ ((__tls_align - 0x1))))
                [!provide]                PROVIDE (__arm32_tls_tcb_offset = MAX (0x8, __tls_align))
                [!provide]                PROVIDE (_end = __end__)
                [!provide]                PROVIDE (__llvm_libc_heap_limit = __HeapLimit)
                0x00000001                ASSERT ((__StackLimit >= __HeapLimit), region RAM overflowed)
                0x00000001                ASSERT (((__binary_info_header_end - __logical_binary_start) <= 0x100), Binary info must be in first 256 bytes of the binary)
LOAD CMakeFiles/02-echo.dir/main.c.obj
LOAD CMakeFiles/02-echo.dir/C_/Users/user/Desktop/pico/pico-sdk/src/rp2_common/pico_stdlib/stdlib.c.obj
LOAD CMakeFiles/02-echo.dir/C_/Users/user/Desktop/pico/pico-sdk/src/rp2_common/hardware_gpio/gpio.c.obj
LOAD CMakeFiles/02-echo.dir/C_/Users/user/Desktop/pico/pico-sdk/src/rp2040/pico_platform/platform.c.obj
LOAD CMakeFiles/02-echo.dir/C_/Users/user/Desktop/pico/pico-sdk/src/rp2_common/pico_platform_common/common.c.obj
LOAD CMakeFiles/02-echo.dir/C_/Users/user/Desktop/pico/pico-sdk/src/rp2_common/pico_platform_panic/panic.c.obj
LOAD CMakeFiles/02-echo.dir/C_/Users/user/Desktop/pico/pico-sdk/src/common/hardware_claim/claim.c.obj
LOAD CMakeFiles/02-echo.dir/C_/Users/user/Desktop/pico/pico-sdk/src/rp2_common/hardware_sync/sync.c.obj
LOAD CMakeFiles/02-echo.dir/C_/Users/user/Desktop/pico/pico-sdk/src/rp2_common/hardware_sync_spin_lock/sync_spin_lock.c.obj
LOAD CMakeFiles/02-echo.dir/C_/Users/user/Desktop/pico/pico-sdk/src/rp2_common/hardware_irq/irq.c.obj
LOAD CMakeFiles/02-echo.dir/C_/Users/user/Desktop/pico/pico-sdk/src/rp2_common/hardware_irq/irq_handler_chain.S.obj
LOAD CMakeFiles/02-echo.dir/C_/Users/user/Desktop/pico/pico-sdk/src/common/pico_sync/sem.c.obj
LOAD CMakeFiles/02-echo.dir/C_/Users/user/Desktop/pico/pico-sdk/src/common/pico_sync/lock_core.c.obj
LOAD CMakeFiles/02-echo.dir/C_/Users/user/Desktop/pico/pico-sdk/src/common/pico_sync/mutex.c.obj
LOAD CMakeFiles/02-echo.dir/C_/Users/user/Desktop/pico/pico-sdk/src/common/pico_sync/critical_section.c.obj
LOAD CMakeFiles/02-echo.dir/C_/Users/user/Desktop/pico/pico-sdk/src/common/pico_time/time.c.obj
LOAD CMakeFiles/02-echo.dir/C_/Users/user/Desktop/pico/pico-sdk/src/common/pico_time/timeout_helper.c.obj
LOAD CMakeFiles/02-echo.dir/C_/Users/user/Desktop/pico/pico-sdk/src/rp2_common/hardware_timer/timer.c.obj
LOAD CMakeFiles/02-echo.dir/C_/Users/user/Desktop/pico/pico-sdk/src/common/pico_util/datetime.c.obj
LOAD CMakeFiles/02-echo.dir/C_/Users/user/Desktop/pico/pico-sdk/src/common/pico_util/pheap.c.obj
LOAD CMakeFiles/02-echo.dir/C_/Users/user/Desktop/pico/pico-sdk/src/common/pico_util/queue.c.obj
LOAD CMakeFiles/02-echo.dir/C_/Users/user/Desktop/pico/pico-sdk/src/rp2_common/hardware_uart/uart.c.obj
LOAD CMakeFiles/02-echo.dir/C_/Users/user/Desktop/pico/pico-sdk/src/rp2_common/hardware_clocks/clocks.c.obj
LOAD CMakeFiles/02-echo.dir/C_/Users/user/Desktop/pico/pico-sdk/src/rp2_common/hardware_pll/pll.c.obj
LOAD CMakeFiles/02-echo.dir/C_/Users/user/Desktop/pico/pico-sdk/src/rp2_common/hardware_vreg/vreg.c.obj
LOAD CMakeFiles/02-echo.dir/C_/Users/user/Desktop/pico/pico-sdk/src/rp2_common/hardware_watchdog/watchdog.c.obj
LOAD CMakeFiles/02-echo.dir/C_/Users/user/Desktop/pico/pico-sdk/src/rp2_common/hardware_ticks/ticks.c.obj
LOAD CMakeFiles/02-echo.dir/C_/Users/user/Desktop/pico/pico-sdk/src/rp2_common/pico_bootrom/bootrom.c.obj
LOAD CMakeFiles/02-echo.dir/C_/Users/user/Desktop/pico/pico-sdk/src/rp2_common/pico_bootrom/bootrom_lock.c.obj
LOAD CMakeFiles/02-echo.dir/C_/Users/user/Desktop/pico/pico-sdk/src/rp2_common/hardware_boot_lock/boot_lock.c.obj
LOAD CMakeFiles/02-echo.dir/C_/Users/user/Desktop/pico/pico-sdk/src/rp2_common/pico_flash/flash.c.obj
LOAD CMakeFiles/02-echo.dir/C_/Users/user/Desktop/pico/pico-sdk/src/rp2_common/hardware_xosc/xosc.c.obj
LOAD CMakeFiles/02-echo.dir/C_/Users/user/Desktop/pico/pico-sdk/src/rp2_common/hardware_divider/divider.S.obj
LOAD CMakeFiles/02-echo.dir/C_/Users/user/Desktop/pico/pico-sdk/src/rp2_common/pico_runtime/runtime.c.obj
LOAD CMakeFiles/02-echo.dir/C_/Users/user/Desktop/pico/pico-sdk/src/rp2_common/pico_runtime_init/runtime_init.c.obj
LOAD CMakeFiles/02-echo.dir/C_/Users/user/Desktop/pico/pico-sdk/src/rp2_common/pico_runtime_init/runtime_init_clocks.c.obj
LOAD CMakeFiles/02-echo.dir/C_/Users/user/Desktop/pico/pico-sdk/src/rp2_common/pico_runtime_init/runtime_init_stack_guard.c.obj
LOAD CMakeFiles/02-echo.dir/C_/Users/user/Desktop/pico/pico-sdk/src/rp2_common/pico_bit_ops/bit_ops_aeabi.S.obj
LOAD CMakeFiles/02-echo.dir/C_/Users/user/Desktop/pico/pico-sdk/src/rp2_common/pico_divider/divider_hardware.S.obj
LOAD CMakeFiles/02-echo.dir/C_/Users/user/Desktop/pico/pico-sdk/src/rp2_common/pico_double/double_aeabi_rp2040.S.obj
LOAD CMakeFiles/02-echo.dir/C_/Users/user/Desktop/pico/pico-sdk/src/rp2_common/pico_double/double_init_rom_rp2040.c.obj
LOAD CMakeFiles/02-echo.dir/C_/Users/user/Desktop/pico/pico-sdk/src/rp2_common/pico_double/double_math.c.obj
LOAD CMakeFiles/02-echo.dir/C_/Users/user/Desktop/pico/pico-sdk/src/rp2_common/pico_double/double_v1_rom_shim_rp2040.S.obj
LOAD CMakeFiles/02-echo.dir/C_/Users/user/Desktop/pico/pico-sdk/src/rp2_common/pico_int64_ops/pico_int64_ops_aeabi.S.obj
LOAD CMakeFiles/02-echo.dir/C_/Users/user/Desktop/pico/pico-sdk/src/rp2_common/pico_float/float_aeabi_rp2040.S.obj
LOAD CMakeFiles/02-echo.dir/C_/Users/user/Desktop/pico/pico-sdk/src/rp2_common/pico_float/float_init_rom_rp2040.c.obj
LOAD CMakeFiles/02-echo.dir/C_/Users/user/Desktop/pico/pico-sdk/src/rp2_common/pico_float/float_math.c.obj
LOAD CMakeFiles/02-echo.dir/C_/Users/user/Desktop/pico/pico-sdk/src/rp2_common/pico_float/float_v1_rom_shim_rp2040.S.obj
LOAD CMakeFiles/02-echo.dir/C_/Users/user/Desktop/pico/pico-sdk/src/rp2_common/pico_malloc/malloc.c.obj
LOAD CMakeFiles/02-echo.dir/C_/Users/user/Desktop/pico/pico-sdk/src/rp2_common/pico_mem_ops/mem_ops_aeabi.S.obj
LOAD CMakeFiles/02-echo.dir/C_/Users/user/Desktop/pico/pico-sdk/src/rp2_common/pico_atomic/atomic.c.obj
LOAD CMakeFiles/02-echo.dir/C_/Users/user/Desktop/pico/pico-sdk/src/rp2_common/pico_cxx_options/new_delete.cpp.obj
LOAD CMakeFiles/02-echo.dir/C_/Users/user/Desktop/pico/pico-sdk/src/rp2_common/pico_standard_binary_info/standard_binary_info.c.obj
LOAD CMakeFiles/02-echo.dir/C_/Users/user/Desktop/pico/pico-sdk/src/rp2_common/pico_printf/printf.c.obj
LOAD CMakeFiles/02-echo.dir/C_/Users/user/Desktop/pico/pico-sdk/src/rp2_common/pico_crt0/crt0.S.obj
LOAD CMakeFiles/02-echo.dir/C_/Users/user/Desktop/pico/pico-sdk/src/rp2_common/pico_clib_interface/newlib_interface.c.obj
LOAD CMakeFiles/02-echo.dir/C_/Users/user/Desktop/pico/pico-sdk/src/rp2_common/pico_stdio/stdio.c.obj
LOAD CMakeFiles/02-echo.dir/C_/Users/user/Desktop/pico/pico-sdk/src/rp2_common/pico_stdio_usb/reset_interface.c.obj
LOAD CMakeFiles/02-echo.dir/C_/Users/user/Desktop/pico/pico-sdk/src/rp2_common/pico_stdio_usb/stdio_usb.c.obj
LOAD CMakeFiles/02-echo.dir/C_/Users/user/Desktop/pico/pico-sdk/src/rp2_common/pico_stdio_usb/stdio_usb_descriptors.c.obj